============================================================
检查依赖状态...
============================================================
  ✅ pandas
  ✅ numpy
  ✅ sqlalchemy
  ✅ psycopg2
  ✅ schedule
  ✅ tushare
  ✅ sklearn
  ✅ scipy
  ✅ deap
  ✅ requests
  ✅ coze_coding_dev_sdk
  ✅ pptx
  ✅ langchain_core

已安装: 13/13
✅ 日志系统初始化完成
   日志目录: /workspace/projects/workspace/logs/t01
[数据库配置] 使用 SQLITE 数据库
[数据库配置] 连接地址: sqlite:////workspace/projects/workspace/tasks/T01-a-stock-leader-selection/database/t01_stocks.db
✅ 监控模块初始化完成
============================================================
T01 T+1竞价选股任务启动 - 2026-04-22 09:28:04.295808
============================================================

============================================================
T01 龙头战法 - T+1竞价选股引擎
日期: 20260422
============================================================

   获取T日(20260421)选股结果...
   T日初选股票数: 10

📊 批量获取竞价数据...
   获取到 10/10 只股票的竞价数据

⭐ 竞价评分...
[双写] PostgreSQL 保存竞价数据失败: duplicate key value violates unique constraint "auction_data_pkey"
DETAIL:  Key (id)=(118) already exists.

[双写] PostgreSQL 保存竞价数据失败: duplicate key value violates unique constraint "auction_data_pkey"
DETAIL:  Key (id)=(119) already exists.

[双写] PostgreSQL 保存竞价数据失败: duplicate key value violates unique constraint "auction_data_pkey"
DETAIL:  Key (id)=(120) already exists.

[双写] PostgreSQL 保存竞价数据失败: duplicate key value violates unique constraint "auction_data_pkey"
DETAIL:  Key (id)=(121) already exists.

[双写] PostgreSQL 保存竞价数据失败: duplicate key value violates unique constraint "auction_data_pkey"
DETAIL:  Key (id)=(122) already exists.

[双写] PostgreSQL 保存竞价数据失败: duplicate key value violates unique constraint "auction_data_pkey"
DETAIL:  Key (id)=(123) already exists.

   ✅ 竞价数据已双写保存 (PG: 4 条, SQLite: 10 条)
      选中 0 只，过滤 5 只

⚠️ 竞价选股完成，无符合条件的股票（共评估 5 只）
⚠️ 无选股结果
