============================================================
检查依赖状态...
============================================================
  ✅ pandas
  ✅ numpy
  ✅ sqlalchemy
  ✅ psycopg2
  ✅ schedule
  ✅ tushare
  ✅ sklearn
  ✅ scipy
  ✅ deap
  ✅ requests
  ✅ coze_coding_dev_sdk
  ✅ pptx
  ✅ langchain_core

已安装: 13/13
✅ 日志系统初始化完成
   日志目录: /workspace/projects/workspace/logs/t01
[数据库配置] 使用 SQLite 数据库
[数据库配置] 数据库路径: /workspace/projects/workspace/tasks/T01-a-stock-leader-selection/database/t01_stocks.db
✅ 监控模块初始化完成
============================================================
T01 T+1竞价选股任务启动 - 2026-03-25 09:27:54.882999
============================================================

============================================================
T01 龙头战法 - T+1竞价选股引擎
日期: 20260325
============================================================

   获取T日(20260324)选股结果...
   T日初选股票数: 10

📊 批量获取竞价数据...
   获取到 10/10 只股票的竞价数据

⭐ 竞价评分...
   ✅ 竞价数据已保存到 SQLite (10 条)
      选中 3 只，过滤 4 只

✅ 竞价选股完成，共选出 3 只股票（评估 6 只，T日初选 10 只，保存 10 只完整数据）
✅ 飞书API消息发送成功 (interactive)
✅ 竞价选股完成，共选出 3 只股票
