[2026-04-23 18:33:55] [INFO] [t01.selection] 🚀 T01 选股系统调度器启动
[2026-04-23 18:33:55] [INFO] [t01.selection] ============================================================
[2026-04-23 18:33:55] [INFO] [t01.selection] 调度规则:
[2026-04-23 18:33:55] [INFO] [t01.selection]   - Unifuncs预热: 交易日 19:30
[2026-04-23 18:33:55] [INFO] [t01.selection]   - T日选股: 交易日 20:00
[2026-04-23 18:33:55] [INFO] [t01.selection]   - T01-Market-Review: 交易日 21:00
[2026-04-23 18:33:55] [INFO] [t01.selection]   - T01-Deps-Check: 交易日 09:00
[2026-04-23 18:33:55] [INFO] [t01.selection]   - T01-T1-Auction: 交易日 09:27
[2026-04-23 18:33:55] [INFO] [t01.selection]   - 结果跟踪: 交易日 15:45
[2026-04-23 18:33:55] [INFO] [t01.selection]   - 策略进化: 每周日 20:00
[2026-04-23 18:33:55] [INFO] [t01.selection] ============================================================
[2026-04-23 18:35:35] [INFO] [t01.selection] 🚀 T01 选股系统调度器启动
[2026-04-23 18:35:35] [INFO] [t01.selection] ============================================================
[2026-04-23 18:35:35] [INFO] [t01.selection] 调度规则:
[2026-04-23 18:35:35] [INFO] [t01.selection]   - Unifuncs预热: 交易日 19:30
[2026-04-23 18:35:35] [INFO] [t01.selection]   - T日选股: 交易日 20:00
[2026-04-23 18:35:35] [INFO] [t01.selection]   - T01-Market-Review: 交易日 21:00
[2026-04-23 18:35:35] [INFO] [t01.selection]   - T01-Deps-Check: 交易日 09:00
[2026-04-23 18:35:35] [INFO] [t01.selection]   - T01-T1-Auction: 交易日 09:27
[2026-04-23 18:35:35] [INFO] [t01.selection]   - 结果跟踪: 交易日 15:45
[2026-04-23 18:35:35] [INFO] [t01.selection]   - 策略进化: 每周日 20:00
[2026-04-23 18:35:35] [INFO] [t01.selection] ============================================================
