[2026-04-03 20:00:14] [INFO] [t01.task.t_day] ============================================================
[2026-04-03 20:00:14] [INFO] [t01.task.t_day] Cron任务启动: t-day
[2026-04-03 20:00:14] [INFO] [t01.task.t_day] ============================================================
[2026-04-03 20:00:14] [INFO] [t01.task.t_day] 🚀 执行 T日选股任务...
[2026-04-03 20:00:15] [INFO] [t01.task.t_day] ⏳ 等待Unifuncs预热任务完成...
[2026-04-03 20:00:17] [INFO] [t01.task.t_day] ℹ️ 今日无符合T日选股条件的股票
[2026-04-03 20:00:17] [INFO] [t01.task.t_day] 任务结束，状态: 成功
[2026-04-03 20:11:52] [INFO] [t01.task.t_day] ============================================================
[2026-04-03 20:11:52] [INFO] [t01.task.t_day] T01 T日选股任务启动 - 2026-04-03 20:11:52.012061
[2026-04-03 20:11:52] [INFO] [t01.task.t_day] ============================================================
[2026-04-03 20:13:13] [INFO] [t01.task.t_day] 📊 获取到热点板块: ['国企改革', '华为概念', '人工智能', '新能源汽车', '机器人概念']
[2026-04-03 20:13:14] [INFO] [t01.task.t_day] ✅ T日选股完成，共选出 10 只股票
[2026-04-03 20:35:06] [INFO] [t01.task.t_day] ============================================================
[2026-04-03 20:35:06] [INFO] [t01.task.t_day] T01 T日选股任务启动 - 2026-04-03 20:35:06.481091
[2026-04-03 20:35:06] [INFO] [t01.task.t_day] ============================================================
[2026-04-03 20:36:17] [INFO] [t01.task.t_day] 📊 获取到热点板块: ['国企改革', '华为概念', '人工智能', '新能源汽车', '机器人概念']
[2026-04-03 20:36:18] [INFO] [t01.task.t_day] ✅ T日选股完成，共选出 10 只股票
[2026-04-06 00:08:33] [INFO] [t01.task.t_day] ============================================================
[2026-04-06 00:08:33] [INFO] [t01.task.t_day] T01 T日选股任务启动 - 2026-04-06 00:08:33.771087
[2026-04-06 00:08:33] [INFO] [t01.task.t_day] ============================================================
[2026-04-06 00:08:34] [WARNING] [t01.task.t_day] ⚠️ 无选股结果
[2026-04-06 00:10:36] [INFO] [t01.task.t_day] ============================================================
[2026-04-06 00:10:36] [INFO] [t01.task.t_day] T01 T日选股任务启动 - 2026-04-06 00:10:36.434673
[2026-04-06 00:10:36] [INFO] [t01.task.t_day] ============================================================
[2026-04-06 00:10:36] [WARNING] [t01.task.t_day] ⚠️ 无选股结果
[2026-04-06 00:17:25] [INFO] [t01.task.t_day] ============================================================
[2026-04-06 00:17:25] [INFO] [t01.task.t_day] T01 T日选股任务启动 - 2026-04-06 00:17:25.403879
[2026-04-06 00:17:25] [INFO] [t01.task.t_day] ============================================================
[2026-04-06 00:17:25] [WARNING] [t01.task.t_day] ⚠️ 无选股结果
[2026-04-06 00:51:16] [INFO] [t01.task.t_day] ============================================================
[2026-04-06 00:51:16] [INFO] [t01.task.t_day] T01 T日选股任务启动 - 2026-04-06 00:51:16.833508
[2026-04-06 00:51:16] [INFO] [t01.task.t_day] ============================================================
[2026-04-06 00:51:17] [WARNING] [t01.task.t_day] ⚠️ 无选股结果
