[2026-03-27 16:10:21] [INFO] [t01.task.track] ============================================================
[2026-03-27 16:10:21] [INFO] [t01.task.track] T01 结果跟踪任务启动 - 2026-03-27 16:10:21.639791
[2026-03-27 16:10:21] [INFO] [t01.task.track] ============================================================
[2026-03-27 16:10:21] [INFO] [t01.task.track] 跟踪日期: T日=20260325, T+1日=20260326, T+2日=20260327
[2026-03-27 16:10:21] [INFO] [t01.task.track] 📊 获取到 3 只 T+1 竞价推荐股票:
[2026-03-27 16:10:21] [INFO] [t01.task.track]    1. 002902.SZ 铭普光磁 - 得分: 73.96
[2026-03-27 16:10:21] [INFO] [t01.task.track]    2. 002491.SZ 通鼎互联 - 得分: 73.27
[2026-03-27 16:10:21] [INFO] [t01.task.track]    3. 000722.SZ 湖南发展 - 得分: 71.31
[2026-03-27 16:10:21] [INFO] [t01.task.track] 📦 获取到 64 只股票的 T日因子评分
[2026-03-27 16:10:21] [INFO] [t01.task.track] 📦 获取到 10 只股票的 T+1 竞价数据
[2026-03-27 16:10:21] [INFO] [t01.task.track]    ❌ 002902.SZ 铭普光磁: 买入28.00 -> 卖出27.94, 收益-0.21%
[2026-03-27 16:10:21] [INFO] [t01.task.track]    ❌ 002491.SZ 通鼎互联: 买入11.61 -> 卖出11.22, 收益-3.36%
[2026-03-27 16:10:21] [INFO] [t01.task.track]    ❌ 000722.SZ 湖南发展: 买入17.78 -> 卖出16.96, 收益-4.61%
[2026-03-27 16:10:21] [INFO] [t01.task.track] ============================================================
[2026-03-27 16:10:21] [INFO] [t01.task.track] 📈 T+1 竞价选股 T+2 收益统计 (20260326)
[2026-03-27 16:10:21] [INFO] [t01.task.track] ============================================================
[2026-03-27 16:10:21] [INFO] [t01.task.track]    跟踪股票数: 3
[2026-03-27 16:10:21] [INFO] [t01.task.track]    盈利 (>3%): 0 只
[2026-03-27 16:10:21] [INFO] [t01.task.track]    胜率: 0.0%
[2026-03-27 16:10:21] [INFO] [t01.task.track]    平均收益率: -2.73%
[2026-03-27 16:10:21] [INFO] [t01.task.track] ============================================================
[2026-03-27 16:10:21] [INFO] [t01.task.track] ✅ 跟踪结果已保存到数据库
[2026-03-27 16:10:21] [INFO] [t01.task.track] ✅ 机器学习训练数据已保存 (3 条)
[2026-03-27 16:10:22] [INFO] [t01.task.track] ✅ 跟踪消息已发送
[2026-03-27 16:10:22] [INFO] [t01.task.track] ✅ 结果跟踪完成
