[2026-03-23 21:00:25] [INFO] [t01.task.market_review] ============================================================
[2026-03-23 21:00:25] [INFO] [t01.task.market_review] Cron任务启动: market-review
[2026-03-23 21:00:25] [INFO] [t01.task.market_review] ============================================================
[2026-03-23 21:00:25] [INFO] [t01.task.market_review] 🚀 执行市场复盘分析...
[2026-03-23 21:00:42] [INFO] [t01.task.market_review] ============================================================
T01 每日市场复盘分析
时间: 2026-03-23 21:00:25
============================================================
✅ 已加载 2 个 API Key: mkt_sE...7J8s, mkt_m3...Lmy8

🔍 步骤1: 获取大盘整体点评...
   ✅ 获取成功: 午后大消息，逼出A股“恐慌盘”！接下来要注意了！-股票-金融界...

🔍 步骤2: 分析热点行业板块...
   分析 电力板块...
   ✅ 电力板块: 🔥 高 (新闻15条)
   分析 新能源板块...
   ✅ 新能源板块: 🔥 高 (新闻15条)
   分析 半导体板块...
   ✅ 半导体板块: 🔥 高 (新闻15条)

🔍 步骤3: 分析热点概念板块...
   分析 商业航天概念...
   ✅ 商业航天概念: 🔥 高 (新闻15条)
   分析 人工智能概念...
   ✅ 人工智能概念: 🔥 高 (新闻15条)
   分析 数字经济概念...
   ✅ 数字经济概念: 🔥 高 (新闻15条)

🔍 步骤4: 生成投资建议...

✅ 报告已保存: /workspace/projects/workspace/logs/market_review_20260323.md
✅ 飞书API消息发送成功 (interactive)
✅ 飞书卡片消息已发送

============================================================
分析报告:
============================================================
📊 **T01每日市场复盘报告**

分析时间: 2026-03-23 21:00

==================================================

**📈 大盘综述**
午后大消息，逼出A股“恐慌盘”！接下来要注意了！A股三大指数今日集体下跌。截至收盘，上证指数跌3.
63%，深成指跌3.
76%，创业板指跌3.
49%，北证50指数跌5.
48%，沪深京三市成交额24481亿元，较上日放量1453亿元，三市近5200只个股下跌，平均股价大跌超过5%。
板块题材上，贵金属、旅游及酒店、PCB、美容护理、MicroLED、纺织制造、文化传媒、先进封装板块跌幅居前；煤炭开采加工、油气开采及服务板块表现相对顽强。
盘面上，受中东局势持续动荡影响，市场风险偏好低迷，A股多个板块今日大跌，其中黄金、有色金属股跌幅居前，赤峰黄金、四川黄金、盛达资源等股跌停；PCB、CPO、半导体等科技成长股普遍承压，金安国纪、协和电子、广合科技多股跌停，寒武纪盘中跌超5%股价失守1000元；此外，旅游、养殖业、文化传媒等多股板块重挫。另一方面，受益于油价上涨，煤炭、油气开采及服务板块表现相对顽强，云煤能源、辽宁能源、博迈科收获涨停；光伏设备板块冲高回落，但华民股份、正泰电源依然录得涨停。...

==================================================

**🏭 热点行业板块分析**

| 板块 | 持续性 | 新闻数 | 要点 |
|------|--------|--------|------|
| 电力板块 | 🔥 高 | 15 | 华泰证券：重申对电力板块的全面看多，包括水核风光生物质在内的绿电或充分受益钛媒体App 3月23日消... |
| 新能源板块 | 🔥 高 | 15 | 3月20日，电池ETF华夏（512460）上市首日涨超2%，盘中最高涨幅近6%，成为近期新能源板块的... |
| 半导体板块 | 🔥 高 | 15 | 对于近期半导体板块走势，中国银河证券电子行业首席分析师高峰认为，半导体板块内部呈现结构性分化行情，电... |

==================================================

**💡 热点概念板块分析**

| 概念 | 持续性 | 新闻数 | 要点 |
|------|--------|--------|------|
| 商业航天概念 | 🔥 高 | 15 | 专家表示，商业航天目前已形成京津冀、长三角、珠三角等产业集群，集聚了从研发制造到应用服务的完整产业链... |
| 人工智能概念 | 🔥 高 | 15 | 国务院国资委：要强化应用示范，深化场景赋能，加强数据治理，探索平台化发展，构建跨领域大规模的人工智能... |
| 数字经济概念 | 🔥 高 | 15 | 资本端并购、融资与IPO节奏同步提速，头部企业通过生态整合与商业化布局强化竞争壁垒，AI产业进入“需... |

==================================================

**🎯 投资建议**

**重点关注 (高持续性):**

- **电力板块**: 🔥 高 - 新闻15条

- **新能源板块**: 🔥 高 - 新闻15条

- **半导体板块**: 🔥 高 - 新闻15条

**适度关注 (中持续性):**

- 暂无中持续性板块

==================================================

⚠️ 以上分析仅供参考，不构成投资建议。

📅 报告生成时间: 2026-03-23 21:00

============================================================
API使用统计: 6/100 (6.0%)
============================================================

[2026-03-23 21:00:42] [INFO] [t01.task.market_review] ✅ 市场复盘分析完成
[2026-03-23 21:00:42] [INFO] [t01.task.market_review] 任务结束，状态: 成功
