[2026-04-25 07:03:50] [INFO] [t01.task.deps_check] ============================================================
[2026-04-25 07:03:50] [INFO] [t01.task.deps_check] T01-Deps-Check 依赖检查 - 2026-04-25 07:03:50.531928
[2026-04-25 07:03:50] [INFO] [t01.task.deps_check] ============================================================
[2026-04-25 07:03:50] [INFO] [t01.task.deps_check] ✅ Tushare API 连接正常
[2026-04-25 07:03:50] [ERROR] [t01.task.deps_check] ❌ 数据库异常: Textual SQL expression 'SELECT 1' should be explicitly declared as text('SELECT 1')
[2026-04-25 07:03:50] [WARNING] [t01.task.deps_check] ⚠️ T日数据检查: cannot import name 'TDailySelectionEngine' from 'selection_engine' (/workspace/projects/workspace/tasks/T01-a-stock-leader-selection/selection_engine.py)
[2026-04-25 07:03:50] [WARNING] [t01.task.deps_check] ⚠️ 今日市场情绪数据缺失
[2026-04-25 07:03:50] [ERROR] [t01.task.deps_check] ❌ T01-Deps-Check 依赖检查失败: ["数据库: Textual SQL expression 'SELECT 1' should be explicitly declared as text('SELECT 1')", "T日数据: cannot import name 'TDailySelectionEngine' from 'selection_engine' (/workspace/projects/workspace/tasks/T01-a-stock-leader-selection/selection_engine.py)"]
[2026-04-25 23:03:59] [INFO] [t01.task.deps_check] ============================================================
[2026-04-25 23:03:59] [INFO] [t01.task.deps_check] T01-Deps-Check 依赖检查 - 2026-04-25 23:03:59.185484
[2026-04-25 23:03:59] [INFO] [t01.task.deps_check] ============================================================
[2026-04-25 23:03:59] [INFO] [t01.task.deps_check] ✅ Tushare API 连接正常
[2026-04-25 23:03:59] [INFO] [t01.task.deps_check] ✅ 数据库连接正常
[2026-04-25 23:03:59] [WARNING] [t01.task.deps_check] ⚠️ T日数据检查: name 'TDailySelectionEngine' is not defined
[2026-04-25 23:03:59] [WARNING] [t01.task.deps_check] ⚠️ 今日市场情绪数据缺失
[2026-04-25 23:03:59] [INFO] [t01.task.deps_check] ✅ T01-Deps-Check 依赖检查通过，09:27可执行竞价选股
[2026-04-25 23:04:20] [INFO] [t01.task.deps_check] ============================================================
[2026-04-25 23:04:20] [INFO] [t01.task.deps_check] T01-Deps-Check 依赖检查 - 2026-04-25 23:04:20.048970
[2026-04-25 23:04:20] [INFO] [t01.task.deps_check] ============================================================
[2026-04-25 23:04:20] [INFO] [t01.task.deps_check] ✅ Tushare API 连接正常
[2026-04-25 23:04:20] [INFO] [t01.task.deps_check] ✅ 数据库连接正常
[2026-04-25 23:04:20] [INFO] [t01.task.deps_check] ✅ T日(20260424)选股数据: 10 只
[2026-04-25 23:04:20] [WARNING] [t01.task.deps_check] ⚠️ 今日市场情绪数据缺失
[2026-04-25 23:04:20] [INFO] [t01.task.deps_check] ✅ T01-Deps-Check 依赖检查通过，09:27可执行竞价选股
