[2026-03-24 16:13:18] [INFO] [t01.task.track] ============================================================
[2026-03-24 16:13:18] [INFO] [t01.task.track] T01 结果跟踪任务启动 - 2026-03-24 16:13:18.285798
[2026-03-24 16:13:18] [INFO] [t01.task.track] ============================================================
[2026-03-24 16:13:18] [INFO] [t01.task.track] 跟踪日期: T日=20260320, T+1日=20260323, T+2日=20260324
[2026-03-24 16:13:18] [WARNING] [t01.task.track] ⚠️ 未找到 20260323 的 T+1 竞价选股结果
[2026-03-24 16:19:25] [INFO] [t01.task.track] ============================================================
[2026-03-24 16:19:25] [INFO] [t01.task.track] T01 结果跟踪任务启动 - 2026-03-24 16:19:25.972552
[2026-03-24 16:19:25] [INFO] [t01.task.track] ============================================================
[2026-03-24 16:19:26] [INFO] [t01.task.track] 跟踪日期: T日=20260320, T+1日=20260323, T+2日=20260324
[2026-03-24 16:19:26] [INFO] [t01.task.track] 📊 获取到 3 只 T+1 竞价推荐股票:
[2026-03-24 16:19:26] [INFO] [t01.task.track]    1. 002256.SZ 兆新股份 - 得分: 69.07
[2026-03-24 16:19:26] [INFO] [t01.task.track]    2. 603687.SH 大胜达 - 得分: 64.69
[2026-03-24 16:19:26] [INFO] [t01.task.track]    3. 002309.SZ 中利集团 - 得分: 63.7
[2026-03-24 16:19:26] [INFO] [t01.task.track] 📦 获取到 17 只股票的 T日因子评分
[2026-03-24 16:19:26] [INFO] [t01.task.track] 📦 获取到 10 只股票的 T+1 竞价数据
[2026-03-24 16:19:26] [INFO] [t01.task.track]    ✅ 002256.SZ 兆新股份: 买入4.70 -> 卖出4.87, 收益3.62%
[2026-03-24 16:19:26] [INFO] [t01.task.track]    ❌ 603687.SH 大胜达: 买入14.73 -> 卖出14.75, 收益0.14%
[2026-03-24 16:19:26] [INFO] [t01.task.track]    ✅ 002309.SZ 中利集团: 买入4.19 -> 卖出4.61, 收益10.02%
[2026-03-24 16:19:26] [INFO] [t01.task.track] ============================================================
[2026-03-24 16:19:26] [INFO] [t01.task.track] 📈 T+1 竞价选股 T+2 收益统计 (20260323)
[2026-03-24 16:19:26] [INFO] [t01.task.track] ============================================================
[2026-03-24 16:19:26] [INFO] [t01.task.track]    跟踪股票数: 3
[2026-03-24 16:19:26] [INFO] [t01.task.track]    盈利 (>3%): 2 只
[2026-03-24 16:19:26] [INFO] [t01.task.track]    胜率: 66.7%
[2026-03-24 16:19:26] [INFO] [t01.task.track]    平均收益率: 4.59%
[2026-03-24 16:19:26] [INFO] [t01.task.track] ============================================================
[2026-03-24 16:19:26] [INFO] [t01.task.track] ✅ 跟踪结果已保存到数据库
[2026-03-24 16:19:26] [INFO] [t01.task.track] ✅ 机器学习训练数据已保存 (3 条)
[2026-03-24 16:19:26] [INFO] [t01.task.track] ✅ 跟踪消息已发送
[2026-03-24 16:19:26] [INFO] [t01.task.track] ✅ 结果跟踪完成
[2026-03-24 19:51:33] [INFO] [t01.task.track] ============================================================
[2026-03-24 19:51:33] [INFO] [t01.task.track] T01 结果跟踪任务启动 - 2026-03-24 19:51:33.027471
[2026-03-24 19:51:33] [INFO] [t01.task.track] ============================================================
[2026-03-24 19:51:33] [INFO] [t01.task.track] 跟踪日期: T日=20260320, T+1日=20260323, T+2日=20260324
[2026-03-24 19:51:33] [INFO] [t01.task.track] 📊 获取到 3 只 T+1 竞价推荐股票:
[2026-03-24 19:51:33] [INFO] [t01.task.track]    1. 002256.SZ 兆新股份 - 得分: 69.07
[2026-03-24 19:51:33] [INFO] [t01.task.track]    2. 603687.SH 大胜达 - 得分: 64.69
[2026-03-24 19:51:33] [INFO] [t01.task.track]    3. 002309.SZ 中利集团 - 得分: 63.7
[2026-03-24 19:51:33] [INFO] [t01.task.track] 📦 获取到 17 只股票的 T日因子评分
[2026-03-24 19:51:33] [INFO] [t01.task.track] 📦 获取到 10 只股票的 T+1 竞价数据
[2026-03-24 19:51:33] [INFO] [t01.task.track]    ✅ 002256.SZ 兆新股份: 买入4.70 -> 卖出4.87, 收益3.62%
[2026-03-24 19:51:33] [INFO] [t01.task.track]    ❌ 603687.SH 大胜达: 买入14.73 -> 卖出14.75, 收益0.14%
[2026-03-24 19:51:33] [INFO] [t01.task.track]    ✅ 002309.SZ 中利集团: 买入4.19 -> 卖出4.61, 收益10.02%
[2026-03-24 19:51:33] [INFO] [t01.task.track] ============================================================
[2026-03-24 19:51:33] [INFO] [t01.task.track] 📈 T+1 竞价选股 T+2 收益统计 (20260323)
[2026-03-24 19:51:33] [INFO] [t01.task.track] ============================================================
[2026-03-24 19:51:33] [INFO] [t01.task.track]    跟踪股票数: 3
[2026-03-24 19:51:33] [INFO] [t01.task.track]    盈利 (>3%): 2 只
[2026-03-24 19:51:33] [INFO] [t01.task.track]    胜率: 66.7%
[2026-03-24 19:51:33] [INFO] [t01.task.track]    平均收益率: 4.59%
[2026-03-24 19:51:33] [INFO] [t01.task.track] ============================================================
[2026-03-24 19:51:33] [INFO] [t01.task.track] ✅ 跟踪结果已保存到数据库
[2026-03-24 19:51:33] [INFO] [t01.task.track] ✅ 机器学习训练数据已保存 (3 条)
[2026-03-24 19:51:33] [INFO] [t01.task.track] ✅ 跟踪消息已发送
[2026-03-24 19:51:33] [INFO] [t01.task.track] ✅ 结果跟踪完成
