[2026-03-17 20:00:06] [INFO] [t01.task.t_day] ============================================================
[2026-03-17 20:00:06] [INFO] [t01.task.t_day] Cron任务启动: t-day
[2026-03-17 20:00:06] [INFO] [t01.task.t_day] ============================================================
[2026-03-17 20:00:06] [INFO] [t01.task.t_day] 🚀 执行 T日选股任务...
[2026-03-17 20:02:14] [INFO] [t01.task.t_day] ============================================================
[2026-03-17 20:02:14] [INFO] [t01.task.t_day] Cron任务启动: t-day
[2026-03-17 20:02:14] [INFO] [t01.task.t_day] ============================================================
[2026-03-17 20:02:14] [INFO] [t01.task.t_day] 🚀 执行 T日选股任务...
[2026-03-17 20:05:30] [INFO] [t01.task.t_day] ============================================================
[2026-03-17 20:05:30] [INFO] [t01.task.t_day] Cron任务启动: t-day
[2026-03-17 20:05:30] [INFO] [t01.task.t_day] ============================================================
[2026-03-17 20:05:30] [INFO] [t01.task.t_day] 🚀 执行 T日选股任务...
[2026-03-17 20:08:37] [INFO] [t01.task.t_day] ============================================================
[2026-03-17 20:08:37] [INFO] [t01.task.t_day] T01 T日选股任务启动 - 2026-03-17 20:08:37.461917
[2026-03-17 20:08:37] [INFO] [t01.task.t_day] ============================================================
[2026-03-18 09:31:31] [INFO] [t01.task.t_day] ============================================================
[2026-03-18 09:31:31] [INFO] [t01.task.t_day] T01 T日选股任务启动 - 2026-03-18 09:31:31.417370
[2026-03-18 09:31:31] [INFO] [t01.task.t_day] ============================================================
[2026-03-18 09:31:42] [ERROR] [t01.task.t_day] ❌ T日选股任务失败: [Errno 32] Broken pipe
[2026-03-18 09:31:42] [ERROR] [t01.task.t_day] Traceback (most recent call last):
  File "/workspace/projects/workspace/tasks/T01-a-stock-leader-selection/main.py", line 81, in run_t_day_task
    stocks, sentiment = run_t_day_selection(date)
                        ^^^^^^^^^^^^^^^^^^^^^^^^^
  File "/workspace/projects/workspace/tasks/T01-a-stock-leader-selection/selection_engine.py", line 1083, in run_t_day_selection
    return engine.run(date)
           ^^^^^^^^^^^^^^^^
  File "/workspace/projects/workspace/tasks/T01-a-stock-leader-selection/selection_engine.py", line 116, in run
    print(f"   过滤后剩余 {len(filtered_stocks)} 只")
BrokenPipeError: [Errno 32] Broken pipe

[2026-03-18 09:35:21] [INFO] [t01.task.t_day] ============================================================
[2026-03-18 09:35:21] [INFO] [t01.task.t_day] T01 T日选股任务启动 - 2026-03-18 09:35:21.433592
[2026-03-18 09:35:21] [INFO] [t01.task.t_day] ============================================================
[2026-03-18 09:40:32] [INFO] [t01.task.t_day] ============================================================
[2026-03-18 09:40:32] [INFO] [t01.task.t_day] T01 T日选股任务启动 - 2026-03-18 09:40:32.446946
[2026-03-18 09:40:32] [INFO] [t01.task.t_day] ============================================================
[2026-03-18 09:45:37] [INFO] [t01.task.t_day] ✅ T日选股完成，共选出 10 只股票
