[2026-03-29 01:19:58] [INFO] [t01.task.evolution] ============================================================
[2026-03-29 01:19:58] [INFO] [t01.task.evolution] T01 策略进化任务启动 - 2026-03-29 01:19:58.555127
[2026-03-29 01:19:58] [INFO] [t01.task.evolution] ============================================================
[2026-03-29 01:19:58] [INFO] [t01.task.evolution] ✅ 策略进化任务完成
[2026-03-29 20:00:28] [INFO] [t01.task.evolution] ============================================================
[2026-03-29 20:00:28] [INFO] [t01.task.evolution] Cron任务启动: evolution
[2026-03-29 20:00:28] [INFO] [t01.task.evolution] ============================================================
[2026-03-29 20:00:28] [INFO] [t01.task.evolution] 🚀 执行策略进化任务...
[2026-03-29 20:00:30] [INFO] [t01.task.evolution] ============================================================
[2026-03-29 20:00:30] [INFO] [t01.task.evolution] T01 策略进化任务启动 - 2026-03-29 20:00:30.374395
[2026-03-29 20:00:30] [INFO] [t01.task.evolution] ============================================================
[2026-03-29 20:00:30] [INFO] [t01.task.evolution] ✅ 策略进化任务完成
[2026-03-29 20:00:30] [INFO] [t01.task.evolution] ============================================================
检查依赖状态...
============================================================
  ✅ pandas
  ✅ numpy
  ✅ sqlalchemy
  ✅ psycopg2
  ✅ schedule
  ✅ tushare
  ✅ sklearn
  ✅ scipy
  ✅ deap
  ✅ requests
  ✅ coze_coding_dev_sdk
  ✅ pptx
  ✅ langchain_core

已安装: 13/13
✅ 日志系统初始化完成
   日志目录: /workspace/projects/workspace/logs/t01
[数据库配置] 使用 SQLite 数据库
[数据库配置] 数据库路径: /workspace/projects/workspace/tasks/T01-a-stock-leader-selection/database/t01_stocks.db
✅ 监控模块初始化完成
============================================================
T01 策略进化任务启动 - 2026-03-29 20:00:30.374395
============================================================

============================================================
T01 策略进化 - 每周反思
============================================================

📊 策略胜率: 46.7%

📈 因子有效性:
   limit_quality_score: IC=0.0000 ❌ 失效
   seal_ratio_score: IC=0.0000 ❌ 失效
   seal_flow_ratio_score: IC=0.0000 ❌ 失效
   volume_ratio_score: IC=0.0000 ❌ 失效
   turnover_rate_score: IC=0.0000 ❌ 失效
   dragon_tiger_score: IC=0.0000 ❌ 失效
   money_flow_score: IC=0.0000 ❌ 失效
   amount_rank_score: IC=0.0000 ❌ 失效
   sector_heat_score: IC=0.0000 ❌ 失效
   bias_ma3_score: IC=0.0000 ❌ 失效

🔗 因子相关性分析:
   ✅ 因子相关性良好
✅ 策略进化任务完成

[2026-03-29 20:00:30] [INFO] [t01.task.evolution] ✅ 策略进化任务完成
[2026-03-29 20:00:30] [INFO] [t01.task.evolution] 任务结束，状态: 成功
[2026-03-29 22:53:58] [INFO] [t01.task.evolution] ============================================================
[2026-03-29 22:53:58] [INFO] [t01.task.evolution] T01 策略进化任务启动 - 2026-03-29 22:53:58.900040
[2026-03-29 22:53:58] [INFO] [t01.task.evolution] ============================================================
[2026-03-29 22:53:58] [INFO] [t01.task.evolution] ✅ 策略进化任务完成
