[2026-05-07 16:10:22] [INFO] [t01.task.track] ============================================================
[2026-05-07 16:10:22] [INFO] [t01.task.track] T01 结果跟踪任务启动 - 2026-05-07 16:10:22.210738
[2026-05-07 16:10:22] [INFO] [t01.task.track] ============================================================
[2026-05-07 16:10:22] [INFO] [t01.task.track] 跟踪日期: T日=20260430, T+1日=20260506, T+2日=20260507
[2026-05-07 16:10:22] [WARNING] [t01.task.track] ⚠️ 未找到 20260506 的 T+1 竞价选股结果，尝试获取 T 日选股结果
[2026-05-07 16:10:22] [INFO] [t01.task.track] 📊 获取到 2 只 T 日推荐股票:
[2026-05-07 16:10:22] [INFO] [t01.task.track] 📊 获取到 2 只 T+1 竞价推荐股票:
[2026-05-07 16:10:22] [INFO] [t01.task.track]    1. 603399.SH 永杉锂业 - 得分: 69.25999999999999
[2026-05-07 16:10:22] [INFO] [t01.task.track]    2. 300885.SZ 海昌新材 - 得分: 66.23
[2026-05-07 16:10:22] [INFO] [t01.task.track] 📦 获取到 56 只股票的 T日因子评分
[2026-05-07 16:10:22] [INFO] [t01.task.track] 📦 获取到 0 只股票的 T+1 竞价数据
[2026-05-07 16:10:22] [INFO] [t01.task.track] 
📈 开始跟踪 603399.SH 永杉锂业 (买入价: 21.33)
[2026-05-07 16:10:22] [INFO] [t01.task.track]    ❌ 20260507: 未涨停 (5.86%)，卖出全部仓位
[2026-05-07 16:10:22] [INFO] [t01.task.track]    💹 卖出 100.0% 仓位，价格 22.58，盈利 1.25 元/股
[2026-05-07 16:10:22] [INFO] [t01.task.track]    📊 20260507: 收盘价 22.58，剩余仓位 0.0%，累计盈利 1.25 元/股
[2026-05-07 16:10:22] [INFO] [t01.task.track] 
🏁 603399.SH 永杉锂业 跟踪结束:
[2026-05-07 16:10:22] [INFO] [t01.task.track]    总盈利: 1.25 元/股 (5.86%)
[2026-05-07 16:10:22] [INFO] [t01.task.track]    最终仓位: 0.0%
[2026-05-07 16:10:22] [INFO] [t01.task.track]    盈利状态: ✅ 盈利
[2026-05-07 16:10:22] [INFO] [t01.task.track] 
📈 开始跟踪 300885.SZ 海昌新材 (买入价: 28.91)
[2026-05-07 16:10:22] [INFO] [t01.task.track]    ❌ 20260507: 未涨停 (3.72%)，卖出全部仓位
[2026-05-07 16:10:22] [INFO] [t01.task.track]    💹 卖出 100.0% 仓位，价格 30.13，盈利 1.22 元/股
[2026-05-07 16:10:22] [INFO] [t01.task.track]    📊 20260507: 收盘价 30.13，剩余仓位 0.0%，累计盈利 1.22 元/股
[2026-05-07 16:10:22] [INFO] [t01.task.track] 
🏁 300885.SZ 海昌新材 跟踪结束:
[2026-05-07 16:10:22] [INFO] [t01.task.track]    总盈利: 1.22 元/股 (4.22%)
[2026-05-07 16:10:22] [INFO] [t01.task.track]    最终仓位: 0.0%
[2026-05-07 16:10:22] [INFO] [t01.task.track]    盈利状态: ✅ 盈利
[2026-05-07 16:10:22] [INFO] [t01.task.track] 
============================================================
[2026-05-07 16:10:22] [INFO] [t01.task.track] 📊 多日跟踪收益统计 (T+1日=20260506)
[2026-05-07 16:10:22] [INFO] [t01.task.track] ============================================================
[2026-05-07 16:10:22] [INFO] [t01.task.track]    跟踪股票数: 2
[2026-05-07 16:10:22] [INFO] [t01.task.track]    盈利 (总收益为正): 2 只
[2026-05-07 16:10:22] [INFO] [t01.task.track]    胜率: 100.0%
[2026-05-07 16:10:22] [INFO] [t01.task.track]    平均收益率: 5.04%
[2026-05-07 16:10:22] [INFO] [t01.task.track] ============================================================
[2026-05-07 16:10:22] [INFO] [t01.task.track] ✅ 跟踪结果已保存到数据库
[2026-05-07 16:10:23] [INFO] [t01.task.track] ✅ 跟踪消息已发送
[2026-05-07 16:10:23] [INFO] [t01.task.track] ✅ 结果跟踪完成
[2026-05-07 16:10:24] [INFO] [t01.task.track] ============================================================
[2026-05-07 16:10:24] [INFO] [t01.task.track] T01 结果跟踪任务启动 - 2026-05-07 16:10:24.375054
[2026-05-07 16:10:24] [INFO] [t01.task.track] ============================================================
[2026-05-07 16:10:24] [INFO] [t01.task.track] 跟踪日期: T日=20260430, T+1日=20260506, T+2日=20260507
[2026-05-07 16:10:24] [WARNING] [t01.task.track] ⚠️ 未找到 20260506 的 T+1 竞价选股结果，尝试获取 T 日选股结果
[2026-05-07 16:10:24] [INFO] [t01.task.track] 📊 获取到 3 只 T 日推荐股票:
[2026-05-07 16:10:24] [INFO] [t01.task.track] 📊 获取到 3 只 T+1 竞价推荐股票:
[2026-05-07 16:10:24] [INFO] [t01.task.track]    1. 603399.SH 永杉锂业 - 得分: 69.25999999999999
[2026-05-07 16:10:24] [INFO] [t01.task.track]    2. 300885.SZ 海昌新材 - 得分: 66.23
[2026-05-07 16:10:24] [INFO] [t01.task.track]    3. 002989.SZ 中天精装 - 得分: 61.3
[2026-05-07 16:10:24] [INFO] [t01.task.track] 📦 获取到 56 只股票的 T日因子评分
[2026-05-07 16:10:24] [INFO] [t01.task.track] 📦 获取到 0 只股票的 T+1 竞价数据
[2026-05-07 16:10:24] [INFO] [t01.task.track] 
📈 开始跟踪 603399.SH 永杉锂业 (买入价: 21.33)
[2026-05-07 16:10:24] [INFO] [t01.task.track]    ❌ 20260507: 未涨停 (5.86%)，卖出全部仓位
[2026-05-07 16:10:24] [INFO] [t01.task.track]    💹 卖出 100.0% 仓位，价格 22.58，盈利 1.25 元/股
[2026-05-07 16:10:24] [INFO] [t01.task.track]    📊 20260507: 收盘价 22.58，剩余仓位 0.0%，累计盈利 1.25 元/股
[2026-05-07 16:10:24] [INFO] [t01.task.track] 
🏁 603399.SH 永杉锂业 跟踪结束:
[2026-05-07 16:10:24] [INFO] [t01.task.track]    总盈利: 1.25 元/股 (5.86%)
[2026-05-07 16:10:24] [INFO] [t01.task.track]    最终仓位: 0.0%
[2026-05-07 16:10:24] [INFO] [t01.task.track]    盈利状态: ✅ 盈利
[2026-05-07 16:10:24] [INFO] [t01.task.track] 
📈 开始跟踪 300885.SZ 海昌新材 (买入价: 28.91)
[2026-05-07 16:10:24] [INFO] [t01.task.track]    ❌ 20260507: 未涨停 (3.72%)，卖出全部仓位
[2026-05-07 16:10:24] [INFO] [t01.task.track]    💹 卖出 100.0% 仓位，价格 30.13，盈利 1.22 元/股
[2026-05-07 16:10:24] [INFO] [t01.task.track]    📊 20260507: 收盘价 30.13，剩余仓位 0.0%，累计盈利 1.22 元/股
[2026-05-07 16:10:24] [INFO] [t01.task.track] 
🏁 300885.SZ 海昌新材 跟踪结束:
[2026-05-07 16:10:24] [INFO] [t01.task.track]    总盈利: 1.22 元/股 (4.22%)
[2026-05-07 16:10:24] [INFO] [t01.task.track]    最终仓位: 0.0%
[2026-05-07 16:10:24] [INFO] [t01.task.track]    盈利状态: ✅ 盈利
[2026-05-07 16:10:24] [INFO] [t01.task.track] 
📈 开始跟踪 002989.SZ 中天精装 (买入价: 30.60)
[2026-05-07 16:10:24] [INFO] [t01.task.track]    ❌ 20260507: 未涨停 (0.03%)，卖出全部仓位
[2026-05-07 16:10:24] [INFO] [t01.task.track]    💹 卖出 100.0% 仓位，价格 32.14，盈利 1.54 元/股
[2026-05-07 16:10:24] [INFO] [t01.task.track]    📊 20260507: 收盘价 32.14，剩余仓位 0.0%，累计盈利 1.54 元/股
[2026-05-07 16:10:24] [INFO] [t01.task.track] 
🏁 002989.SZ 中天精装 跟踪结束:
[2026-05-07 16:10:24] [INFO] [t01.task.track]    总盈利: 1.54 元/股 (5.03%)
[2026-05-07 16:10:24] [INFO] [t01.task.track]    最终仓位: 0.0%
[2026-05-07 16:10:24] [INFO] [t01.task.track]    盈利状态: ✅ 盈利
[2026-05-07 16:10:24] [INFO] [t01.task.track] 
============================================================
[2026-05-07 16:10:24] [INFO] [t01.task.track] 📊 多日跟踪收益统计 (T+1日=20260506)
[2026-05-07 16:10:24] [INFO] [t01.task.track] ============================================================
[2026-05-07 16:10:24] [INFO] [t01.task.track]    跟踪股票数: 3
[2026-05-07 16:10:24] [INFO] [t01.task.track]    盈利 (总收益为正): 3 只
[2026-05-07 16:10:24] [INFO] [t01.task.track]    胜率: 100.0%
[2026-05-07 16:10:24] [INFO] [t01.task.track]    平均收益率: 5.04%
[2026-05-07 16:10:24] [INFO] [t01.task.track] ============================================================
[2026-05-07 16:10:24] [INFO] [t01.task.track] ✅ 跟踪结果已保存到数据库
[2026-05-07 16:10:25] [INFO] [t01.task.track] ✅ 跟踪消息已发送
[2026-05-07 16:10:25] [INFO] [t01.task.track] ✅ 结果跟踪完成
