[2026-03-30 16:10:28] [INFO] [t01.task.track] ============================================================
[2026-03-30 16:10:28] [INFO] [t01.task.track] Cron任务启动: track
[2026-03-30 16:10:28] [INFO] [t01.task.track] ============================================================
[2026-03-30 16:10:28] [INFO] [t01.task.track] 🚀 执行结果跟踪任务...
[2026-03-30 16:10:30] [INFO] [t01.task.track] ============================================================
[2026-03-30 16:10:30] [INFO] [t01.task.track] T01 结果跟踪任务启动 - 2026-03-30 16:10:30.556015
[2026-03-30 16:10:30] [INFO] [t01.task.track] ============================================================
[2026-03-30 16:10:30] [INFO] [t01.task.track] 跟踪日期: T日=20260326, T+1日=20260327, T+2日=20260330
[2026-03-30 16:10:30] [INFO] [t01.task.track] 📊 获取到 3 只 T+1 竞价推荐股票:
[2026-03-30 16:10:30] [INFO] [t01.task.track]    1. 000720.SZ 新能泰山 - 得分: 74.55
[2026-03-30 16:10:30] [INFO] [t01.task.track]    2. 000692.SZ 惠天热电 - 得分: 70.19
[2026-03-30 16:10:30] [INFO] [t01.task.track]    3. 000767.SZ 晋控电力 - 得分: 67.93
[2026-03-30 16:10:30] [INFO] [t01.task.track] 📦 获取到 28 只股票的 T日因子评分
[2026-03-30 16:10:30] [INFO] [t01.task.track] 📦 获取到 9 只股票的 T+1 竞价数据
[2026-03-30 16:10:30] [INFO] [t01.task.track]    ❌ 000720.SZ 新能泰山: 买入5.43 -> 卖出4.96, 收益-8.66%
[2026-03-30 16:10:30] [INFO] [t01.task.track]    ❌ 000692.SZ 惠天热电: 买入5.39 -> 卖出5.07, 收益-5.94%
[2026-03-30 16:10:30] [INFO] [t01.task.track]    ❌ 000767.SZ 晋控电力: 买入4.90 -> 卖出4.58, 收益-6.53%
[2026-03-30 16:10:30] [INFO] [t01.task.track] ============================================================
[2026-03-30 16:10:30] [INFO] [t01.task.track] 📈 T+1 竞价选股 T+2 收益统计 (20260327)
[2026-03-30 16:10:30] [INFO] [t01.task.track] ============================================================
[2026-03-30 16:10:30] [INFO] [t01.task.track]    跟踪股票数: 3
[2026-03-30 16:10:30] [INFO] [t01.task.track]    盈利 (>3%): 0 只
[2026-03-30 16:10:30] [INFO] [t01.task.track]    胜率: 0.0%
[2026-03-30 16:10:30] [INFO] [t01.task.track]    平均收益率: -7.04%
[2026-03-30 16:10:30] [INFO] [t01.task.track] ============================================================
[2026-03-30 16:10:30] [INFO] [t01.task.track] ✅ 跟踪结果已保存到数据库
[2026-03-30 16:10:30] [INFO] [t01.task.track] ✅ 机器学习训练数据已保存 (3 条)
[2026-03-30 16:10:31] [INFO] [t01.task.track] ✅ 跟踪消息已发送
[2026-03-30 16:10:31] [INFO] [t01.task.track] ✅ 结果跟踪完成
[2026-03-30 16:10:31] [INFO] [t01.task.track] ============================================================
检查依赖状态...
============================================================
  ✅ pandas
  ✅ numpy
  ✅ sqlalchemy
  ✅ psycopg2
  ✅ schedule
  ✅ tushare
  ✅ sklearn
  ✅ scipy
  ✅ deap
  ✅ requests
  ✅ coze_coding_dev_sdk
  ✅ pptx
  ✅ langchain_core

已安装: 13/13
✅ 日志系统初始化完成
   日志目录: /workspace/projects/workspace/logs/t01
[数据库配置] 使用 SQLite 数据库
[数据库配置] 数据库路径: /workspace/projects/workspace/tasks/T01-a-stock-leader-selection/database/t01_stocks.db
✅ 监控模块初始化完成
============================================================
T01 结果跟踪任务启动 - 2026-03-30 16:10:30.556015
============================================================
跟踪日期: T日=20260326, T+1日=20260327, T+2日=20260330
📊 获取到 3 只 T+1 竞价推荐股票:
   1. 000720.SZ 新能泰山 - 得分: 74.55
   2. 000692.SZ 惠天热电 - 得分: 70.19
   3. 000767.SZ 晋控电力 - 得分: 67.93
📦 获取到 28 只股票的 T日因子评分
📦 获取到 9 只股票的 T+1 竞价数据
   ❌ 000720.SZ 新能泰山: 买入5.43 -> 卖出4.96, 收益-8.66%
   ❌ 000692.SZ 惠天热电: 买入5.39 -> 卖出5.07, 收益-5.94%
   ❌ 000767.SZ 晋控电力: 买入4.90 -> 卖出4.58, 收益-6.53%
============================================================
📈 T+1 竞价选股 T+2 收益统计 (20260327)
============================================================
   跟踪股票数: 3
   盈利 (>3%): 0 只
   胜率: 0.0%
   平均收益率: -7.04%
============================================================
✅ 跟踪结果已保存到数据库
✅ 机器学习训练数据已保存 (3 条)
✅ 飞书API消息发送成功 (interactive)
✅ 跟踪消息已发送
✅ 结果跟踪完成

[2026-03-30 16:10:31] [INFO] [t01.task.track] ✅ 结果跟踪任务完成
[2026-03-30 16:10:31] [INFO] [t01.task.track] 任务结束，状态: 成功
