[2026-04-01 16:10:15] [INFO] [t01.task.track] ============================================================
[2026-04-01 16:10:15] [INFO] [t01.task.track] Cron任务启动: track
[2026-04-01 16:10:15] [INFO] [t01.task.track] ============================================================
[2026-04-01 16:10:15] [INFO] [t01.task.track] 🚀 执行结果跟踪任务...
[2026-04-01 16:10:17] [INFO] [t01.task.track] ============================================================
[2026-04-01 16:10:17] [INFO] [t01.task.track] T01 结果跟踪任务启动 - 2026-04-01 16:10:17.122604
[2026-04-01 16:10:17] [INFO] [t01.task.track] ============================================================
[2026-04-01 16:10:17] [INFO] [t01.task.track] 跟踪日期: T日=20260330, T+1日=20260331, T+2日=20260401
[2026-04-01 16:10:17] [INFO] [t01.task.track] 📊 获取到 3 只 T+1 竞价推荐股票:
[2026-04-01 16:10:17] [INFO] [t01.task.track]    1. 002532.SZ 天山铝业 - 得分: 73.36
[2026-04-01 16:10:17] [INFO] [t01.task.track]    2. 601388.SH 怡球资源 - 得分: 69.51
[2026-04-01 16:10:17] [INFO] [t01.task.track]    3. 002160.SZ 常铝股份 - 得分: 69.28
[2026-04-01 16:10:17] [INFO] [t01.task.track] 📦 获取到 44 只股票的 T日因子评分
[2026-04-01 16:10:17] [INFO] [t01.task.track] 📦 获取到 10 只股票的 T+1 竞价数据
[2026-04-01 16:10:17] [INFO] [t01.task.track]    ❌ 002532.SZ 天山铝业: 买入17.98 -> 卖出17.90, 收益-0.44%
[2026-04-01 16:10:17] [INFO] [t01.task.track]    ❌ 601388.SH 怡球资源: 买入4.02 -> 卖出3.68, 收益-8.46%
[2026-04-01 16:10:17] [INFO] [t01.task.track]    ❌ 002160.SZ 常铝股份: 买入5.79 -> 卖出5.11, 收益-11.74%
[2026-04-01 16:10:17] [INFO] [t01.task.track] ============================================================
[2026-04-01 16:10:17] [INFO] [t01.task.track] 📈 T+1 竞价选股 T+2 收益统计 (20260331)
[2026-04-01 16:10:17] [INFO] [t01.task.track] ============================================================
[2026-04-01 16:10:17] [INFO] [t01.task.track]    跟踪股票数: 3
[2026-04-01 16:10:17] [INFO] [t01.task.track]    盈利 (>3%): 0 只
[2026-04-01 16:10:17] [INFO] [t01.task.track]    胜率: 0.0%
[2026-04-01 16:10:17] [INFO] [t01.task.track]    平均收益率: -6.88%
[2026-04-01 16:10:17] [INFO] [t01.task.track] ============================================================
[2026-04-01 16:10:17] [INFO] [t01.task.track] ✅ 跟踪结果已保存到数据库
[2026-04-01 16:10:17] [INFO] [t01.task.track] ✅ 机器学习训练数据已保存 (3 条)
[2026-04-01 16:10:18] [INFO] [t01.task.track] ✅ 跟踪消息已发送
[2026-04-01 16:10:18] [INFO] [t01.task.track] ✅ 结果跟踪完成
[2026-04-01 16:10:18] [INFO] [t01.task.track] ============================================================
检查依赖状态...
============================================================
  ✅ pandas
  ✅ numpy
  ✅ sqlalchemy
  ✅ psycopg2
  ✅ schedule
  ✅ tushare
  ✅ sklearn
  ✅ scipy
  ✅ deap
  ✅ requests
  ✅ coze_coding_dev_sdk
  ✅ pptx
  ✅ langchain_core

已安装: 13/13
✅ 日志系统初始化完成
   日志目录: /workspace/projects/workspace/logs/t01
[数据库配置] 使用 SQLite 数据库
[数据库配置] 数据库路径: /workspace/projects/workspace/tasks/T01-a-stock-leader-selection/database/t01_stocks.db
✅ 监控模块初始化完成
============================================================
T01 结果跟踪任务启动 - 2026-04-01 16:10:17.122604
============================================================
跟踪日期: T日=20260330, T+1日=20260331, T+2日=20260401
📊 获取到 3 只 T+1 竞价推荐股票:
   1. 002532.SZ 天山铝业 - 得分: 73.36
   2. 601388.SH 怡球资源 - 得分: 69.51
   3. 002160.SZ 常铝股份 - 得分: 69.28
📦 获取到 44 只股票的 T日因子评分
📦 获取到 10 只股票的 T+1 竞价数据
   ❌ 002532.SZ 天山铝业: 买入17.98 -> 卖出17.90, 收益-0.44%
   ❌ 601388.SH 怡球资源: 买入4.02 -> 卖出3.68, 收益-8.46%
   ❌ 002160.SZ 常铝股份: 买入5.79 -> 卖出5.11, 收益-11.74%
============================================================
📈 T+1 竞价选股 T+2 收益统计 (20260331)
============================================================
   跟踪股票数: 3
   盈利 (>3%): 0 只
   胜率: 0.0%
   平均收益率: -6.88%
============================================================
✅ 跟踪结果已保存到数据库
✅ 机器学习训练数据已保存 (3 条)
✅ 飞书API消息发送成功 (interactive)
✅ 跟踪消息已发送
✅ 结果跟踪完成

[2026-04-01 16:10:18] [INFO] [t01.task.track] ✅ 结果跟踪任务完成
[2026-04-01 16:10:18] [INFO] [t01.task.track] 任务结束，状态: 成功
