[2026-05-06 21:00:18] [INFO] [t01.task.market_review] ============================================================
[2026-05-06 21:00:18] [INFO] [t01.task.market_review] Cron任务启动: market-review
[2026-05-06 21:00:18] [INFO] [t01.task.market_review] ============================================================
[2026-05-06 21:00:18] [INFO] [t01.task.market_review] 🚀 执行市场复盘分析...
[2026-05-06 21:00:22] [INFO] [t01.task.market_review] ============================================================
[2026-05-06 21:00:22] [INFO] [t01.task.market_review] T01-Market-Review 市场复盘 - 2026-05-06 21:00:22.026785
[2026-05-06 21:00:22] [INFO] [t01.task.market_review] ============================================================
[2026-05-06 21:01:04] [INFO] [t01.task.market_review] ✅ 市场复盘完成
[2026-05-06 21:01:04] [INFO] [t01.task.market_review] ============================================================
T01 每日市场复盘分析
时间: 2026-05-06 21:00:18
============================================================
✅ 已加载 2 个 API Key: mkt_sE...7J8s, mkt_m3...Lmy8

🔍 步骤1: 获取大盘整体点评...
   ✅ 获取成功: A股全线大涨！...

🔍 步骤2: 分析热点行业板块...
   分析 电力板块...
   ✅ 电力板块: 🔥 高 (新闻15条)
   分析 新能源板块...
   ✅ 新能源板块: 🔥 高 (新闻15条)
   分析 半导体板块...
   ✅ 半导体板块: 🔥 高 (新闻15条)

🔍 步骤3: 分析热点概念板块...
   分析 商业航天概念...
   ✅ 商业航天概念: 🔥 高 (新闻15条)
   分析 人工智能概念...
⚠️ 频率限制，等待 2 秒后重试 (1/3)...
⚠️ 频率限制，等待 4 秒后重试 (2/3)...
⚠️ 频率限制，等待 8 秒后重试 (3/3)...
   ⚠️ 人工智能概念: 无数据
   分析 数字经济概念...
⚠️ 频率限制，等待 2 秒后重试 (1/3)...
⚠️ 频率限制，等待 4 秒后重试 (2/3)...
⚠️ 频率限制，等待 8 秒后重试 (3/3)...
   ⚠️ 数字经济概念: 无数据

🔍 步骤4: 生成投资建议...

✅ 报告已保存: /workspace/projects/workspace/logs/market_review_20260506.md
✅ 飞书API消息发送成功 (interactive)
✅ 飞书卡片消息已发送

============================================================
分析报告:
============================================================
📊 **T01每日市场复盘报告**

分析时间: 2026-05-06 21:00

==================================================

**📈 大盘综述**
08亿美元的历史新高。赫尔斯顿表示，公司的订单已经排到2028年，因为连接GPU集群所需组件的需求增长速度已经远远超过了供应的生产速度。
国金证券表示，全球算力产业链呈现多元化发展格局，国内在AI基础设施领域已形成完整生态，涵盖芯片设计、服务器制造及云服务等多环节，海外则在高端存储和光通信领域保持技术领先。AI应用层正从通用大模型向垂直行业解决方案深化，推动产业智能化升级，算力作为数字经济核心基础设施将持续受益于技术迭代与需求扩张。PCB概念股表现活跃 PCB概念股反复活跃，宏和科技实现3天2板，续创历史新高；合力泰、广合科技、利通电子等多股涨停。
国金证券指出，伴随全球PCB产值稳步增长，2025年全球PCB钻针市场规模约59.
1亿元。亚太地区是最大的市场，占有大约85%的份额，成为AI算力产业链中景气度兑现最直接的细分领域。...

==================================================

**🏭 热点行业板块分析**

| 板块 | 持续性 | 新闻数 | 要点 |
|------|--------|--------|------|
| 电力板块 | 🔥 高 | 15 | 每经AI快讯，5月6日，电力板块短线拉升，节能风电涨停，大唐发电、协鑫能科此前封板，金开新能、大连热... |
| 新能源板块 | 🔥 高 | 15 | 新能源板块整体景气度持续向好，锂矿供需格局迎来边际变化。供给端扰动因素较多，津巴矿最快6月中旬才能到... |
| 半导体板块 | 🔥 高 | 15 | 自本轮牛市开启以来，半导体板块一路走高。起初，板块涨幅主要由一只股票驱动：即AI芯片霸主英伟达。但此... |

==================================================

**💡 热点概念板块分析**

| 概念 | 持续性 | 新闻数 | 要点 |
|------|--------|--------|------|
| 商业航天概念 | 🔥 高 | 15 | 截至14:16，市场强势上扬，商业航天概念表现活跃。航天ETF（159267）上涨2.
00%，实时... |

==================================================

**🎯 投资建议**

**重点关注 (高持续性):**

- **电力板块**: 🔥 高 - 新闻15条

- **新能源板块**: 🔥 高 - 新闻15条

- **半导体板块**: 🔥 高 - 新闻15条

**适度关注 (中持续性):**

- 暂无中持续性板块

==================================================

⚠️ 以上分析仅供参考，不构成投资建议。

📅 报告生成时间: 2026-05-06 21:01

============================================================
API使用统计: 17/100 (17.0%)
============================================================

[2026-05-06 21:01:04] [INFO] [t01.task.market_review] ✅ 市场复盘分析完成
[2026-05-06 21:01:04] [INFO] [t01.task.market_review] 任务结束，状态: 成功
