[2026-04-28 21:00:02] [INFO] [t01.task.market_review] ============================================================
[2026-04-28 21:00:02] [INFO] [t01.task.market_review] T01-Market-Review 市场复盘 - 2026-04-28 21:00:02.416247
[2026-04-28 21:00:02] [INFO] [t01.task.market_review] ============================================================
[2026-04-28 21:00:12] [INFO] [t01.task.market_review] ============================================================
[2026-04-28 21:00:12] [INFO] [t01.task.market_review] Cron任务启动: market-review
[2026-04-28 21:00:12] [INFO] [t01.task.market_review] ============================================================
[2026-04-28 21:00:12] [INFO] [t01.task.market_review] 🚀 执行市场复盘分析...
[2026-04-28 21:00:48] [INFO] [t01.task.market_review] ✅ 市场复盘完成
[2026-04-28 21:00:51] [INFO] [t01.task.market_review] ============================================================
T01 每日市场复盘分析
时间: 2026-04-28 21:00:12
============================================================
✅ 已加载 2 个 API Key: mkt_sE...7J8s, mkt_m3...Lmy8

🔍 步骤1: 获取大盘整体点评...
   ✅ 获取成功: 资产组合稳健基石，南方基金旗下红利低波50ETF南方(515450)跟踪标的指数标普中国A股大盘红利...

🔍 步骤2: 分析热点行业板块...
   分析 电力板块...
   ✅ 电力板块: 🔥 高 (新闻15条)
   分析 新能源板块...
   ✅ 新能源板块: 🔥 高 (新闻15条)
   分析 半导体板块...
   ✅ 半导体板块: 🔥 高 (新闻15条)

🔍 步骤3: 分析热点概念板块...
   分析 商业航天概念...
   ✅ 商业航天概念: 🔥 高 (新闻15条)
   分析 人工智能概念...
⚠️ 频率限制，等待 2 秒后重试 (1/3)...
⚠️ 频率限制，等待 4 秒后重试 (2/3)...
⚠️ 频率限制，等待 8 秒后重试 (3/3)...
   ⚠️ 人工智能概念: 无数据
   分析 数字经济概念...
⚠️ 频率限制，等待 2 秒后重试 (1/3)...
⚠️ 频率限制，等待 4 秒后重试 (2/3)...
⚠️ 频率限制，等待 8 秒后重试 (3/3)...
   ✅ 数字经济概念: 🔥 高 (新闻15条)

🔍 步骤4: 生成投资建议...

✅ 报告已保存: /workspace/projects/workspace/logs/market_review_20260428.md
✅ 飞书API消息发送成功 (interactive)
✅ 飞书卡片消息已发送

============================================================
分析报告:
============================================================
📊 **T01每日市场复盘报告**

分析时间: 2026-04-28 21:00

==================================================

**📈 大盘综述**
资产组合稳健基石，南方基金旗下红利低波50ETF南方(515450)跟踪标的指数标普中国A股大盘红利低波50指数(SPCLLHCP.SPI)红盘收涨截至2026年4月28日收盘，红利低波50ETF南方(515450)换手1.8%，成交3.08亿元，跟踪标的指数标普中国A股大盘红利低波50指数(SPCLLHCP.SPI)涨0.83%。今日市场震荡调整，煤炭、银行等高股息板块再度表现。近期市场处业绩密集披露期，部分前期强势板块出现因业绩扰动及高位资金兑现需求的调整分化，后续科技股的强势需要观察新催化。另一方面，本轮反弹开始于市场对中东局势的缓和定价，但现在资金对于美伊在五月底前结束整个战争的概率持续下降，后续宏观变量的变化仍要留意。总体而言，短期看市场波动率处高位、轮动快，在此期间经营稳健的红利资产可承接部分低波配置需求、适合作为组合配置底仓。中期看，当市场风险偏好回落时，红利低波的防御属性依然有效。从长期来看，红利低波作为一类生息资产，股息率仍具有较强的吸引力。...

==================================================

**🏭 热点行业板块分析**

| 板块 | 持续性 | 新闻数 | 要点 |
|------|--------|--------|------|
| 电力板块 | 🔥 高 | 15 | 每经AI快讯，4月28日，绿色电力板块短线拉升，华银电力涨停，珈伟新能、绿色动力、晶科科技、统一股份... |
| 新能源板块 | 🔥 高 | 15 | 订单端市场表现同样亮眼，新能源业务产销两旺、需求充足。“当前兴发集团新能源材料板块经营势头良好，三代... |
| 半导体板块 | 🔥 高 | 15 | 每经AI快讯，4月28日，半导体板块盘初回调，盛美上海、聚辰股份跌超10%，至纯科技、珂玛科技、芯源... |

==================================================

**💡 热点概念板块分析**

| 概念 | 持续性 | 新闻数 | 要点 |
|------|--------|--------|------|
| 商业航天概念 | 🔥 高 | 15 | 商业航天概念近期表现亮眼。4月21日早盘，商业航天概念延续强势，中衡设计2连板，顺灏股份T字涨停，四... |
| 数字经济概念 | 🔥 高 | 15 | 今年以来，宁夏“数实融合”图景生机盎然。银川市停车通付公共服务平台上线，为城市治理与公共服务提供支撑... |

==================================================

**🎯 投资建议**

**重点关注 (高持续性):**

- **电力板块**: 🔥 高 - 新闻15条

- **新能源板块**: 🔥 高 - 新闻15条

- **半导体板块**: 🔥 高 - 新闻15条

**适度关注 (中持续性):**

- 暂无中持续性板块

==================================================

⚠️ 以上分析仅供参考，不构成投资建议。

📅 报告生成时间: 2026-04-28 21:00

============================================================
API使用统计: 19/100 (19.0%)
============================================================

[2026-04-28 21:00:51] [INFO] [t01.task.market_review] ✅ 市场复盘分析完成
[2026-04-28 21:00:51] [INFO] [t01.task.market_review] 任务结束，状态: 成功
