[2026-03-17 15:45:31] [INFO] [t01.task.track] ============================================================
[2026-03-17 15:45:31] [INFO] [t01.task.track] Cron任务启动: track
[2026-03-17 15:45:31] [INFO] [t01.task.track] ============================================================
[2026-03-17 15:45:31] [INFO] [t01.task.track] 🚀 执行结果跟踪任务...
[2026-03-17 15:45:33] [INFO] [t01.task.track] ============================================================
[2026-03-17 15:45:33] [INFO] [t01.task.track] T01 结果跟踪任务启动 - 2026-03-17 15:45:33.083770
[2026-03-17 15:45:33] [INFO] [t01.task.track] ============================================================
[2026-03-17 15:45:33] [INFO] [t01.task.track] 跟踪日期: T日=20260313, T+1日=20260316, T+2日=20260317
[2026-03-17 15:45:33] [WARNING] [t01.task.track] ⚠️ 未找到 20260316 的 T+1 竞价选股结果
[2026-03-17 15:45:33] [INFO] [t01.task.track] ============================================================
检查依赖状态...
============================================================
  ✅ pandas
  ✅ numpy
  ✅ sqlalchemy
  ✅ schedule
  ✅ tushare
  ✅ sklearn
  ✅ scipy
  ✅ deap
  ✅ requests

已安装: 9/9
✅ 日志系统初始化完成
   日志目录: /workspace/projects/workspace/logs/t01
✅ 监控模块初始化完成
============================================================
T01 结果跟踪任务启动 - 2026-03-17 15:45:33.083770
============================================================
跟踪日期: T日=20260313, T+1日=20260316, T+2日=20260317
⚠️ 未找到 20260316 的 T+1 竞价选股结果

[2026-03-17 15:45:33] [INFO] [t01.task.track] ✅ 结果跟踪任务完成
[2026-03-17 15:45:33] [INFO] [t01.task.track] 任务结束，状态: 成功
