[2026-05-07 21:00:11] [INFO] [t01.task.market_review] ============================================================
[2026-05-07 21:00:11] [INFO] [t01.task.market_review] Cron任务启动: market-review
[2026-05-07 21:00:11] [INFO] [t01.task.market_review] ============================================================
[2026-05-07 21:00:11] [INFO] [t01.task.market_review] 🚀 执行市场复盘分析...
[2026-05-07 21:00:25] [INFO] [t01.task.market_review] ============================================================
[2026-05-07 21:00:25] [INFO] [t01.task.market_review] T01-Market-Review 市场复盘 - 2026-05-07 21:00:25.955170
[2026-05-07 21:00:25] [INFO] [t01.task.market_review] ============================================================
[2026-05-07 21:00:30] [INFO] [t01.task.market_review] ============================================================
T01 每日市场复盘分析
时间: 2026-05-07 21:00:11
============================================================
✅ 已加载 2 个 API Key: mkt_sE...7J8s, mkt_m3...Lmy8

🔍 步骤1: 获取大盘整体点评...
   ✅ 获取成功: A股、港股、日经，全线爆发...

🔍 步骤2: 分析热点行业板块...
   分析 电力板块...
   ✅ 电力板块: 🔥 高 (新闻15条)
   分析 新能源板块...
   ✅ 新能源板块: 🔥 高 (新闻15条)
   分析 半导体板块...
   ✅ 半导体板块: 🔥 高 (新闻15条)

🔍 步骤3: 分析热点概念板块...
   分析 商业航天概念...
   ✅ 商业航天概念: 🔥 高 (新闻15条)
   分析 人工智能概念...
   ✅ 人工智能概念: 🔥 高 (新闻15条)
   分析 数字经济概念...
   ✅ 数字经济概念: 🔥 高 (新闻15条)

🔍 步骤4: 生成投资建议...

✅ 报告已保存: /workspace/projects/workspace/logs/market_review_20260507.md
✅ 飞书API消息发送成功 (interactive)
✅ 飞书卡片消息已发送

============================================================
分析报告:
============================================================
📊 **T01每日市场复盘报告**

分析时间: 2026-05-07 21:00

==================================================

**📈 大盘综述**
87点，日内首次升破62000点，创下历史新高。三大指数集体上涨，科技、周期板块领涨截至5月7日午间收盘，A股三大指数全线飘红，市场情绪活跃。上证指数涨0.
25%；深证成指涨0.
71%；创业板指涨0.
98%。
板块方面，半导体、算力租赁、存储芯片等AI相关板块涨幅居前，多只个股涨停；锡、铜等有色金属板块受价格上涨带动走强，华锡有色、锡业股份等概念股延续强势；军工、券商板块亦表现活跃，支撑大盘稳步上行。恒生科技指数大涨港股同步高开高走，截至午间收盘，恒生指数涨1.
56%；恒生科技指数涨3.
09%，科技龙头集体走强。...

==================================================

**🏭 热点行业板块分析**

| 板块 | 持续性 | 新闻数 | 要点 |
|------|--------|--------|------|
| 电力板块 | 🔥 高 | 15 | 每经AI快讯，5月7日，电力板块盘初拉升，大唐发电涨停，大连热电、华电辽能涨超6%，协鑫能科、节能风... |
| 新能源板块 | 🔥 高 | 15 | 证券日报网5月7日讯 ，林洋能源在接受调研者提问时表示，新能源板块将围绕五大方向推进：一是稳步推进存... |
| 半导体板块 | 🔥 高 | 15 | 截至收盘，科创200指数上涨3.1%，科创成长指数上涨3.1%，科创100指数上涨2.4%，科创综指... |

==================================================

**💡 热点概念板块分析**

| 概念 | 持续性 | 新闻数 | 要点 |
|------|--------|--------|------|
| 商业航天概念 | 🔥 高 | 15 | 截至14:16，市场强势上扬，商业航天概念表现活跃。航天ETF（159267）上涨2.
00%，实时... |
| 人工智能概念 | 🔥 高 | 15 | Wind数据显示，截至5月6日早盘，A股市场半导体、存储等概念板块走强，科创50指数（000688.... |
| 数字经济概念 | 🔥 高 | 15 | GDP 比重稳定在 1.6%左右，而数字技术应用业（含 AI 平台、工业软件、云服务）与数字要素驱动... |

==================================================

**🎯 投资建议**

**重点关注 (高持续性):**

- **电力板块**: 🔥 高 - 新闻15条

- **新能源板块**: 🔥 高 - 新闻15条

- **半导体板块**: 🔥 高 - 新闻15条

**适度关注 (中持续性):**

- 暂无中持续性板块

==================================================

⚠️ 以上分析仅供参考，不构成投资建议。

📅 报告生成时间: 2026-05-07 21:00

============================================================
API使用统计: 26/100 (26.0%)
============================================================

[2026-05-07 21:00:30] [INFO] [t01.task.market_review] ✅ 市场复盘分析完成
[2026-05-07 21:00:30] [INFO] [t01.task.market_review] 任务结束，状态: 成功
[2026-05-07 21:01:09] [INFO] [t01.task.market_review] ✅ 市场复盘完成
