[2026-04-07 16:10:16] [INFO] [t01.task.track] ============================================================
[2026-04-07 16:10:16] [INFO] [t01.task.track] T01 结果跟踪任务启动 - 2026-04-07 16:10:16.610125
[2026-04-07 16:10:16] [INFO] [t01.task.track] ============================================================
[2026-04-07 16:10:16] [INFO] [t01.task.track] 跟踪日期: T日=20260402, T+1日=20260403, T+2日=20260407
[2026-04-07 16:10:16] [INFO] [t01.task.track] 📊 获取到 3 只 T+1 竞价推荐股票:
[2026-04-07 16:10:16] [INFO] [t01.task.track]    1. 300839.SZ 博汇股份 - 得分: 67.49
[2026-04-07 16:10:16] [INFO] [t01.task.track]    2. 605162.SH 新中港 - 得分: 65.44
[2026-04-07 16:10:16] [INFO] [t01.task.track]    3. 002828.SZ 贝肯能源 - 得分: 65.02
[2026-04-07 16:10:16] [INFO] [t01.task.track] 📦 获取到 18 只股票的 T日因子评分
[2026-04-07 16:10:16] [INFO] [t01.task.track] 📦 获取到 10 只股票的 T+1 竞价数据
[2026-04-07 16:10:16] [INFO] [t01.task.track]    ❌ 300839.SZ 博汇股份: 买入17.01 -> 卖出14.10, 收益-17.11%
[2026-04-07 16:10:16] [INFO] [t01.task.track]    ❌ 605162.SH 新中港: 买入14.48 -> 卖出14.07, 收益-2.83%
[2026-04-07 16:10:16] [INFO] [t01.task.track]    ❌ 002828.SZ 贝肯能源: 买入15.17 -> 卖出13.90, 收益-8.37%
[2026-04-07 16:10:16] [INFO] [t01.task.track] ============================================================
[2026-04-07 16:10:16] [INFO] [t01.task.track] 📈 T+1 竞价选股 T+2 收益统计 (20260403)
[2026-04-07 16:10:16] [INFO] [t01.task.track] ============================================================
[2026-04-07 16:10:16] [INFO] [t01.task.track]    跟踪股票数: 3
[2026-04-07 16:10:16] [INFO] [t01.task.track]    盈利 (>3%): 0 只
[2026-04-07 16:10:16] [INFO] [t01.task.track]    胜率: 0.0%
[2026-04-07 16:10:16] [INFO] [t01.task.track]    平均收益率: -9.44%
[2026-04-07 16:10:16] [INFO] [t01.task.track] ============================================================
[2026-04-07 16:10:16] [INFO] [t01.task.track] ✅ 跟踪结果已保存到数据库
[2026-04-07 16:10:16] [INFO] [t01.task.track] ✅ 机器学习训练数据已保存 (3 条)
[2026-04-07 16:10:17] [INFO] [t01.task.track] ✅ 跟踪消息已发送
[2026-04-07 16:10:17] [INFO] [t01.task.track] ✅ 结果跟踪完成
