[2026-05-05 16:10:05] [INFO] [t01.task.track] ============================================================
[2026-05-05 16:10:05] [INFO] [t01.task.track] T01 结果跟踪任务启动 - 2026-05-05 16:10:05.711308
[2026-05-05 16:10:05] [INFO] [t01.task.track] ============================================================
[2026-05-05 16:10:05] [INFO] [t01.task.track] 跟踪日期: T日=20260429, T+1日=20260430, T+2日=20260505
[2026-05-05 16:10:05] [WARNING] [t01.task.track] ⚠️ 未找到 20260430 的 T+1 竞价选股结果，尝试获取 T 日选股结果
[2026-05-05 16:10:05] [INFO] [t01.task.track] 📊 获取到 3 只 T 日推荐股票:
[2026-05-05 16:10:05] [INFO] [t01.task.track] 📊 获取到 3 只 T+1 竞价推荐股票:
[2026-05-05 16:10:05] [INFO] [t01.task.track]    1. 603399.SH 永杉锂业 - 得分: 73.62
[2026-05-05 16:10:05] [INFO] [t01.task.track]    2. 600111.SH 北方稀土 - 得分: 68.1
[2026-05-05 16:10:05] [INFO] [t01.task.track]    3. 300769.SZ 德方纳米 - 得分: 67.21
[2026-05-05 16:10:05] [INFO] [t01.task.track] 📦 获取到 66 只股票的 T日因子评分
[2026-05-05 16:10:05] [INFO] [t01.task.track] 📦 获取到 10 只股票的 T+1 竞价数据
[2026-05-05 16:10:05] [INFO] [t01.task.track] 
📈 开始跟踪 603399.SH 永杉锂业 (买入价: 19.39)
[2026-05-05 16:10:05] [WARNING] [t01.task.track]    ⚠️ 20260505: 无行情数据，结束跟踪
[2026-05-05 16:10:05] [INFO] [t01.task.track] 
🏁 603399.SH 永杉锂业 跟踪结束:
[2026-05-05 16:10:05] [INFO] [t01.task.track]    总盈利: 0.00 元/股 (0.00%)
[2026-05-05 16:10:05] [INFO] [t01.task.track]    最终仓位: 100.0%
[2026-05-05 16:10:05] [INFO] [t01.task.track]    盈利状态: ❌ 亏损
[2026-05-05 16:10:05] [INFO] [t01.task.track] 
📈 开始跟踪 600111.SH 北方稀土 (买入价: 51.88)
[2026-05-05 16:10:05] [WARNING] [t01.task.track]    ⚠️ 20260505: 无行情数据，结束跟踪
[2026-05-05 16:10:05] [INFO] [t01.task.track] 
🏁 600111.SH 北方稀土 跟踪结束:
[2026-05-05 16:10:05] [INFO] [t01.task.track]    总盈利: 0.00 元/股 (0.00%)
[2026-05-05 16:10:05] [INFO] [t01.task.track]    最终仓位: 100.0%
[2026-05-05 16:10:05] [INFO] [t01.task.track]    盈利状态: ❌ 亏损
[2026-05-05 16:10:05] [INFO] [t01.task.track] 
📈 开始跟踪 300769.SZ 德方纳米 (买入价: 69.94)
[2026-05-05 16:10:05] [WARNING] [t01.task.track]    ⚠️ 20260505: 无行情数据，结束跟踪
[2026-05-05 16:10:05] [INFO] [t01.task.track] 
🏁 300769.SZ 德方纳米 跟踪结束:
[2026-05-05 16:10:05] [INFO] [t01.task.track]    总盈利: 0.00 元/股 (0.00%)
[2026-05-05 16:10:05] [INFO] [t01.task.track]    最终仓位: 100.0%
[2026-05-05 16:10:05] [INFO] [t01.task.track]    盈利状态: ❌ 亏损
[2026-05-05 16:10:06] [INFO] [t01.task.track] 
============================================================
[2026-05-05 16:10:06] [INFO] [t01.task.track] 📊 多日跟踪收益统计 (T+1日=20260430)
[2026-05-05 16:10:06] [INFO] [t01.task.track] ============================================================
[2026-05-05 16:10:06] [INFO] [t01.task.track]    跟踪股票数: 3
[2026-05-05 16:10:06] [INFO] [t01.task.track]    盈利 (总收益为正): 0 只
[2026-05-05 16:10:06] [INFO] [t01.task.track]    胜率: 0.0%
[2026-05-05 16:10:06] [INFO] [t01.task.track]    平均收益率: 0.00%
[2026-05-05 16:10:06] [INFO] [t01.task.track] ============================================================
[2026-05-05 16:10:06] [INFO] [t01.task.track] ✅ 跟踪结果已保存到数据库
[2026-05-05 16:10:06] [INFO] [t01.task.track] ✅ 机器学习训练数据已保存 (3 条)
[2026-05-05 16:10:06] [INFO] [t01.task.track] ✅ 跟踪消息已发送
[2026-05-05 16:10:06] [INFO] [t01.task.track] ✅ 结果跟踪完成
[2026-05-05 16:10:12] [INFO] [t01.task.track] ============================================================
[2026-05-05 16:10:12] [INFO] [t01.task.track] T01 结果跟踪任务启动 - 2026-05-05 16:10:12.164006
[2026-05-05 16:10:12] [INFO] [t01.task.track] ============================================================
[2026-05-05 16:10:12] [INFO] [t01.task.track] 跟踪日期: T日=20260429, T+1日=20260430, T+2日=20260505
[2026-05-05 16:10:12] [WARNING] [t01.task.track] ⚠️ 未找到 20260430 的 T+1 竞价选股结果，尝试获取 T 日选股结果
[2026-05-05 16:10:12] [INFO] [t01.task.track] 📊 获取到 2 只 T 日推荐股票:
[2026-05-05 16:10:12] [INFO] [t01.task.track] 📊 获取到 2 只 T+1 竞价推荐股票:
[2026-05-05 16:10:12] [INFO] [t01.task.track]    1. 603399.SH 永杉锂业 - 得分: 73.62
[2026-05-05 16:10:12] [INFO] [t01.task.track]    2. 600111.SH 北方稀土 - 得分: 68.1
[2026-05-05 16:10:12] [INFO] [t01.task.track] 📦 获取到 66 只股票的 T日因子评分
[2026-05-05 16:10:12] [INFO] [t01.task.track] 📦 获取到 10 只股票的 T+1 竞价数据
[2026-05-05 16:10:12] [INFO] [t01.task.track] 
📈 开始跟踪 603399.SH 永杉锂业 (买入价: 19.39)
[2026-05-05 16:10:12] [WARNING] [t01.task.track]    ⚠️ 20260505: 无行情数据，结束跟踪
[2026-05-05 16:10:12] [INFO] [t01.task.track] 
🏁 603399.SH 永杉锂业 跟踪结束:
[2026-05-05 16:10:12] [INFO] [t01.task.track]    总盈利: 0.00 元/股 (0.00%)
[2026-05-05 16:10:12] [INFO] [t01.task.track]    最终仓位: 100.0%
[2026-05-05 16:10:12] [INFO] [t01.task.track]    盈利状态: ❌ 亏损
[2026-05-05 16:10:12] [INFO] [t01.task.track] 
📈 开始跟踪 600111.SH 北方稀土 (买入价: 51.88)
[2026-05-05 16:10:12] [WARNING] [t01.task.track]    ⚠️ 20260505: 无行情数据，结束跟踪
[2026-05-05 16:10:12] [INFO] [t01.task.track] 
🏁 600111.SH 北方稀土 跟踪结束:
[2026-05-05 16:10:12] [INFO] [t01.task.track]    总盈利: 0.00 元/股 (0.00%)
[2026-05-05 16:10:12] [INFO] [t01.task.track]    最终仓位: 100.0%
[2026-05-05 16:10:12] [INFO] [t01.task.track]    盈利状态: ❌ 亏损
[2026-05-05 16:10:12] [INFO] [t01.task.track] 
============================================================
[2026-05-05 16:10:12] [INFO] [t01.task.track] 📊 多日跟踪收益统计 (T+1日=20260430)
[2026-05-05 16:10:12] [INFO] [t01.task.track] ============================================================
[2026-05-05 16:10:12] [INFO] [t01.task.track]    跟踪股票数: 2
[2026-05-05 16:10:12] [INFO] [t01.task.track]    盈利 (总收益为正): 0 只
[2026-05-05 16:10:12] [INFO] [t01.task.track]    胜率: 0.0%
[2026-05-05 16:10:12] [INFO] [t01.task.track]    平均收益率: 0.00%
[2026-05-05 16:10:12] [INFO] [t01.task.track] ============================================================
[2026-05-05 16:10:12] [INFO] [t01.task.track] ✅ 跟踪结果已保存到数据库
[2026-05-05 16:10:12] [INFO] [t01.task.track] ✅ 机器学习训练数据已保存 (2 条)
[2026-05-05 16:10:13] [INFO] [t01.task.track] ✅ 跟踪消息已发送
[2026-05-05 16:10:13] [INFO] [t01.task.track] ✅ 结果跟踪完成
