[2026-04-08 16:10:09] [INFO] [t01.task.track] ============================================================
[2026-04-08 16:10:09] [INFO] [t01.task.track] T01 结果跟踪任务启动 - 2026-04-08 16:10:09.922368
[2026-04-08 16:10:09] [INFO] [t01.task.track] ============================================================
[2026-04-08 16:10:09] [ERROR] [t01.task.track] ❌ 无法确定交易日
[2026-04-08 16:10:17] [INFO] [t01.task.track] ============================================================
[2026-04-08 16:10:17] [INFO] [t01.task.track] T01 结果跟踪任务启动 - 2026-04-08 16:10:17.624168
[2026-04-08 16:10:17] [INFO] [t01.task.track] ============================================================
[2026-04-08 16:10:17] [ERROR] [t01.task.track] ❌ 无法确定交易日
[2026-04-08 16:11:09] [INFO] [t01.task.track] ============================================================
[2026-04-08 16:11:09] [INFO] [t01.task.track] T01 结果跟踪任务启动 - 2026-04-08 16:11:09.736969
[2026-04-08 16:11:09] [INFO] [t01.task.track] ============================================================
[2026-04-08 16:11:09] [ERROR] [t01.task.track] ❌ 无法确定交易日
[2026-04-08 16:11:22] [INFO] [t01.task.track] ============================================================
[2026-04-08 16:11:22] [INFO] [t01.task.track] T01 结果跟踪任务启动 - 2026-04-08 16:11:22.873818
[2026-04-08 16:11:22] [INFO] [t01.task.track] ============================================================
[2026-04-08 16:11:22] [ERROR] [t01.task.track] ❌ 无法确定交易日
[2026-04-08 16:12:25] [INFO] [t01.task.track] ============================================================
[2026-04-08 16:12:25] [INFO] [t01.task.track] T01 结果跟踪任务启动 - 2026-04-08 16:12:25.303574
[2026-04-08 16:12:25] [INFO] [t01.task.track] ============================================================
[2026-04-08 16:12:25] [INFO] [t01.task.track] 跟踪日期: T日=20260403, T+1日=20260407, T+2日=20260408
[2026-04-08 16:12:25] [WARNING] [t01.task.track] ⚠️ 未找到 20260407 的 T+1 竞价选股结果
[2026-04-08 16:12:40] [INFO] [t01.task.track] ============================================================
[2026-04-08 16:12:40] [INFO] [t01.task.track] T01 结果跟踪任务启动 - 2026-04-08 16:12:40.561567
[2026-04-08 16:12:40] [INFO] [t01.task.track] ============================================================
[2026-04-08 16:12:40] [INFO] [t01.task.track] 跟踪日期: T日=20260403, T+1日=20260407, T+2日=20260408
[2026-04-08 16:12:40] [WARNING] [t01.task.track] ⚠️ 未找到 20260407 的 T+1 竞价选股结果
[2026-04-08 16:19:54] [INFO] [t01.task.track] ============================================================
[2026-04-08 16:19:54] [INFO] [t01.task.track] T01 结果跟踪任务启动 - 2026-04-08 16:19:54.295835
[2026-04-08 16:19:54] [INFO] [t01.task.track] ============================================================
[2026-04-08 16:19:54] [INFO] [t01.task.track] 跟踪日期: T日=20260403, T+1日=20260407, T+2日=20260408
[2026-04-08 16:19:54] [WARNING] [t01.task.track] ⚠️ 未找到 20260407 的 T+1 竞价选股结果
[2026-04-08 16:21:23] [INFO] [t01.task.track] ============================================================
[2026-04-08 16:21:23] [INFO] [t01.task.track] T01 结果跟踪任务启动 - 2026-04-08 16:21:23.471788
[2026-04-08 16:21:23] [INFO] [t01.task.track] ============================================================
[2026-04-08 16:21:23] [INFO] [t01.task.track] 调试: t2_day=20260408, t1_day=20260407, t_day=20260403
[2026-04-08 16:21:23] [INFO] [t01.task.track] 跟踪日期: T日=20260403, T+1日=20260407, T+2日=20260408
[2026-04-08 16:21:23] [WARNING] [t01.task.track] ⚠️ 未找到 20260407 的 T+1 竞价选股结果
[2026-04-08 16:21:23] [INFO] [t01.task.track] 调试: 找到 10 条该日期的选股记录，类型如下:
[2026-04-08 16:21:23] [INFO] [t01.task.track]   - 000586.SZ 汇源通信, 类型: t_day
[2026-04-08 16:21:23] [INFO] [t01.task.track]   - 300927.SZ 江天化学, 类型: t_day
[2026-04-08 16:21:23] [INFO] [t01.task.track]   - 600955.SH 维远股份, 类型: t_day
[2026-04-08 16:21:23] [INFO] [t01.task.track]   - 603188.SH 亚邦股份, 类型: t_day
[2026-04-08 16:21:23] [INFO] [t01.task.track]   - 002109.SZ 兴化股份, 类型: t_day
[2026-04-08 16:21:23] [INFO] [t01.task.track]   - 002637.SZ 赞宇科技, 类型: t_day
[2026-04-08 16:21:23] [INFO] [t01.task.track]   - 603260.SH 合盛硅业, 类型: t_day
[2026-04-08 16:21:23] [INFO] [t01.task.track]   - 603968.SH 醋化股份, 类型: t_day
[2026-04-08 16:21:23] [INFO] [t01.task.track]   - 300821.SZ 东岳硅材, 类型: t_day
[2026-04-08 16:21:23] [INFO] [t01.task.track]   - 002274.SZ 华昌化工, 类型: t_day
[2026-04-08 16:22:01] [INFO] [t01.task.track] ============================================================
[2026-04-08 16:22:01] [INFO] [t01.task.track] T01 结果跟踪任务启动 - 2026-04-08 16:22:01.605813
[2026-04-08 16:22:01] [INFO] [t01.task.track] ============================================================
[2026-04-08 16:22:01] [INFO] [t01.task.track] 调试: t2_day=20260408, t1_day=20260407, t_day=20260403
[2026-04-08 16:22:01] [INFO] [t01.task.track] 跟踪日期: T日=20260403, T+1日=20260407, T+2日=20260408
[2026-04-08 16:22:01] [WARNING] [t01.task.track] ⚠️ 未找到 20260407 的 T+1 竞价选股结果，尝试获取 T 日选股结果
[2026-04-08 16:22:01] [INFO] [t01.task.track] 📊 获取到 3 只 T 日推荐股票:
[2026-04-08 16:22:01] [INFO] [t01.task.track] 📊 获取到 3 只 T+1 竞价推荐股票:
[2026-04-08 16:22:01] [INFO] [t01.task.track]    1. 000001.SZ 测试股票 - 得分: 95.5
[2026-04-08 16:22:01] [INFO] [t01.task.track]    1. 002980.SZ 华盛昌 - 得分: 72.39
[2026-04-08 16:22:01] [INFO] [t01.task.track]    2. 002952.SZ 亚世光电 - 得分: 72.35
[2026-04-08 16:22:01] [INFO] [t01.task.track] 📦 获取到 26 只股票的 T日因子评分
[2026-04-08 16:22:01] [INFO] [t01.task.track] 📦 获取到 12 只股票的 T+1 竞价数据
[2026-04-08 16:22:01] [INFO] [t01.task.track]    ❌ 000001.SZ 测试股票: 买入11.12 -> 卖出11.22, 收益0.90%
[2026-04-08 16:22:01] [INFO] [t01.task.track]    ✅ 002980.SZ 华盛昌: 买入47.72 -> 卖出52.86, 收益10.77%
[2026-04-08 16:22:01] [INFO] [t01.task.track]    ❌ 002952.SZ 亚世光电: 买入25.71 -> 卖出26.41, 收益2.72%
[2026-04-08 16:22:01] [INFO] [t01.task.track] ============================================================
[2026-04-08 16:22:01] [INFO] [t01.task.track] 📈 T+1 竞价选股 T+2 收益统计 (20260407)
[2026-04-08 16:22:01] [INFO] [t01.task.track] ============================================================
[2026-04-08 16:22:01] [INFO] [t01.task.track]    跟踪股票数: 3
[2026-04-08 16:22:01] [INFO] [t01.task.track]    盈利 (>3%): 1 只
[2026-04-08 16:22:01] [INFO] [t01.task.track]    胜率: 33.3%
[2026-04-08 16:22:01] [INFO] [t01.task.track]    平均收益率: 4.80%
[2026-04-08 16:22:01] [INFO] [t01.task.track] ============================================================
[2026-04-08 16:22:01] [INFO] [t01.task.track] ✅ 跟踪结果已保存到数据库
[2026-04-08 16:22:01] [INFO] [t01.task.track] ✅ 机器学习训练数据已保存 (2 条)
[2026-04-08 16:22:02] [INFO] [t01.task.track] ✅ 跟踪消息已发送
[2026-04-08 16:22:02] [INFO] [t01.task.track] ✅ 结果跟踪完成
