[2026-04-09 21:00:18] [INFO] [t01.task.market_review] ============================================================
[2026-04-09 21:00:18] [INFO] [t01.task.market_review] Cron任务启动: market-review
[2026-04-09 21:00:18] [INFO] [t01.task.market_review] ============================================================
[2026-04-09 21:00:18] [INFO] [t01.task.market_review] 🚀 执行市场复盘分析...
[2026-04-09 21:00:36] [INFO] [t01.task.market_review] ============================================================
T01 每日市场复盘分析
时间: 2026-04-09 21:00:18
============================================================
✅ 已加载 2 个 API Key: mkt_sE...7J8s, mkt_m3...Lmy8

🔍 步骤1: 获取大盘整体点评...
   ✅ 获取成功: 沪指百点长阳叩关4000点！5000余只股票上涨，A股迎强势反攻丨川观解盘...

🔍 步骤2: 分析热点行业板块...
   分析 电力板块...
   ✅ 电力板块: 🔥 高 (新闻15条)
   分析 新能源板块...
   ✅ 新能源板块: 🔥 高 (新闻15条)
   分析 半导体板块...
   ✅ 半导体板块: 🔥 高 (新闻15条)

🔍 步骤3: 分析热点概念板块...
   分析 商业航天概念...
   ✅ 商业航天概念: 🔥 高 (新闻15条)
   分析 人工智能概念...
   ✅ 人工智能概念: 🔥 高 (新闻15条)
   分析 数字经济概念...
   ✅ 数字经济概念: 🔥 高 (新闻15条)

🔍 步骤4: 生成投资建议...

✅ 报告已保存: /workspace/projects/workspace/logs/market_review_20260409.md
✅ 飞书API消息发送成功 (interactive)
✅ 飞书卡片消息已发送

============================================================
分析报告:
============================================================
📊 **T01每日市场复盘报告**

分析时间: 2026-04-09 21:00

==================================================

**📈 大盘综述**
其中，算力租赁板块强势领涨，大位科技、行云科技、奥瑞德、杭钢股份、华孚时尚等多股涨停；算力硬件板块同步拉升，中际旭创、新易盛股价刷新历史新高，铭普光磁、东山精密等个股封板；AI应用端同样活跃，蓝色光标、志晟信息等十余只成分股涨停。...

==================================================

**🏭 热点行业板块分析**

| 板块 | 持续性 | 新闻数 | 要点 |
|------|--------|--------|------|
| 电力板块 | 🔥 高 | 15 | 中信证券表示，我国以自主可控清洁能源替代化石能源，依托电能替代重构能源消费格局，降低传统能源消耗与海... |
| 新能源板块 | 🔥 高 | 15 | 电力设备景气上行，新能源板块受提振，创业板新能源ETF国泰（159387）涨超0.
3%，近10日净... |
| 半导体板块 | 🔥 高 | 15 | 南方财经4月8日电，半导体板块持续走强，锴威特触及“20cm”涨停，臻镭科技、华润微、盛科通信-U、... |

==================================================

**💡 热点概念板块分析**

| 概念 | 持续性 | 新闻数 | 要点 |
|------|--------|--------|------|
| 商业航天概念 | 🔥 高 | 15 | 炒股就看金麒麟分析师研报，权威，专业，及时，全面，助您挖掘潜力主题机会！
4月9日，A股三大指数震荡... |
| 人工智能概念 | 🔥 高 | 15 | 人工智能概念股走强，蓝色光标涨20%，昆仑万维涨超8%，中际旭创、润泽科技涨超7%。 
 受盘面影响... |
| 数字经济概念 | 🔥 高 | 15 | 据新华社日内瓦3月31日电 （记者王露、焦倩）2026全球数字经济大会数字经济合作与创新论坛3月31... |

==================================================

**🎯 投资建议**

**重点关注 (高持续性):**

- **电力板块**: 🔥 高 - 新闻15条

- **新能源板块**: 🔥 高 - 新闻15条

- **半导体板块**: 🔥 高 - 新闻15条

**适度关注 (中持续性):**

- 暂无中持续性板块

==================================================

⚠️ 以上分析仅供参考，不构成投资建议。

📅 报告生成时间: 2026-04-09 21:00

============================================================
API使用统计: 21/100 (21.0%)
============================================================

[2026-04-09 21:00:36] [INFO] [t01.task.market_review] ✅ 市场复盘分析完成
[2026-04-09 21:00:36] [INFO] [t01.task.market_review] 任务结束，状态: 成功
