[2026-04-23 21:00:19] [INFO] [t01.task.market_review] ============================================================
[2026-04-23 21:00:19] [INFO] [t01.task.market_review] Cron任务启动: market-review
[2026-04-23 21:00:19] [INFO] [t01.task.market_review] ============================================================
[2026-04-23 21:00:19] [INFO] [t01.task.market_review] 🚀 执行市场复盘分析...
[2026-04-23 21:00:39] [INFO] [t01.task.market_review] ============================================================
T01 每日市场复盘分析
时间: 2026-04-23 21:00:19
============================================================
✅ 已加载 2 个 API Key: mkt_sE...7J8s, mkt_m3...Lmy8

🔍 步骤1: 获取大盘整体点评...
   ✅ 获取成功: 网友的一句话，今天，A股应验了...

🔍 步骤2: 分析热点行业板块...
   分析 电力板块...
   ✅ 电力板块: 🔥 高 (新闻15条)
   分析 新能源板块...
   ✅ 新能源板块: 🔥 高 (新闻15条)
   分析 半导体板块...
   ✅ 半导体板块: 🔥 高 (新闻15条)

🔍 步骤3: 分析热点概念板块...
   分析 商业航天概念...
   ✅ 商业航天概念: 🔥 高 (新闻15条)
   分析 人工智能概念...
   ✅ 人工智能概念: 🔥 高 (新闻15条)
   分析 数字经济概念...
   ✅ 数字经济概念: 🔥 高 (新闻15条)

🔍 步骤4: 生成投资建议...

✅ 报告已保存: /workspace/projects/workspace/logs/market_review_20260423.md
✅ 飞书API消息发送成功 (interactive)
✅ 飞书卡片消息已发送

============================================================
分析报告:
============================================================
📊 **T01每日市场复盘报告**

分析时间: 2026-04-23 21:00

==================================================

**📈 大盘综述**
把昨天和今天上午的行情串联在一起，应验了网友最近常说的一句话：“要站在光里，但也不能光站在那里。”
今天早盘，中际旭创直线拉升，市值突破1万亿元，带动光通信产业链继续走强，东山精密、腾景科技、德科立等个股拉升明显，盘中股价均创历史新高。不过，“追光”行情“好景不长”，先是腾景科技、德科立等个股跳水，随后，天孚通信、长飞光纤等龙头股下跌，算力产业链集体大跌。情绪上，这段时间被压制的白酒板块迎来反弹，大消费上午表现活跃。能源化工、银行等板块上涨。
上午收盘，上证指数下跌0.
79%，深证成指下跌1.
53%，创业板指下跌1.
83%，科创综指下跌2.
74%。
大消费上午反弹，白酒板块领涨，迎驾贡酒、老白干酒等个股大涨。贵州茅台上涨，股价超越源杰科技，重新成为A股第一高价股。乳业、食品加工制造、啤酒等板块上涨。...

==================================================

**🏭 热点行业板块分析**

| 板块 | 持续性 | 新闻数 | 要点 |
|------|--------|--------|------|
| 电力板块 | 🔥 高 | 15 | 新型电力转型持续推进，4月23日，绿电板块上行，绿色电力ETF国泰（159669）涨超1.
2%。中... |
| 新能源板块 | 🔥 高 | 15 | 4月23日，资金抢筹新能源板块，创业板新能源ETF国泰（159387）盘中流入超2亿份，近20日净流... |
| 半导体板块 | 🔥 高 | 15 | 截至收盘，科创200指数上涨0.6%，科创100指数上涨0.1%，科创综指下跌0.8%，科创成长指数... |

==================================================

**💡 热点概念板块分析**

| 概念 | 持续性 | 新闻数 | 要点 |
|------|--------|--------|------|
| 商业航天概念 | 🔥 高 | 15 | 商业航天概念近期表现亮眼。4月21日早盘，商业航天概念延续强势，中衡设计2连板，顺灏股份T字涨停，四... |
| 人工智能概念 | 🔥 高 | 15 | 人工智能概念股走强，协创数据涨超19%，新易盛涨超7%，天孚通信、网宿科技涨超6%。 
 受盘面影响... |
| 数字经济概念 | 🔥 高 | 15 | 根据国务院《关于深入实施
“人工智能+”行动的意见》，到 2030 年，智能经济将成为我国经济发展的... |

==================================================

**🎯 投资建议**

**重点关注 (高持续性):**

- **电力板块**: 🔥 高 - 新闻15条

- **新能源板块**: 🔥 高 - 新闻15条

- **半导体板块**: 🔥 高 - 新闻15条

**适度关注 (中持续性):**

- 暂无中持续性板块

==================================================

⚠️ 以上分析仅供参考，不构成投资建议。

📅 报告生成时间: 2026-04-23 21:00

============================================================
API使用统计: 27/100 (27.0%)
============================================================

[2026-04-23 21:00:39] [INFO] [t01.task.market_review] ✅ 市场复盘分析完成
[2026-04-23 21:00:39] [INFO] [t01.task.market_review] 任务结束，状态: 成功
[2026-04-23 21:00:44] [INFO] [t01.task.market_review] ============================================================
[2026-04-23 21:00:44] [INFO] [t01.task.market_review] T01-Market-Review 市场复盘 - 2026-04-23 21:00:44.898399
[2026-04-23 21:00:44] [INFO] [t01.task.market_review] ============================================================
[2026-04-23 21:00:55] [INFO] [t01.task.market_review] ✅ 市场复盘完成
