[2026-05-11 16:10:11] [INFO] [t01.task.track] ============================================================
[2026-05-11 16:10:11] [INFO] [t01.task.track] T01 结果跟踪任务启动 - 2026-05-11 16:10:11.606741
[2026-05-11 16:10:11] [INFO] [t01.task.track] ============================================================
[2026-05-11 16:10:11] [INFO] [t01.task.track] 跟踪日期: T日=20260507, T+1日=20260508, T+2日=20260511
[2026-05-11 16:10:11] [WARNING] [t01.task.track] ⚠️ 未找到 20260508 的 T+1 竞价选股结果，尝试获取 T 日选股结果
[2026-05-11 16:10:11] [INFO] [t01.task.track] 📊 获取到 2 只 T 日推荐股票:
[2026-05-11 16:10:11] [INFO] [t01.task.track] 📊 获取到 2 只 T+1 竞价推荐股票:
[2026-05-11 16:10:11] [INFO] [t01.task.track]    1. 000066.SZ 中国长城 - 得分: 74.0
[2026-05-11 16:10:11] [INFO] [t01.task.track]    2. 603803.SH 瑞斯康达 - 得分: 66.59
[2026-05-11 16:10:11] [INFO] [t01.task.track] 📦 获取到 74 只股票的 T日因子评分
[2026-05-11 16:10:11] [INFO] [t01.task.track] 📦 获取到 10 只股票的 T+1 竞价数据
[2026-05-11 16:10:11] [INFO] [t01.task.track] 
📈 开始跟踪 000066.SZ 中国长城 (买入价: 23.78)
[2026-05-11 16:10:11] [INFO] [t01.task.track]    ❌ 20260511: 未涨停 (1.34%)，卖出全部仓位
[2026-05-11 16:10:11] [INFO] [t01.task.track]    💹 卖出 100.0% 仓位，价格 23.40，盈利 -0.38 元/股
[2026-05-11 16:10:11] [INFO] [t01.task.track]    📊 20260511: 收盘价 23.40，剩余仓位 0.0%，累计盈利 -0.38 元/股
[2026-05-11 16:10:11] [INFO] [t01.task.track] 
🏁 000066.SZ 中国长城 跟踪结束:
[2026-05-11 16:10:11] [INFO] [t01.task.track]    总盈利: -0.38 元/股 (-1.60%)
[2026-05-11 16:10:11] [INFO] [t01.task.track]    最终仓位: 0.0%
[2026-05-11 16:10:11] [INFO] [t01.task.track]    盈利状态: ❌ 亏损
[2026-05-11 16:10:11] [INFO] [t01.task.track] 
📈 开始跟踪 603803.SH 瑞斯康达 (买入价: 16.20)
[2026-05-11 16:10:11] [INFO] [t01.task.track]    ❌ 20260511: 未涨停 (0.24%)，卖出全部仓位
[2026-05-11 16:10:11] [INFO] [t01.task.track]    💹 卖出 100.0% 仓位，价格 16.61，盈利 0.41 元/股
[2026-05-11 16:10:11] [INFO] [t01.task.track]    📊 20260511: 收盘价 16.61，剩余仓位 0.0%，累计盈利 0.41 元/股
[2026-05-11 16:10:11] [INFO] [t01.task.track] 
🏁 603803.SH 瑞斯康达 跟踪结束:
[2026-05-11 16:10:11] [INFO] [t01.task.track]    总盈利: 0.41 元/股 (2.53%)
[2026-05-11 16:10:11] [INFO] [t01.task.track]    最终仓位: 0.0%
[2026-05-11 16:10:11] [INFO] [t01.task.track]    盈利状态: ❌ 亏损
[2026-05-11 16:10:11] [INFO] [t01.task.track] 
============================================================
[2026-05-11 16:10:11] [INFO] [t01.task.track] 📊 多日跟踪收益统计 (T+1日=20260508)
[2026-05-11 16:10:11] [INFO] [t01.task.track] ============================================================
[2026-05-11 16:10:11] [INFO] [t01.task.track]    跟踪股票数: 2
[2026-05-11 16:10:11] [INFO] [t01.task.track]    盈利 (总收益为正): 0 只
[2026-05-11 16:10:11] [INFO] [t01.task.track]    胜率: 0.0%
[2026-05-11 16:10:11] [INFO] [t01.task.track]    平均收益率: 0.47%
[2026-05-11 16:10:11] [INFO] [t01.task.track] ============================================================
[2026-05-11 16:10:11] [INFO] [t01.task.track] ✅ 跟踪结果已保存到数据库
[2026-05-11 16:10:11] [INFO] [t01.task.track] ✅ 机器学习训练数据已保存 (2 条)
[2026-05-11 16:10:12] [INFO] [t01.task.track] ✅ 跟踪消息已发送
[2026-05-11 16:10:12] [INFO] [t01.task.track] ✅ 结果跟踪完成
