[2026-03-31 07:08:55] [INFO] [t01.task.market_review] ============================================================
[2026-03-31 07:08:55] [INFO] [t01.task.market_review] Cron任务启动: market-review
[2026-03-31 07:08:55] [INFO] [t01.task.market_review] ============================================================
[2026-03-31 07:08:55] [INFO] [t01.task.market_review] 🚀 执行市场复盘分析...
[2026-03-31 07:09:13] [INFO] [t01.task.market_review] ============================================================
T01 每日市场复盘分析
时间: 2026-03-31 07:08:55
============================================================
✅ 已加载 2 个 API Key: mkt_sE...7J8s, mkt_m3...Lmy8

🔍 步骤1: 获取大盘整体点评...
   ✅ 获取成功: 长线资金最新重仓股曝光 机构认为A股市场调整就是机会...

🔍 步骤2: 分析热点行业板块...
   分析 电力板块...
   ✅ 电力板块: 🔥 高 (新闻12条)
   分析 新能源板块...
   ✅ 新能源板块: 🔥 高 (新闻15条)
   分析 半导体板块...
   ✅ 半导体板块: 🔥 高 (新闻15条)

🔍 步骤3: 分析热点概念板块...
   分析 商业航天概念...
   ✅ 商业航天概念: 🔥 高 (新闻15条)
   分析 人工智能概念...
   ✅ 人工智能概念: 🔥 高 (新闻15条)
   分析 数字经济概念...
   ✅ 数字经济概念: 🔥 高 (新闻15条)

🔍 步骤4: 生成投资建议...

✅ 报告已保存: /workspace/projects/workspace/logs/market_review_20260331.md
✅ 飞书API消息发送成功 (interactive)
✅ 飞书卡片消息已发送

============================================================
分析报告:
============================================================
📊 **T01每日市场复盘报告**

分析时间: 2026-03-31 07:08

==================================================

**📈 大盘综述**
3月30日，A股市场低开高走，上证指数由跌转涨。整个A股市场超2800只股票上涨，逾70只股票涨停。铝产业、工业金属、半导体设备等板块表现活跃，电力板块出现明显调整。整个A股市场成交额为1.
93万亿元，较前一交易日小幅放量。
随着上市公司2025年年报逐渐披露，以社保基金、QFII为代表的长线资金最新重仓股曝光。在已披露2025年末十大流通股东名单的上市公司中，有156家上市公司出现社保基金的身影，123家上市公司出现QFII的身影。分析人士认为，中长期资金入市成效显著，长期投资的市场生态逐步完善。市场调整后，中国股市正呈现重要底部特征，市场调整反而是机会，建议积极布局。
A股市场低开高走　　3月30日，亚太股市全线下跌，日经225指数、韩国综合指数均跌近3%。
A股市场低开高走，深证成指、创业板指开盘均跌逾1%。
截至当日收盘，上证指数上涨0.
24%，深证成指、创业板指、科创综指、北证50指数分别下跌0.
25%、0.
68%、0.
18%、0.
84%，上证指数报3923.
29点。
大盘股集中的上证50指数、沪深300指数分别下跌0.
14%、0.
24%。...

==================================================

**🏭 热点行业板块分析**

| 板块 | 持续性 | 新闻数 | 要点 |
|------|--------|--------|------|
| 新能源板块 | 🔥 高 | 15 | 3月26日，A股冲高回落，主要指数下跌调整，电池ETF华夏（512460）低开高走涨幅超1.
31%... |
| 半导体板块 | 🔥 高 | 15 | 中芯国际去年净利润同比增长39%，半导体板块午后持续活跃2026-03-27 14:36:08 21... |
| 电力板块 | 🔥 高 | 12 | 电力板块30日盘中大幅下挫，截至发稿，华电能源、金开新能、晋控电力、华电辽能、长源电力等跌停。华电辽... |

==================================================

**💡 热点概念板块分析**

| 概念 | 持续性 | 新闻数 | 要点 |
|------|--------|--------|------|
| 商业航天概念 | 🔥 高 | 15 | 一、【早盘盘面回顾】
商业航天概念股震荡走强，再升科技、神剑股份、航天动力、中衡设计涨停，超捷股份、... |
| 人工智能概念 | 🔥 高 | 15 | 人工智能概念股走强，天孚通信、协创数据涨超9%，昆仑万维涨超7%。 
 受盘面影响，创业板人工智能相... |
| 数字经济概念 | 🔥 高 | 15 | 在制造领域，以智能工厂、数字车间建设为抓手，组织开展工业互联网进园区、进企业专项活动，推动工业互联网... |

==================================================

**🎯 投资建议**

**重点关注 (高持续性):**

- **电力板块**: 🔥 高 - 新闻12条

- **新能源板块**: 🔥 高 - 新闻15条

- **半导体板块**: 🔥 高 - 新闻15条

**适度关注 (中持续性):**

- 暂无中持续性板块

==================================================

⚠️ 以上分析仅供参考，不构成投资建议。

📅 报告生成时间: 2026-03-31 07:09

============================================================
API使用统计: 6/100 (6.0%)
============================================================

[2026-03-31 07:09:13] [INFO] [t01.task.market_review] ✅ 市场复盘分析完成
[2026-03-31 07:09:13] [INFO] [t01.task.market_review] 任务结束，状态: 成功
[2026-03-31 07:12:22] [INFO] [t01.task.market_review] ============================================================
[2026-03-31 07:12:22] [INFO] [t01.task.market_review] Cron任务启动: market-review
[2026-03-31 07:12:22] [INFO] [t01.task.market_review] ============================================================
[2026-03-31 07:12:22] [INFO] [t01.task.market_review] 🚀 执行市场复盘分析...
[2026-03-31 07:12:33] [INFO] [t01.task.market_review] ============================================================
T01 每日市场复盘分析
时间: 2026-03-31 07:12:22
============================================================
✅ 已加载 2 个 API Key: mkt_sE...7J8s, mkt_m3...Lmy8

🔍 步骤1: 获取大盘整体点评...
   ✅ 获取成功: 长线资金最新重仓股曝光 机构认为A股市场调整就是机会...

🔍 步骤2: 分析热点行业板块...
   分析 电力板块...
   ✅ 电力板块: 🔥 高 (新闻12条)
   分析 新能源板块...
   ✅ 新能源板块: 🔥 高 (新闻15条)
   分析 半导体板块...
   ✅ 半导体板块: 🔥 高 (新闻15条)

🔍 步骤3: 分析热点概念板块...
   分析 商业航天概念...
   ✅ 商业航天概念: 🔥 高 (新闻15条)
   分析 人工智能概念...
   ✅ 人工智能概念: 🔥 高 (新闻15条)
   分析 数字经济概念...
   ✅ 数字经济概念: 🔥 高 (新闻15条)

🔍 步骤4: 生成投资建议...

✅ 报告已保存: /workspace/projects/workspace/logs/market_review_20260331.md
✅ 飞书API消息发送成功 (interactive)
✅ 飞书卡片消息已发送

============================================================
分析报告:
============================================================
📊 **T01每日市场复盘报告**

分析时间: 2026-03-31 07:12

==================================================

**📈 大盘综述**
3月30日，A股市场低开高走，上证指数由跌转涨。整个A股市场超2800只股票上涨，逾70只股票涨停。铝产业、工业金属、半导体设备等板块表现活跃，电力板块出现明显调整。整个A股市场成交额为1.
93万亿元，较前一交易日小幅放量。
随着上市公司2025年年报逐渐披露，以社保基金、QFII为代表的长线资金最新重仓股曝光。在已披露2025年末十大流通股东名单的上市公司中，有156家上市公司出现社保基金的身影，123家上市公司出现QFII的身影。分析人士认为，中长期资金入市成效显著，长期投资的市场生态逐步完善。市场调整后，中国股市正呈现重要底部特征，市场调整反而是机会，建议积极布局。
A股市场低开高走　　3月30日，亚太股市全线下跌，日经225指数、韩国综合指数均跌近3%。
A股市场低开高走，深证成指、创业板指开盘均跌逾1%。
截至当日收盘，上证指数上涨0.
24%，深证成指、创业板指、科创综指、北证50指数分别下跌0.
25%、0.
68%、0.
18%、0.
84%，上证指数报3923.
29点。
大盘股集中的上证50指数、沪深300指数分别下跌0.
14%、0.
24%。...

==================================================

**🏭 热点行业板块分析**

| 板块 | 持续性 | 新闻数 | 要点 |
|------|--------|--------|------|
| 新能源板块 | 🔥 高 | 15 | 3月26日，A股冲高回落，主要指数下跌调整，电池ETF华夏（512460）低开高走涨幅超1.
31%... |
| 半导体板块 | 🔥 高 | 15 | 中芯国际去年净利润同比增长39%，半导体板块午后持续活跃2026-03-27 14:36:08 21... |
| 电力板块 | 🔥 高 | 12 | 电力板块30日盘中大幅下挫，截至发稿，华电能源、金开新能、晋控电力、华电辽能、长源电力等跌停。华电辽... |

==================================================

**💡 热点概念板块分析**

| 概念 | 持续性 | 新闻数 | 要点 |
|------|--------|--------|------|
| 商业航天概念 | 🔥 高 | 15 | 一、【早盘盘面回顾】
商业航天概念股震荡走强，再升科技、神剑股份、航天动力、中衡设计涨停，超捷股份、... |
| 人工智能概念 | 🔥 高 | 15 | 人工智能概念股走强，天孚通信、协创数据涨超9%，昆仑万维涨超7%。 
 受盘面影响，创业板人工智能相... |
| 数字经济概念 | 🔥 高 | 15 | 在制造领域，以智能工厂、数字车间建设为抓手，组织开展工业互联网进园区、进企业专项活动，推动工业互联网... |

==================================================

**🎯 投资建议**

**重点关注 (高持续性):**

- **电力板块**: 🔥 高 - 新闻12条

- **新能源板块**: 🔥 高 - 新闻15条

- **半导体板块**: 🔥 高 - 新闻15条

**适度关注 (中持续性):**

- 暂无中持续性板块

==================================================

⚠️ 以上分析仅供参考，不构成投资建议。

📅 报告生成时间: 2026-03-31 07:12

============================================================
API使用统计: 12/100 (12.0%)
============================================================

[2026-03-31 07:12:33] [INFO] [t01.task.market_review] ✅ 市场复盘分析完成
[2026-03-31 07:12:33] [INFO] [t01.task.market_review] 任务结束，状态: 成功
