[2026-04-14 21:00:20] [INFO] [t01.task.market_review] ============================================================
[2026-04-14 21:00:20] [INFO] [t01.task.market_review] Cron任务启动: market-review
[2026-04-14 21:00:20] [INFO] [t01.task.market_review] ============================================================
[2026-04-14 21:00:20] [INFO] [t01.task.market_review] 🚀 执行市场复盘分析...
[2026-04-14 21:00:38] [INFO] [t01.task.market_review] ============================================================
T01 每日市场复盘分析
时间: 2026-04-14 21:00:20
============================================================
✅ 已加载 2 个 API Key: mkt_sE...7J8s, mkt_m3...Lmy8

🔍 步骤1: 获取大盘整体点评...
   ✅ 获取成功: 16.44亿元主力资金今日抢筹房地产板块...

🔍 步骤2: 分析热点行业板块...
   分析 电力板块...
   ✅ 电力板块: 🔥 高 (新闻15条)
   分析 新能源板块...
   ✅ 新能源板块: 🔥 高 (新闻15条)
   分析 半导体板块...
   ✅ 半导体板块: 🔥 高 (新闻15条)

🔍 步骤3: 分析热点概念板块...
   分析 商业航天概念...
   ✅ 商业航天概念: 🔥 高 (新闻15条)
   分析 人工智能概念...
   ✅ 人工智能概念: 🔥 高 (新闻15条)
   分析 数字经济概念...
   ✅ 数字经济概念: 🔥 高 (新闻15条)

🔍 步骤4: 生成投资建议...

✅ 报告已保存: /workspace/projects/workspace/logs/market_review_20260414.md
✅ 飞书API消息发送成功 (interactive)
✅ 飞书卡片消息已发送

============================================================
分析报告:
============================================================
📊 **T01每日市场复盘报告**

分析时间: 2026-04-14 21:00

==================================================

**📈 大盘综述**
沪指4月14日上涨0.
95%，申万所属行业中，今日上涨的有27个，涨幅居前的行业为综合、电子，涨幅分别为3.
24%、2.
67%。房地产行业位居今日涨幅榜第三。跌幅居前的行业为石油石化、煤炭、钢铁，跌幅分别为1.
18%、1.
02%、0.
58%。
资金面上看，两市主力资金全天净流出26.
10亿元，今日有11个行业主力资金净流入，电子行业主力资金净流入规模居首，该行业今日上涨2.
67%，全天净流入资金81.
08亿元，其次是国防军工行业，日涨幅为2.
13%，净流入资金为28.
96亿元。主力资金净流出的行业有20个，通信行业主力资金净流出规模居首，全天净流出资金55.
56亿元，其次是计算机行业，净流出资金为33.
32亿元，净流出资金较多的还有基础化工、医药生物、汽车等行业。
房地产行业今日上涨2.
60%，全天主力资金净流入16.
44亿元，该行业所属的个股共99只，今日上涨的有86只，涨停的有8只；下跌的有11只，跌停的有1只。以资金流向数据进行统计，该行业资金净流入的个股有69只，其中，净流入资金超5000万元的有10只，净流入资金居首的是盈新发展，今日净流入资金3...

==================================================

**🏭 热点行业板块分析**

| 板块 | 持续性 | 新闻数 | 要点 |
|------|--------|--------|------|
| 电力板块 | 🔥 高 | 15 | 电力板块13日盘中震荡走高，截至发稿，甘肃能源、浙江新能、华电辽能涨停，豫能控股、嘉泽新能涨超8%，... |
| 新能源板块 | 🔥 高 | 15 | 4月14日，新能源板块反弹，新能源车ETF国泰（159806）大涨2.
3%，固态电池产业化与需求端... |
| 半导体板块 | 🔥 高 | 15 | 全球半导体景气度或将持续上行南方基金郑晓曦紧抓半导体板块成长机遇近日半导体板块表现亮眼。同花顺数据显... |

==================================================

**💡 热点概念板块分析**

| 概念 | 持续性 | 新闻数 | 要点 |
|------|--------|--------|------|
| 商业航天概念 | 🔥 高 | 15 | 66亿元。房地产股今日也表现活跃。临近尾盘，电池板块发力持续拉升，海科新源“20CM”涨停，创历史新... |
| 人工智能概念 | 🔥 高 | 15 | A股三大指数早盘集体高开，AI概念股涨幅居前，协创数据大涨20%，迪普科技、易华录、易点天下涨超5%... |
| 数字经济概念 | 🔥 高 | 15 | 据新华社日内瓦3月31日电 （记者王露、焦倩）2026全球数字经济大会数字经济合作与创新论坛3月31... |

==================================================

**🎯 投资建议**

**重点关注 (高持续性):**

- **电力板块**: 🔥 高 - 新闻15条

- **新能源板块**: 🔥 高 - 新闻15条

- **半导体板块**: 🔥 高 - 新闻15条

**适度关注 (中持续性):**

- 暂无中持续性板块

==================================================

⚠️ 以上分析仅供参考，不构成投资建议。

📅 报告生成时间: 2026-04-14 21:00

============================================================
API使用统计: 20/100 (20.0%)
============================================================

[2026-04-14 21:00:38] [INFO] [t01.task.market_review] ✅ 市场复盘分析完成
[2026-04-14 21:00:38] [INFO] [t01.task.market_review] 任务结束，状态: 成功
