[2026-04-23 16:10:12] [INFO] [t01.task.track] ============================================================
[2026-04-23 16:10:12] [INFO] [t01.task.track] Cron任务启动: track
[2026-04-23 16:10:12] [INFO] [t01.task.track] ============================================================
[2026-04-23 16:10:12] [INFO] [t01.task.track] 🚀 执行结果跟踪任务...
[2026-04-23 16:10:14] [INFO] [t01.task.track] ============================================================
[2026-04-23 16:10:14] [INFO] [t01.task.track] T01 结果跟踪任务启动 - 2026-04-23 16:10:14.329425
[2026-04-23 16:10:14] [INFO] [t01.task.track] ============================================================
[2026-04-23 16:10:14] [INFO] [t01.task.track] 跟踪日期: T日=20260421, T+1日=20260422, T+2日=20260423
[2026-04-23 16:10:14] [WARNING] [t01.task.track] ⚠️ 未找到 20260422 的 T+1 竞价选股结果，尝试获取 T 日选股结果
[2026-04-23 16:10:14] [INFO] [t01.task.track] 📊 获取到 3 只 T 日推荐股票:
[2026-04-23 16:10:14] [INFO] [t01.task.track] 📊 获取到 3 只 T+1 竞价推荐股票:
[2026-04-23 16:10:14] [INFO] [t01.task.track]    1. 300067.SZ 安诺其 - 得分: 70.56
[2026-04-23 16:10:14] [INFO] [t01.task.track]    2. 002982.SZ 湘佳股份 - 得分: 67.07
[2026-04-23 16:10:14] [INFO] [t01.task.track]    3. 000690.SZ 宝新能源 - 得分: 65.61
[2026-04-23 16:10:14] [INFO] [t01.task.track] 📦 获取到 45 只股票的 T日因子评分
[2026-04-23 16:10:14] [INFO] [t01.task.track] 📦 获取到 10 只股票的 T+1 竞价数据
[2026-04-23 16:10:14] [INFO] [t01.task.track] 
📈 开始跟踪 300067.SZ 安诺其 (买入价: 6.06)
[2026-04-23 16:10:14] [INFO] [t01.task.track]    ✅ 20260423: 涨停 (19.97%)，卖出50%仓位
[2026-04-23 16:10:14] [INFO] [t01.task.track]    💹 卖出 50.0% 仓位，价格 7.27，盈利 0.60 元/股
[2026-04-23 16:10:14] [INFO] [t01.task.track]    📊 20260423: 收盘价 7.27，剩余仓位 50.0%，累计盈利 0.60 元/股
[2026-04-23 16:10:14] [WARNING] [t01.task.track]    ⚠️ 20260424: 无行情数据，结束跟踪
[2026-04-23 16:10:14] [INFO] [t01.task.track] 
🏁 300067.SZ 安诺其 跟踪结束:
[2026-04-23 16:10:14] [INFO] [t01.task.track]    总盈利: 0.60 元/股 (9.98%)
[2026-04-23 16:10:14] [INFO] [t01.task.track]    最终仓位: 50.0%
[2026-04-23 16:10:14] [INFO] [t01.task.track]    盈利状态: ✅ 盈利
[2026-04-23 16:10:14] [INFO] [t01.task.track] 
📈 开始跟踪 002982.SZ 湘佳股份 (买入价: 15.55)
[2026-04-23 16:10:14] [INFO] [t01.task.track]    ❌ 20260423: 未涨停 (-2.11%)，卖出全部仓位
[2026-04-23 16:10:14] [INFO] [t01.task.track]    💹 卖出 100.0% 仓位，价格 14.36，盈利 -1.19 元/股
[2026-04-23 16:10:14] [INFO] [t01.task.track]    📊 20260423: 收盘价 14.36，剩余仓位 0.0%，累计盈利 -1.19 元/股
[2026-04-23 16:10:14] [INFO] [t01.task.track] 
🏁 002982.SZ 湘佳股份 跟踪结束:
[2026-04-23 16:10:14] [INFO] [t01.task.track]    总盈利: -1.19 元/股 (-7.65%)
[2026-04-23 16:10:14] [INFO] [t01.task.track]    最终仓位: 0.0%
[2026-04-23 16:10:14] [INFO] [t01.task.track]    盈利状态: ❌ 亏损
[2026-04-23 16:10:14] [INFO] [t01.task.track] 
📈 开始跟踪 000690.SZ 宝新能源 (买入价: 5.25)
[2026-04-23 16:10:14] [INFO] [t01.task.track]    ❌ 20260423: 未涨停 (2.05%)，卖出全部仓位
[2026-04-23 16:10:14] [INFO] [t01.task.track]    💹 卖出 100.0% 仓位，价格 5.48，盈利 0.23 元/股
[2026-04-23 16:10:14] [INFO] [t01.task.track]    📊 20260423: 收盘价 5.48，剩余仓位 0.0%，累计盈利 0.23 元/股
[2026-04-23 16:10:14] [INFO] [t01.task.track] 
🏁 000690.SZ 宝新能源 跟踪结束:
[2026-04-23 16:10:14] [INFO] [t01.task.track]    总盈利: 0.23 元/股 (4.38%)
[2026-04-23 16:10:14] [INFO] [t01.task.track]    最终仓位: 0.0%
[2026-04-23 16:10:14] [INFO] [t01.task.track]    盈利状态: ✅ 盈利
[2026-04-23 16:10:14] [INFO] [t01.task.track] 
============================================================
[2026-04-23 16:10:14] [INFO] [t01.task.track] 📊 多日跟踪收益统计 (T+1日=20260422)
[2026-04-23 16:10:14] [INFO] [t01.task.track] ============================================================
[2026-04-23 16:10:14] [INFO] [t01.task.track]    跟踪股票数: 3
[2026-04-23 16:10:14] [INFO] [t01.task.track]    盈利 (总收益为正): 2 只
[2026-04-23 16:10:14] [INFO] [t01.task.track]    胜率: 66.7%
[2026-04-23 16:10:14] [INFO] [t01.task.track]    平均收益率: 2.24%
[2026-04-23 16:10:14] [INFO] [t01.task.track] ============================================================
[2026-04-23 16:10:14] [INFO] [t01.task.track] ✅ 跟踪结果已保存到数据库
[2026-04-23 16:10:14] [INFO] [t01.task.track] ✅ 机器学习训练数据已保存 (3 条)
[2026-04-23 16:10:15] [INFO] [t01.task.track] ✅ 跟踪消息已发送
[2026-04-23 16:10:15] [INFO] [t01.task.track] ✅ 结果跟踪完成
[2026-04-23 16:10:15] [INFO] [t01.task.track] ============================================================
检查依赖状态...
============================================================
  ✅ pandas
  ✅ numpy
  ✅ sqlalchemy
  ✅ psycopg2
  ✅ schedule
  ✅ tushare
  ✅ sklearn
  ✅ scipy
  ✅ deap
  ✅ requests
  ✅ coze_coding_dev_sdk
  ✅ pptx
  ✅ langchain_core

已安装: 13/13
✅ 日志系统初始化完成
   日志目录: /workspace/projects/workspace/logs/t01
[数据库配置] 使用 SQLITE 数据库
[数据库配置] 连接地址: sqlite:////workspace/projects/workspace/tasks/T01-a-stock-leader-selection/database/t01_stocks.db
✅ 监控模块初始化完成
============================================================
T01 结果跟踪任务启动 - 2026-04-23 16:10:14.329425
============================================================
跟踪日期: T日=20260421, T+1日=20260422, T+2日=20260423
⚠️ 未找到 20260422 的 T+1 竞价选股结果，尝试获取 T 日选股结果
📊 获取到 3 只 T 日推荐股票:
📊 获取到 3 只 T+1 竞价推荐股票:
   1. 300067.SZ 安诺其 - 得分: 70.56
   2. 002982.SZ 湘佳股份 - 得分: 67.07
   3. 000690.SZ 宝新能源 - 得分: 65.61
📦 获取到 45 只股票的 T日因子评分
📦 获取到 10 只股票的 T+1 竞价数据

📈 开始跟踪 300067.SZ 安诺其 (买入价: 6.06)
   ✅ 20260423: 涨停 (19.97%)，卖出50%仓位
   💹 卖出 50.0% 仓位，价格 7.27，盈利 0.60 元/股
   📊 20260423: 收盘价 7.27，剩余仓位 50.0%，累计盈利 0.60 元/股
   ⚠️ 20260424: 无行情数据，结束跟踪

🏁 300067.SZ 安诺其 跟踪结束:
   总盈利: 0.60 元/股 (9.98%)
   最终仓位: 50.0%
   盈利状态: ✅ 盈利

📈 开始跟踪 002982.SZ 湘佳股份 (买入价: 15.55)
   ❌ 20260423: 未涨停 (-2.11%)，卖出全部仓位
   💹 卖出 100.0% 仓位，价格 14.36，盈利 -1.19 元/股
   📊 20260423: 收盘价 14.36，剩余仓位 0.0%，累计盈利 -1.19 元/股

🏁 002982.SZ 湘佳股份 跟踪结束:
   总盈利: -1.19 元/股 (-7.65%)
   最终仓位: 0.0%
   盈利状态: ❌ 亏损

📈 开始跟踪 000690.SZ 宝新能源 (买入价: 5.25)
   ❌ 20260423: 未涨停 (2.05%)，卖出全部仓位
   💹 卖出 100.0% 仓位，价格 5.48，盈利 0.23 元/股
   📊 20260423: 收盘价 5.48，剩余仓位 0.0%，累计盈利 0.23 元/股

🏁 000690.SZ 宝新能源 跟踪结束:
   总盈利: 0.23 元/股 (4.38%)
   最终仓位: 0.0%
   盈利状态: ✅ 盈利

============================================================
📊 多日跟踪收益统计 (T+1日=20260422)
============================================================
   跟踪股票数: 3
   盈利 (总收益为正): 2 只
   胜率: 66.7%
   平均收益率: 2.24%
============================================================
✅ 跟踪结果已保存到数据库
✅ 机器学习训练数据已保存 (3 条)
✅ 飞书API消息发送成功 (interactive)
✅ 跟踪消息已发送
✅ 结果跟踪完成

[2026-04-23 16:10:15] [INFO] [t01.task.track] ✅ 结果跟踪任务完成
[2026-04-23 16:10:15] [INFO] [t01.task.track] 任务结束，状态: 成功
