[2026-05-04 16:10:10] [INFO] [t01.task.track] ============================================================
[2026-05-04 16:10:10] [INFO] [t01.task.track] Cron任务启动: track
[2026-05-04 16:10:10] [INFO] [t01.task.track] ============================================================
[2026-05-04 16:10:10] [INFO] [t01.task.track] 🚀 执行结果跟踪任务...
[2026-05-04 16:10:11] [INFO] [t01.task.track] ============================================================
[2026-05-04 16:10:11] [INFO] [t01.task.track] T01 结果跟踪任务启动 - 2026-05-04 16:10:11.788208
[2026-05-04 16:10:11] [INFO] [t01.task.track] ============================================================
[2026-05-04 16:10:11] [INFO] [t01.task.track] 跟踪日期: T日=20260429, T+1日=20260430, T+2日=20260504
[2026-05-04 16:10:11] [WARNING] [t01.task.track] ⚠️ 未找到 20260430 的 T+1 竞价选股结果，尝试获取 T 日选股结果
[2026-05-04 16:10:11] [INFO] [t01.task.track] 📊 获取到 2 只 T 日推荐股票:
[2026-05-04 16:10:11] [INFO] [t01.task.track] 📊 获取到 2 只 T+1 竞价推荐股票:
[2026-05-04 16:10:11] [INFO] [t01.task.track]    1. 603399.SH 永杉锂业 - 得分: 73.62
[2026-05-04 16:10:11] [INFO] [t01.task.track]    2. 600111.SH 北方稀土 - 得分: 68.1
[2026-05-04 16:10:11] [INFO] [t01.task.track] 📦 获取到 66 只股票的 T日因子评分
[2026-05-04 16:10:11] [INFO] [t01.task.track] 📦 获取到 10 只股票的 T+1 竞价数据
[2026-05-04 16:10:11] [INFO] [t01.task.track] 
📈 开始跟踪 603399.SH 永杉锂业 (买入价: 19.39)
[2026-05-04 16:10:11] [WARNING] [t01.task.track]    ⚠️ 20260504: 无行情数据，结束跟踪
[2026-05-04 16:10:11] [INFO] [t01.task.track] 
🏁 603399.SH 永杉锂业 跟踪结束:
[2026-05-04 16:10:11] [INFO] [t01.task.track]    总盈利: 0.00 元/股 (0.00%)
[2026-05-04 16:10:11] [INFO] [t01.task.track]    最终仓位: 100.0%
[2026-05-04 16:10:11] [INFO] [t01.task.track]    盈利状态: ❌ 亏损
[2026-05-04 16:10:11] [INFO] [t01.task.track] 
📈 开始跟踪 600111.SH 北方稀土 (买入价: 51.88)
[2026-05-04 16:10:11] [WARNING] [t01.task.track]    ⚠️ 20260504: 无行情数据，结束跟踪
[2026-05-04 16:10:11] [INFO] [t01.task.track] 
🏁 600111.SH 北方稀土 跟踪结束:
[2026-05-04 16:10:11] [INFO] [t01.task.track]    总盈利: 0.00 元/股 (0.00%)
[2026-05-04 16:10:11] [INFO] [t01.task.track]    最终仓位: 100.0%
[2026-05-04 16:10:11] [INFO] [t01.task.track]    盈利状态: ❌ 亏损
[2026-05-04 16:10:12] [INFO] [t01.task.track] 
============================================================
[2026-05-04 16:10:12] [INFO] [t01.task.track] 📊 多日跟踪收益统计 (T+1日=20260430)
[2026-05-04 16:10:12] [INFO] [t01.task.track] ============================================================
[2026-05-04 16:10:12] [INFO] [t01.task.track]    跟踪股票数: 2
[2026-05-04 16:10:12] [INFO] [t01.task.track]    盈利 (总收益为正): 0 只
[2026-05-04 16:10:12] [INFO] [t01.task.track]    胜率: 0.0%
[2026-05-04 16:10:12] [INFO] [t01.task.track]    平均收益率: 0.00%
[2026-05-04 16:10:12] [INFO] [t01.task.track] ============================================================
[2026-05-04 16:10:12] [INFO] [t01.task.track] ✅ 跟踪结果已保存到数据库
[2026-05-04 16:10:12] [INFO] [t01.task.track] ✅ 机器学习训练数据已保存 (2 条)
[2026-05-04 16:10:12] [INFO] [t01.task.track] ✅ 跟踪消息已发送
[2026-05-04 16:10:12] [INFO] [t01.task.track] ✅ 结果跟踪完成
[2026-05-04 16:10:12] [INFO] [t01.task.track] ============================================================
检查依赖状态...
============================================================
  ✅ pandas
  ✅ numpy
  ✅ sqlalchemy
  ✅ psycopg2
  ✅ schedule
  ✅ tushare
  ✅ sklearn
  ✅ scipy
  ✅ deap
  ✅ requests
  ✅ coze_coding_dev_sdk
  ✅ pptx
  ✅ langchain_core

已安装: 13/13
✅ 日志系统初始化完成
   日志目录: /workspace/projects/workspace/logs/t01
[数据库配置] 使用 SQLITE 数据库
[数据库配置] 连接地址: sqlite:////workspace/projects/workspace/tasks/T01-a-stock-leader-selection/database/t01_stocks.db
✅ 监控模块初始化完成
============================================================
T01 结果跟踪任务启动 - 2026-05-04 16:10:11.788208
============================================================
跟踪日期: T日=20260429, T+1日=20260430, T+2日=20260504
⚠️ 未找到 20260430 的 T+1 竞价选股结果，尝试获取 T 日选股结果
📊 获取到 2 只 T 日推荐股票:
📊 获取到 2 只 T+1 竞价推荐股票:
   1. 603399.SH 永杉锂业 - 得分: 73.62
   2. 600111.SH 北方稀土 - 得分: 68.1
📦 获取到 66 只股票的 T日因子评分
📦 获取到 10 只股票的 T+1 竞价数据

📈 开始跟踪 603399.SH 永杉锂业 (买入价: 19.39)
   ⚠️ 20260504: 无行情数据，结束跟踪

🏁 603399.SH 永杉锂业 跟踪结束:
   总盈利: 0.00 元/股 (0.00%)
   最终仓位: 100.0%
   盈利状态: ❌ 亏损

📈 开始跟踪 600111.SH 北方稀土 (买入价: 51.88)
   ⚠️ 20260504: 无行情数据，结束跟踪

🏁 600111.SH 北方稀土 跟踪结束:
   总盈利: 0.00 元/股 (0.00%)
   最终仓位: 100.0%
   盈利状态: ❌ 亏损

============================================================
📊 多日跟踪收益统计 (T+1日=20260430)
============================================================
   跟踪股票数: 2
   盈利 (总收益为正): 0 只
   胜率: 0.0%
   平均收益率: 0.00%
============================================================
✅ 跟踪结果已保存到数据库
✅ 机器学习训练数据已保存 (2 条)
✅ 飞书API消息发送成功 (interactive)
✅ 跟踪消息已发送
✅ 结果跟踪完成

[2026-05-04 16:10:12] [INFO] [t01.task.track] ✅ 结果跟踪任务完成
[2026-05-04 16:10:12] [INFO] [t01.task.track] 任务结束，状态: 成功
[2026-05-04 16:10:51] [INFO] [t01.task.track] ============================================================
[2026-05-04 16:10:51] [INFO] [t01.task.track] T01 结果跟踪任务启动 - 2026-05-04 16:10:51.914875
[2026-05-04 16:10:51] [INFO] [t01.task.track] ============================================================
[2026-05-04 16:10:51] [INFO] [t01.task.track] 跟踪日期: T日=20260429, T+1日=20260430, T+2日=20260504
[2026-05-04 16:10:51] [WARNING] [t01.task.track] ⚠️ 未找到 20260430 的 T+1 竞价选股结果，尝试获取 T 日选股结果
[2026-05-04 16:10:51] [INFO] [t01.task.track] 📊 获取到 3 只 T 日推荐股票:
[2026-05-04 16:10:51] [INFO] [t01.task.track] 📊 获取到 3 只 T+1 竞价推荐股票:
[2026-05-04 16:10:51] [INFO] [t01.task.track]    1. 603399.SH 永杉锂业 - 得分: 73.62
[2026-05-04 16:10:51] [INFO] [t01.task.track]    2. 600111.SH 北方稀土 - 得分: 68.1
[2026-05-04 16:10:51] [INFO] [t01.task.track]    3. 300769.SZ 德方纳米 - 得分: 67.21
[2026-05-04 16:10:51] [INFO] [t01.task.track] 📦 获取到 66 只股票的 T日因子评分
[2026-05-04 16:10:51] [INFO] [t01.task.track] 📦 获取到 10 只股票的 T+1 竞价数据
[2026-05-04 16:10:52] [INFO] [t01.task.track] 
📈 开始跟踪 603399.SH 永杉锂业 (买入价: 19.39)
[2026-05-04 16:10:52] [WARNING] [t01.task.track]    ⚠️ 20260504: 无行情数据，结束跟踪
[2026-05-04 16:10:52] [INFO] [t01.task.track] 
🏁 603399.SH 永杉锂业 跟踪结束:
[2026-05-04 16:10:52] [INFO] [t01.task.track]    总盈利: 0.00 元/股 (0.00%)
[2026-05-04 16:10:52] [INFO] [t01.task.track]    最终仓位: 100.0%
[2026-05-04 16:10:52] [INFO] [t01.task.track]    盈利状态: ❌ 亏损
[2026-05-04 16:10:52] [INFO] [t01.task.track] 
📈 开始跟踪 600111.SH 北方稀土 (买入价: 51.88)
[2026-05-04 16:10:52] [WARNING] [t01.task.track]    ⚠️ 20260504: 无行情数据，结束跟踪
[2026-05-04 16:10:52] [INFO] [t01.task.track] 
🏁 600111.SH 北方稀土 跟踪结束:
[2026-05-04 16:10:52] [INFO] [t01.task.track]    总盈利: 0.00 元/股 (0.00%)
[2026-05-04 16:10:52] [INFO] [t01.task.track]    最终仓位: 100.0%
[2026-05-04 16:10:52] [INFO] [t01.task.track]    盈利状态: ❌ 亏损
[2026-05-04 16:10:52] [INFO] [t01.task.track] 
📈 开始跟踪 300769.SZ 德方纳米 (买入价: 69.94)
[2026-05-04 16:10:52] [WARNING] [t01.task.track]    ⚠️ 20260504: 无行情数据，结束跟踪
[2026-05-04 16:10:52] [INFO] [t01.task.track] 
🏁 300769.SZ 德方纳米 跟踪结束:
[2026-05-04 16:10:52] [INFO] [t01.task.track]    总盈利: 0.00 元/股 (0.00%)
[2026-05-04 16:10:52] [INFO] [t01.task.track]    最终仓位: 100.0%
[2026-05-04 16:10:52] [INFO] [t01.task.track]    盈利状态: ❌ 亏损
[2026-05-04 16:10:52] [INFO] [t01.task.track] 
============================================================
[2026-05-04 16:10:52] [INFO] [t01.task.track] 📊 多日跟踪收益统计 (T+1日=20260430)
[2026-05-04 16:10:52] [INFO] [t01.task.track] ============================================================
[2026-05-04 16:10:52] [INFO] [t01.task.track]    跟踪股票数: 3
[2026-05-04 16:10:52] [INFO] [t01.task.track]    盈利 (总收益为正): 0 只
[2026-05-04 16:10:52] [INFO] [t01.task.track]    胜率: 0.0%
[2026-05-04 16:10:52] [INFO] [t01.task.track]    平均收益率: 0.00%
[2026-05-04 16:10:52] [INFO] [t01.task.track] ============================================================
[2026-05-04 16:10:52] [INFO] [t01.task.track] ✅ 跟踪结果已保存到数据库
[2026-05-04 16:10:52] [INFO] [t01.task.track] ✅ 机器学习训练数据已保存 (3 条)
[2026-05-04 16:10:52] [INFO] [t01.task.track] ✅ 跟踪消息已发送
[2026-05-04 16:10:52] [INFO] [t01.task.track] ✅ 结果跟踪完成
