[2026-03-18 19:30:26] [INFO] [t01.task.unifuncs] ============================================================
[2026-03-18 19:30:26] [INFO] [t01.task.unifuncs] Cron任务启动: unifuncs
[2026-03-18 19:30:26] [INFO] [t01.task.unifuncs] ============================================================
[2026-03-18 19:30:26] [INFO] [t01.task.unifuncs] 🚀 执行 Unifuncs 预热任务...
[2026-03-18 19:30:28] [INFO] [t01.task.unifuncs] 开始 Unifuncs 预热...
[2026-03-18 19:40:31] [INFO] [t01.task.unifuncs] ✅ Unifuncs 预热完成
[2026-03-18 19:40:31] [INFO] [t01.task.unifuncs] ============================================================
检查依赖状态...
============================================================
  ✅ pandas
  ✅ numpy
  ✅ sqlalchemy
  ✅ schedule
  ✅ tushare
  ✅ sklearn
  ✅ scipy
  ✅ deap
  ✅ requests

已安装: 9/9
✅ 日志系统初始化完成
   日志目录: /workspace/projects/workspace/logs/t01
✅ 监控模块初始化完成
开始 Unifuncs 预热...

============================================================
Unifuncs 预热任务 - 2026-03-18 19:30:28.884151
============================================================

   ✅ 2026-03-18 是交易日
   创建 Unifuncs 任务...
   提示词: 2026-03-18A股通达信概念板块的热点是什么？请使用通达信概念板块名称（如：稀土永磁、互联金融、数字货币等，不要用申万行业分类）。在2026-03-18所有涨停股票中，剔除连板数大于3的涨停股后，在下一个交易日能继续涨停概率最大的三个股票是什么？
   ✅ 任务创建成功，ID: efe6140b-05a9-4a3a-b75d-774420258391

   开始轮询任务状态（最多5次，间隔5分钟）...

   第 1/5 次查询...
   状态: pending
   等待 5 分钟后继续查询...

   第 2/5 次查询...
   状态: processing
   等待 5 分钟后继续查询...

   第 3/5 次查询...
   状态: completed
   ✅ 任务完成！
   答案长度: 5191

   ✅ 结构化结果已保存到 /workspace/projects/workspace/tasks/T01-a-stock-leader-selection/unifuncs_result.json
   📊 热点板块: ['通达信概念板块']
   📈 推荐股票: []
✅ Unifuncs 预热完成

[2026-03-18 19:40:31] [INFO] [t01.task.unifuncs] ✅ Unifuncs预热任务完成
[2026-03-18 19:40:31] [INFO] [t01.task.unifuncs] 任务结束，状态: 成功
