[2026-05-08 16:10:18] [INFO] [t01.task.track] ============================================================
[2026-05-08 16:10:18] [INFO] [t01.task.track] T01 结果跟踪任务启动 - 2026-05-08 16:10:18.051615
[2026-05-08 16:10:18] [INFO] [t01.task.track] ============================================================
[2026-05-08 16:10:18] [INFO] [t01.task.track] 跟踪日期: T日=20260506, T+1日=20260507, T+2日=20260508
[2026-05-08 16:10:18] [WARNING] [t01.task.track] ⚠️ 未找到 20260507 的 T+1 竞价选股结果，尝试获取 T 日选股结果
[2026-05-08 16:10:18] [INFO] [t01.task.track] 📊 获取到 2 只 T 日推荐股票:
[2026-05-08 16:10:18] [INFO] [t01.task.track] 📊 获取到 2 只 T+1 竞价推荐股票:
[2026-05-08 16:10:18] [INFO] [t01.task.track]    1. 002217.SZ 合力泰 - 得分: 71.39
[2026-05-08 16:10:18] [INFO] [t01.task.track]    2. 002355.SZ 兴民智通 - 得分: 67.92
[2026-05-08 16:10:18] [INFO] [t01.task.track] 📦 获取到 55 只股票的 T日因子评分
[2026-05-08 16:10:18] [INFO] [t01.task.track] 📦 获取到 0 只股票的 T+1 竞价数据
[2026-05-08 16:10:18] [INFO] [t01.task.track] 
📈 开始跟踪 002217.SZ 合力泰 (买入价: 3.40)
[2026-05-08 16:10:18] [INFO] [t01.task.track]    ❌ 20260508: 未涨停 (-2.00%)，卖出全部仓位
[2026-05-08 16:10:18] [INFO] [t01.task.track]    💹 卖出 100.0% 仓位，价格 3.43，盈利 0.03 元/股
[2026-05-08 16:10:18] [INFO] [t01.task.track]    📊 20260508: 收盘价 3.43，剩余仓位 0.0%，累计盈利 0.03 元/股
[2026-05-08 16:10:18] [INFO] [t01.task.track] 
🏁 002217.SZ 合力泰 跟踪结束:
[2026-05-08 16:10:18] [INFO] [t01.task.track]    总盈利: 0.03 元/股 (0.88%)
[2026-05-08 16:10:18] [INFO] [t01.task.track]    最终仓位: 0.0%
[2026-05-08 16:10:18] [INFO] [t01.task.track]    盈利状态: ❌ 亏损
[2026-05-08 16:10:18] [INFO] [t01.task.track] 
📈 开始跟踪 002355.SZ 兴民智通 (买入价: 6.55)
[2026-05-08 16:10:18] [INFO] [t01.task.track]    ❌ 20260508: 未涨停 (1.21%)，卖出全部仓位
[2026-05-08 16:10:18] [INFO] [t01.task.track]    💹 卖出 100.0% 仓位，价格 6.68，盈利 0.13 元/股
[2026-05-08 16:10:18] [INFO] [t01.task.track]    📊 20260508: 收盘价 6.68，剩余仓位 0.0%，累计盈利 0.13 元/股
[2026-05-08 16:10:18] [INFO] [t01.task.track] 
🏁 002355.SZ 兴民智通 跟踪结束:
[2026-05-08 16:10:18] [INFO] [t01.task.track]    总盈利: 0.13 元/股 (1.98%)
[2026-05-08 16:10:18] [INFO] [t01.task.track]    最终仓位: 0.0%
[2026-05-08 16:10:18] [INFO] [t01.task.track]    盈利状态: ❌ 亏损
[2026-05-08 16:10:18] [INFO] [t01.task.track] 
============================================================
[2026-05-08 16:10:18] [INFO] [t01.task.track] 📊 多日跟踪收益统计 (T+1日=20260507)
[2026-05-08 16:10:18] [INFO] [t01.task.track] ============================================================
[2026-05-08 16:10:18] [INFO] [t01.task.track]    跟踪股票数: 2
[2026-05-08 16:10:18] [INFO] [t01.task.track]    盈利 (总收益为正): 0 只
[2026-05-08 16:10:18] [INFO] [t01.task.track]    胜率: 0.0%
[2026-05-08 16:10:18] [INFO] [t01.task.track]    平均收益率: 1.43%
[2026-05-08 16:10:18] [INFO] [t01.task.track] ============================================================
[2026-05-08 16:10:18] [INFO] [t01.task.track] ✅ 跟踪结果已保存到数据库
[2026-05-08 16:10:19] [INFO] [t01.task.track] ✅ 跟踪消息已发送
[2026-05-08 16:10:19] [INFO] [t01.task.track] ✅ 结果跟踪完成
[2026-05-08 16:10:29] [INFO] [t01.task.track] ============================================================
[2026-05-08 16:10:29] [INFO] [t01.task.track] T01 结果跟踪任务启动 - 2026-05-08 16:10:29.497194
[2026-05-08 16:10:29] [INFO] [t01.task.track] ============================================================
[2026-05-08 16:10:29] [INFO] [t01.task.track] 跟踪日期: T日=20260506, T+1日=20260507, T+2日=20260508
[2026-05-08 16:10:29] [WARNING] [t01.task.track] ⚠️ 未找到 20260507 的 T+1 竞价选股结果，尝试获取 T 日选股结果
[2026-05-08 16:10:29] [INFO] [t01.task.track] 📊 获取到 3 只 T 日推荐股票:
[2026-05-08 16:10:29] [INFO] [t01.task.track] 📊 获取到 3 只 T+1 竞价推荐股票:
[2026-05-08 16:10:29] [INFO] [t01.task.track]    1. 002217.SZ 合力泰 - 得分: 71.39
[2026-05-08 16:10:29] [INFO] [t01.task.track]    2. 002355.SZ 兴民智通 - 得分: 67.92
[2026-05-08 16:10:29] [INFO] [t01.task.track]    3. 002158.SZ 汉钟精机 - 得分: 63.12
[2026-05-08 16:10:29] [INFO] [t01.task.track] 📦 获取到 55 只股票的 T日因子评分
[2026-05-08 16:10:29] [INFO] [t01.task.track] 📦 获取到 0 只股票的 T+1 竞价数据
[2026-05-08 16:10:29] [INFO] [t01.task.track] 
📈 开始跟踪 002217.SZ 合力泰 (买入价: 3.40)
[2026-05-08 16:10:29] [INFO] [t01.task.track]    ❌ 20260508: 未涨停 (-2.00%)，卖出全部仓位
[2026-05-08 16:10:29] [INFO] [t01.task.track]    💹 卖出 100.0% 仓位，价格 3.43，盈利 0.03 元/股
[2026-05-08 16:10:29] [INFO] [t01.task.track]    📊 20260508: 收盘价 3.43，剩余仓位 0.0%，累计盈利 0.03 元/股
[2026-05-08 16:10:29] [INFO] [t01.task.track] 
🏁 002217.SZ 合力泰 跟踪结束:
[2026-05-08 16:10:29] [INFO] [t01.task.track]    总盈利: 0.03 元/股 (0.88%)
[2026-05-08 16:10:29] [INFO] [t01.task.track]    最终仓位: 0.0%
[2026-05-08 16:10:29] [INFO] [t01.task.track]    盈利状态: ✅ 盈利
[2026-05-08 16:10:29] [INFO] [t01.task.track] 
📈 开始跟踪 002355.SZ 兴民智通 (买入价: 6.55)
[2026-05-08 16:10:29] [INFO] [t01.task.track]    ❌ 20260508: 未涨停 (1.21%)，卖出全部仓位
[2026-05-08 16:10:29] [INFO] [t01.task.track]    💹 卖出 100.0% 仓位，价格 6.68，盈利 0.13 元/股
[2026-05-08 16:10:29] [INFO] [t01.task.track]    📊 20260508: 收盘价 6.68，剩余仓位 0.0%，累计盈利 0.13 元/股
[2026-05-08 16:10:29] [INFO] [t01.task.track] 
🏁 002355.SZ 兴民智通 跟踪结束:
[2026-05-08 16:10:29] [INFO] [t01.task.track]    总盈利: 0.13 元/股 (1.98%)
[2026-05-08 16:10:29] [INFO] [t01.task.track]    最终仓位: 0.0%
[2026-05-08 16:10:29] [INFO] [t01.task.track]    盈利状态: ✅ 盈利
[2026-05-08 16:10:29] [INFO] [t01.task.track] 
📈 开始跟踪 002158.SZ 汉钟精机 (买入价: 30.68)
[2026-05-08 16:10:29] [INFO] [t01.task.track]    ❌ 20260508: 未涨停 (-1.81%)，卖出全部仓位
[2026-05-08 16:10:29] [INFO] [t01.task.track]    💹 卖出 100.0% 仓位，价格 31.39，盈利 0.71 元/股
[2026-05-08 16:10:29] [INFO] [t01.task.track]    📊 20260508: 收盘价 31.39，剩余仓位 0.0%，累计盈利 0.71 元/股
[2026-05-08 16:10:29] [INFO] [t01.task.track] 
🏁 002158.SZ 汉钟精机 跟踪结束:
[2026-05-08 16:10:29] [INFO] [t01.task.track]    总盈利: 0.71 元/股 (2.31%)
[2026-05-08 16:10:29] [INFO] [t01.task.track]    最终仓位: 0.0%
[2026-05-08 16:10:29] [INFO] [t01.task.track]    盈利状态: ✅ 盈利
[2026-05-08 16:10:29] [INFO] [t01.task.track] 
============================================================
[2026-05-08 16:10:29] [INFO] [t01.task.track] 📊 多日跟踪收益统计 (T+1日=20260507)
[2026-05-08 16:10:29] [INFO] [t01.task.track] ============================================================
[2026-05-08 16:10:29] [INFO] [t01.task.track]    跟踪股票数: 3
[2026-05-08 16:10:29] [INFO] [t01.task.track]    盈利 (总收益为正): 3 只
[2026-05-08 16:10:29] [INFO] [t01.task.track]    胜率: 100.0%
[2026-05-08 16:10:29] [INFO] [t01.task.track]    平均收益率: 1.73%
[2026-05-08 16:10:29] [INFO] [t01.task.track] ============================================================
[2026-05-08 16:10:29] [INFO] [t01.task.track] ✅ 跟踪结果已保存到数据库
[2026-05-08 16:10:30] [INFO] [t01.task.track] ✅ 跟踪消息已发送
[2026-05-08 16:10:30] [INFO] [t01.task.track] ✅ 结果跟踪完成
