[2026-04-15 16:10:17] [INFO] [t01.task.track] ============================================================
[2026-04-15 16:10:17] [INFO] [t01.task.track] T01 结果跟踪任务启动 - 2026-04-15 16:10:17.920353
[2026-04-15 16:10:17] [INFO] [t01.task.track] ============================================================
[2026-04-15 16:10:17] [INFO] [t01.task.track] 跟踪日期: T日=20260413, T+1日=20260414, T+2日=20260415
[2026-04-15 16:10:17] [WARNING] [t01.task.track] ⚠️ 未找到 20260414 的 T+1 竞价选股结果，尝试获取 T 日选股结果
[2026-04-15 16:10:17] [INFO] [t01.task.track] 📊 获取到 3 只 T 日推荐股票:
[2026-04-15 16:10:17] [INFO] [t01.task.track] 📊 获取到 3 只 T+1 竞价推荐股票:
[2026-04-15 16:10:17] [INFO] [t01.task.track]    1. 002297.SZ 博云新材 - 得分: 71.41
[2026-04-15 16:10:17] [INFO] [t01.task.track]    2. 600982.SH 宁波能源 - 得分: 65.91
[2026-04-15 16:10:17] [INFO] [t01.task.track]    3. 301667.SZ 纳百川 - 得分: 65.83
[2026-04-15 16:10:18] [INFO] [t01.task.track] 📦 获取到 45 只股票的 T日因子评分
[2026-04-15 16:10:18] [INFO] [t01.task.track] 📦 获取到 0 只股票的 T+1 竞价数据
[2026-04-15 16:10:18] [INFO] [t01.task.track]    ✅ 002297.SZ 博云新材: 买入13.29 -> 卖出14.62, 收益10.01%
[2026-04-15 16:10:18] [INFO] [t01.task.track]    ❌ 600982.SH 宁波能源: 买入5.99 -> 卖出5.65, 收益-5.68%
[2026-04-15 16:10:18] [INFO] [t01.task.track]    ❌ 301667.SZ 纳百川: 买入107.56 -> 卖出102.90, 收益-4.33%
[2026-04-15 16:10:18] [INFO] [t01.task.track] ============================================================
[2026-04-15 16:10:18] [INFO] [t01.task.track] 📈 T+1 竞价选股 T+2 收益统计 (20260414)
[2026-04-15 16:10:18] [INFO] [t01.task.track] ============================================================
[2026-04-15 16:10:18] [INFO] [t01.task.track]    跟踪股票数: 3
[2026-04-15 16:10:18] [INFO] [t01.task.track]    盈利 (>3%): 1 只
[2026-04-15 16:10:18] [INFO] [t01.task.track]    胜率: 33.3%
[2026-04-15 16:10:18] [INFO] [t01.task.track]    平均收益率: 0.00%
[2026-04-15 16:10:18] [INFO] [t01.task.track] ============================================================
[2026-04-15 16:10:18] [INFO] [t01.task.track] ✅ 跟踪结果已保存到数据库
[2026-04-15 16:10:19] [INFO] [t01.task.track] ✅ 跟踪消息已发送
[2026-04-15 16:10:19] [INFO] [t01.task.track] ✅ 结果跟踪完成
