[2026-05-08 03:02:09] [INFO] [t01.task.deps_check] ============================================================
[2026-05-08 03:02:09] [INFO] [t01.task.deps_check] T01-Deps-Check 依赖检查 - 2026-05-08 03:02:09.434009
[2026-05-08 03:02:09] [INFO] [t01.task.deps_check] ============================================================
[2026-05-08 03:02:09] [INFO] [t01.task.deps_check] ✅ Tushare API 连接正常
[2026-05-08 03:02:09] [INFO] [t01.task.deps_check] ✅ 数据库连接正常
[2026-05-08 03:02:09] [INFO] [t01.task.deps_check] ✅ T日(20260507)选股数据: 10 只
[2026-05-08 03:02:09] [WARNING] [t01.task.deps_check] ⚠️ 今日市场情绪数据缺失
[2026-05-08 03:02:09] [INFO] [t01.task.deps_check] ✅ T01-Deps-Check 依赖检查通过，09:27可执行竞价选股
[2026-05-08 05:07:21] [INFO] [t01.task.deps_check] ============================================================
[2026-05-08 05:07:21] [INFO] [t01.task.deps_check] T01-Deps-Check 依赖检查 - 2026-05-08 05:07:21.874361
[2026-05-08 05:07:21] [INFO] [t01.task.deps_check] ============================================================
[2026-05-08 05:07:21] [INFO] [t01.task.deps_check] ✅ Tushare API 连接正常
[2026-05-08 05:07:21] [INFO] [t01.task.deps_check] ✅ 数据库连接正常
[2026-05-08 05:07:21] [INFO] [t01.task.deps_check] ✅ T日(20260507)选股数据: 10 只
[2026-05-08 05:07:21] [WARNING] [t01.task.deps_check] ⚠️ 今日市场情绪数据缺失
[2026-05-08 05:07:21] [INFO] [t01.task.deps_check] ✅ T01-Deps-Check 依赖检查通过，09:27可执行竞价选股
[2026-05-08 09:00:09] [INFO] [t01.task.deps_check] ============================================================
[2026-05-08 09:00:09] [INFO] [t01.task.deps_check] T01-Deps-Check 依赖检查 - 2026-05-08 09:00:09.230712
[2026-05-08 09:00:09] [INFO] [t01.task.deps_check] ============================================================
[2026-05-08 09:00:09] [INFO] [t01.task.deps_check] ✅ Tushare API 连接正常
[2026-05-08 09:00:09] [ERROR] [t01.task.deps_check] ❌ 数据库异常: No module named 'database.db_manager'
[2026-05-08 09:00:09] [WARNING] [t01.task.deps_check] ⚠️ T日数据检查: cannot import name 'TDailySelectionEngine' from 'selection_engine' (/workspace/projects/workspace/tasks/T01-a-stock-leader-selection/selection_engine.py)
[2026-05-08 09:00:09] [WARNING] [t01.task.deps_check] ⚠️ 市场情绪检查: cannot access local variable 'session' where it is not associated with a value
[2026-05-08 09:00:09] [ERROR] [t01.task.deps_check] ❌ T01-Deps-Check 依赖检查失败: ["数据库: No module named 'database.db_manager'", "T日数据: cannot import name 'TDailySelectionEngine' from 'selection_engine' (/workspace/projects/workspace/tasks/T01-a-stock-leader-selection/selection_engine.py)", "市场情绪: cannot access local variable 'session' where it is not associated with a value"]
[2026-05-08 09:02:45] [INFO] [t01.task.deps_check] ============================================================
[2026-05-08 09:02:45] [INFO] [t01.task.deps_check] T01-Deps-Check 依赖检查 - 2026-05-08 09:02:45.714681
[2026-05-08 09:02:45] [INFO] [t01.task.deps_check] ============================================================
[2026-05-08 09:02:45] [INFO] [t01.task.deps_check] ✅ Tushare API 连接正常
[2026-05-08 09:02:45] [INFO] [t01.task.deps_check] ✅ 数据库连接正常
[2026-05-08 09:02:45] [INFO] [t01.task.deps_check] ✅ T日(20260507)选股数据: 10 只
[2026-05-08 09:02:45] [WARNING] [t01.task.deps_check] ⚠️ 今日市场情绪数据缺失
[2026-05-08 09:02:45] [INFO] [t01.task.deps_check] ✅ T01-Deps-Check 依赖检查通过，09:27可执行竞价选股
[2026-05-08 15:33:46] [INFO] [t01.task.deps_check] ============================================================
[2026-05-08 15:33:46] [INFO] [t01.task.deps_check] T01-Deps-Check 依赖检查 - 2026-05-08 15:33:46.953619
[2026-05-08 15:33:46] [INFO] [t01.task.deps_check] ============================================================
[2026-05-08 15:33:46] [INFO] [t01.task.deps_check] ✅ Tushare API 连接正常
[2026-05-08 15:33:46] [INFO] [t01.task.deps_check] ✅ 数据库连接正常
[2026-05-08 15:33:46] [INFO] [t01.task.deps_check] ✅ T日(20260507)选股数据: 10 只
[2026-05-08 15:33:46] [WARNING] [t01.task.deps_check] ⚠️ 今日市场情绪数据缺失
[2026-05-08 15:33:47] [INFO] [t01.task.deps_check] ✅ T01-Deps-Check 依赖检查通过，09:27可执行竞价选股
