[2026-04-29 16:10:00] [INFO] [t01.task.track] ============================================================
[2026-04-29 16:10:00] [INFO] [t01.task.track] T01 结果跟踪任务启动 - 2026-04-29 16:10:00.729716
[2026-04-29 16:10:00] [INFO] [t01.task.track] ============================================================
[2026-04-29 16:10:00] [INFO] [t01.task.track] 跟踪日期: T日=20260427, T+1日=20260428, T+2日=20260429
[2026-04-29 16:10:00] [INFO] [t01.task.track] 📊 获取到 1 只 T+1 竞价推荐股票:
[2026-04-29 16:10:00] [INFO] [t01.task.track]    1. 000925.SZ 众合科技 - 得分: 76.6
[2026-04-29 16:10:00] [INFO] [t01.task.track] 📦 获取到 47 只股票的 T日因子评分
[2026-04-29 16:10:00] [INFO] [t01.task.track] 📦 获取到 10 只股票的 T+1 竞价数据
[2026-04-29 16:10:00] [INFO] [t01.task.track] 
📈 开始跟踪 000925.SZ 众合科技 (买入价: 10.28)
[2026-04-29 16:10:00] [INFO] [t01.task.track]    ❌ 20260429: 未涨停 (0.00%)，卖出全部仓位
[2026-04-29 16:10:00] [INFO] [t01.task.track]    💹 卖出 100.0% 仓位，价格 9.76，盈利 -0.52 元/股
[2026-04-29 16:10:00] [INFO] [t01.task.track]    📊 20260429: 收盘价 9.76，剩余仓位 0.0%，累计盈利 -0.52 元/股
[2026-04-29 16:10:00] [INFO] [t01.task.track] 
🏁 000925.SZ 众合科技 跟踪结束:
[2026-04-29 16:10:00] [INFO] [t01.task.track]    总盈利: -0.52 元/股 (-5.06%)
[2026-04-29 16:10:00] [INFO] [t01.task.track]    最终仓位: 0.0%
[2026-04-29 16:10:00] [INFO] [t01.task.track]    盈利状态: ❌ 亏损
[2026-04-29 16:10:00] [INFO] [t01.task.track] 
============================================================
[2026-04-29 16:10:00] [INFO] [t01.task.track] 📊 多日跟踪收益统计 (T+1日=20260428)
[2026-04-29 16:10:00] [INFO] [t01.task.track] ============================================================
[2026-04-29 16:10:00] [INFO] [t01.task.track]    跟踪股票数: 1
[2026-04-29 16:10:00] [INFO] [t01.task.track]    盈利 (总收益为正): 0 只
[2026-04-29 16:10:00] [INFO] [t01.task.track]    胜率: 0.0%
[2026-04-29 16:10:00] [INFO] [t01.task.track]    平均收益率: -5.06%
[2026-04-29 16:10:00] [INFO] [t01.task.track] ============================================================
[2026-04-29 16:10:00] [INFO] [t01.task.track] ✅ 跟踪结果已保存到数据库
[2026-04-29 16:10:00] [INFO] [t01.task.track] ✅ 机器学习训练数据已保存 (1 条)
[2026-04-29 16:10:01] [INFO] [t01.task.track] ✅ 跟踪消息已发送
[2026-04-29 16:10:01] [INFO] [t01.task.track] ✅ 结果跟踪完成
[2026-04-29 16:10:12] [INFO] [t01.task.track] ============================================================
[2026-04-29 16:10:12] [INFO] [t01.task.track] Cron任务启动: track
[2026-04-29 16:10:12] [INFO] [t01.task.track] ============================================================
[2026-04-29 16:10:12] [INFO] [t01.task.track] 🚀 执行结果跟踪任务...
[2026-04-29 16:10:13] [INFO] [t01.task.track] ============================================================
[2026-04-29 16:10:13] [INFO] [t01.task.track] T01 结果跟踪任务启动 - 2026-04-29 16:10:13.805005
[2026-04-29 16:10:13] [INFO] [t01.task.track] ============================================================
[2026-04-29 16:10:13] [INFO] [t01.task.track] 跟踪日期: T日=20260427, T+1日=20260428, T+2日=20260429
[2026-04-29 16:10:13] [INFO] [t01.task.track] 📊 获取到 1 只 T+1 竞价推荐股票:
[2026-04-29 16:10:13] [INFO] [t01.task.track]    1. 000925.SZ 众合科技 - 得分: 76.6
[2026-04-29 16:10:13] [INFO] [t01.task.track] 📦 获取到 47 只股票的 T日因子评分
[2026-04-29 16:10:13] [INFO] [t01.task.track] 📦 获取到 10 只股票的 T+1 竞价数据
[2026-04-29 16:10:13] [INFO] [t01.task.track] 
📈 开始跟踪 000925.SZ 众合科技 (买入价: 10.28)
[2026-04-29 16:10:13] [INFO] [t01.task.track]    ❌ 20260429: 未涨停 (0.00%)，卖出全部仓位
[2026-04-29 16:10:13] [INFO] [t01.task.track]    💹 卖出 100.0% 仓位，价格 9.76，盈利 -0.52 元/股
[2026-04-29 16:10:13] [INFO] [t01.task.track]    📊 20260429: 收盘价 9.76，剩余仓位 0.0%，累计盈利 -0.52 元/股
[2026-04-29 16:10:13] [INFO] [t01.task.track] 
🏁 000925.SZ 众合科技 跟踪结束:
[2026-04-29 16:10:13] [INFO] [t01.task.track]    总盈利: -0.52 元/股 (-5.06%)
[2026-04-29 16:10:13] [INFO] [t01.task.track]    最终仓位: 0.0%
[2026-04-29 16:10:13] [INFO] [t01.task.track]    盈利状态: ❌ 亏损
[2026-04-29 16:10:14] [INFO] [t01.task.track] 
============================================================
[2026-04-29 16:10:14] [INFO] [t01.task.track] 📊 多日跟踪收益统计 (T+1日=20260428)
[2026-04-29 16:10:14] [INFO] [t01.task.track] ============================================================
[2026-04-29 16:10:14] [INFO] [t01.task.track]    跟踪股票数: 1
[2026-04-29 16:10:14] [INFO] [t01.task.track]    盈利 (总收益为正): 0 只
[2026-04-29 16:10:14] [INFO] [t01.task.track]    胜率: 0.0%
[2026-04-29 16:10:14] [INFO] [t01.task.track]    平均收益率: -5.06%
[2026-04-29 16:10:14] [INFO] [t01.task.track] ============================================================
[2026-04-29 16:10:14] [INFO] [t01.task.track] ✅ 跟踪结果已保存到数据库
[2026-04-29 16:10:14] [INFO] [t01.task.track] ✅ 机器学习训练数据已保存 (1 条)
[2026-04-29 16:10:14] [INFO] [t01.task.track] ✅ 跟踪消息已发送
[2026-04-29 16:10:14] [INFO] [t01.task.track] ✅ 结果跟踪完成
[2026-04-29 16:10:15] [INFO] [t01.task.track] ============================================================
检查依赖状态...
============================================================
  ✅ pandas
  ✅ numpy
  ✅ sqlalchemy
  ✅ psycopg2
  ✅ schedule
  ✅ tushare
  ✅ sklearn
  ✅ scipy
  ✅ deap
  ✅ requests
  ✅ coze_coding_dev_sdk
  ✅ pptx
  ✅ langchain_core

已安装: 13/13
✅ 日志系统初始化完成
   日志目录: /workspace/projects/workspace/logs/t01
[数据库配置] 使用 SQLITE 数据库
[数据库配置] 连接地址: sqlite:////workspace/projects/workspace/tasks/T01-a-stock-leader-selection/database/t01_stocks.db
✅ 监控模块初始化完成
============================================================
T01 结果跟踪任务启动 - 2026-04-29 16:10:13.805005
============================================================
跟踪日期: T日=20260427, T+1日=20260428, T+2日=20260429
📊 获取到 1 只 T+1 竞价推荐股票:
   1. 000925.SZ 众合科技 - 得分: 76.6
📦 获取到 47 只股票的 T日因子评分
📦 获取到 10 只股票的 T+1 竞价数据

📈 开始跟踪 000925.SZ 众合科技 (买入价: 10.28)
   ❌ 20260429: 未涨停 (0.00%)，卖出全部仓位
   💹 卖出 100.0% 仓位，价格 9.76，盈利 -0.52 元/股
   📊 20260429: 收盘价 9.76，剩余仓位 0.0%，累计盈利 -0.52 元/股

🏁 000925.SZ 众合科技 跟踪结束:
   总盈利: -0.52 元/股 (-5.06%)
   最终仓位: 0.0%
   盈利状态: ❌ 亏损

============================================================
📊 多日跟踪收益统计 (T+1日=20260428)
============================================================
   跟踪股票数: 1
   盈利 (总收益为正): 0 只
   胜率: 0.0%
   平均收益率: -5.06%
============================================================
✅ 跟踪结果已保存到数据库
✅ 机器学习训练数据已保存 (1 条)
✅ 飞书API消息发送成功 (interactive)
✅ 跟踪消息已发送
✅ 结果跟踪完成

[2026-04-29 16:10:15] [INFO] [t01.task.track] ✅ 结果跟踪任务完成
[2026-04-29 16:10:15] [INFO] [t01.task.track] 任务结束，状态: 成功
