[2026-03-20 16:10:34] [INFO] [t01.task.track] ============================================================
[2026-03-20 16:10:34] [INFO] [t01.task.track] Cron任务启动: track
[2026-03-20 16:10:34] [INFO] [t01.task.track] ============================================================
[2026-03-20 16:10:34] [INFO] [t01.task.track] 🚀 执行结果跟踪任务...
[2026-03-20 16:10:36] [INFO] [t01.task.track] ============================================================
[2026-03-20 16:10:36] [INFO] [t01.task.track] T01 结果跟踪任务启动 - 2026-03-20 16:10:36.547792
[2026-03-20 16:10:36] [INFO] [t01.task.track] ============================================================
[2026-03-20 16:10:36] [INFO] [t01.task.track] 跟踪日期: T日=20260318, T+1日=20260319, T+2日=20260320
[2026-03-20 16:10:36] [INFO] [t01.task.track] 📊 获取到 3 只 T+1 竞价推荐股票:
[2026-03-20 16:10:36] [INFO] [t01.task.track]    1. 603387.SH 基蛋生物 - 得分: 73.69
[2026-03-20 16:10:36] [INFO] [t01.task.track]    2. 000020.SZ 深华发Ａ - 得分: 72.87
[2026-03-20 16:10:36] [INFO] [t01.task.track]    3. 000601.SZ 韶能股份 - 得分: 69.7
[2026-03-20 16:10:36] [INFO] [t01.task.track] 📦 获取到 49 只股票的 T日因子评分
[2026-03-20 16:10:36] [INFO] [t01.task.track] 📦 获取到 0 只股票的 T+1 竞价数据
[2026-03-20 16:10:36] [INFO] [t01.task.track]    ❌ 603387.SH 基蛋生物: 买入11.28 -> 卖出9.65, 收益-14.45%
[2026-03-20 16:10:36] [INFO] [t01.task.track]    ✅ 000020.SZ 深华发Ａ: 买入21.21 -> 卖出23.33, 收益10.00%
[2026-03-20 16:10:36] [INFO] [t01.task.track]    ✅ 000601.SZ 韶能股份: 买入7.40 -> 卖出8.14, 收益10.00%
[2026-03-20 16:10:36] [INFO] [t01.task.track] ============================================================
[2026-03-20 16:10:36] [INFO] [t01.task.track] 📈 T+1 竞价选股 T+2 收益统计 (20260319)
[2026-03-20 16:10:36] [INFO] [t01.task.track] ============================================================
[2026-03-20 16:10:36] [INFO] [t01.task.track]    跟踪股票数: 3
[2026-03-20 16:10:36] [INFO] [t01.task.track]    盈利 (>3%): 2 只
[2026-03-20 16:10:36] [INFO] [t01.task.track]    胜率: 66.7%
[2026-03-20 16:10:36] [INFO] [t01.task.track]    平均收益率: 1.85%
[2026-03-20 16:10:36] [INFO] [t01.task.track] ============================================================
[2026-03-20 16:10:36] [INFO] [t01.task.track] ✅ 跟踪结果已保存到数据库
[2026-03-20 16:10:36] [INFO] [t01.task.track] ✅ 跟踪消息已发送
[2026-03-20 16:10:36] [INFO] [t01.task.track] ✅ 结果跟踪完成
[2026-03-20 16:10:37] [INFO] [t01.task.track] ============================================================
检查依赖状态...
============================================================
  ✅ pandas
  ✅ numpy
  ✅ sqlalchemy
  ✅ schedule
  ✅ tushare
  ✅ sklearn
  ✅ scipy
  ✅ deap
  ✅ requests

已安装: 9/9
✅ 日志系统初始化完成
   日志目录: /workspace/projects/workspace/logs/t01
✅ 监控模块初始化完成
============================================================
T01 结果跟踪任务启动 - 2026-03-20 16:10:36.547792
============================================================
跟踪日期: T日=20260318, T+1日=20260319, T+2日=20260320
📊 获取到 3 只 T+1 竞价推荐股票:
   1. 603387.SH 基蛋生物 - 得分: 73.69
   2. 000020.SZ 深华发Ａ - 得分: 72.87
   3. 000601.SZ 韶能股份 - 得分: 69.7
📦 获取到 49 只股票的 T日因子评分
📦 获取到 0 只股票的 T+1 竞价数据
   ❌ 603387.SH 基蛋生物: 买入11.28 -> 卖出9.65, 收益-14.45%
   ✅ 000020.SZ 深华发Ａ: 买入21.21 -> 卖出23.33, 收益10.00%
   ✅ 000601.SZ 韶能股份: 买入7.40 -> 卖出8.14, 收益10.00%
============================================================
📈 T+1 竞价选股 T+2 收益统计 (20260319)
============================================================
   跟踪股票数: 3
   盈利 (>3%): 2 只
   胜率: 66.7%
   平均收益率: 1.85%
============================================================
✅ 跟踪结果已保存到数据库
⚠️ 未配置飞书Webhook，消息将保存到文件
✅ 消息已保存到: /workspace/projects/workspace/logs/messages/track_2026-03-20_20260320_161036.txt
✅ 跟踪消息已发送
✅ 结果跟踪完成

[2026-03-20 16:10:37] [INFO] [t01.task.track] ✅ 结果跟踪任务完成
[2026-03-20 16:10:37] [INFO] [t01.task.track] 任务结束，状态: 成功
