[2026-04-24 16:10:09] [INFO] [t01.task.track] ============================================================
[2026-04-24 16:10:09] [INFO] [t01.task.track] T01 结果跟踪任务启动 - 2026-04-24 16:10:09.415762
[2026-04-24 16:10:09] [INFO] [t01.task.track] ============================================================
[2026-04-24 16:10:09] [INFO] [t01.task.track] 跟踪日期: T日=20260422, T+1日=20260423, T+2日=20260424
[2026-04-24 16:10:09] [WARNING] [t01.task.track] ⚠️ 未找到 20260423 的 T+1 竞价选股结果，尝试获取 T 日选股结果
[2026-04-24 16:10:09] [INFO] [t01.task.track] 📊 获取到 2 只 T 日推荐股票:
[2026-04-24 16:10:09] [INFO] [t01.task.track] 📊 获取到 2 只 T+1 竞价推荐股票:
[2026-04-24 16:10:09] [INFO] [t01.task.track]    1. 300067.SZ 安诺其 - 得分: 74.53
[2026-04-24 16:10:09] [INFO] [t01.task.track]    2. 600736.SH 苏州高新 - 得分: 70.97
[2026-04-24 16:10:09] [INFO] [t01.task.track] 📦 获取到 41 只股票的 T日因子评分
[2026-04-24 16:10:09] [INFO] [t01.task.track] 📦 获取到 10 只股票的 T+1 竞价数据
[2026-04-24 16:10:09] [INFO] [t01.task.track] 
📈 开始跟踪 300067.SZ 安诺其 (买入价: 7.27)
[2026-04-24 16:10:09] [INFO] [t01.task.track]    ❌ 20260424: 未涨停 (-8.25%)，卖出全部仓位
[2026-04-24 16:10:09] [INFO] [t01.task.track]    💹 卖出 100.0% 仓位，价格 6.67，盈利 -0.60 元/股
[2026-04-24 16:10:09] [INFO] [t01.task.track]    📊 20260424: 收盘价 6.67，剩余仓位 0.0%，累计盈利 -0.60 元/股
[2026-04-24 16:10:09] [INFO] [t01.task.track] 
🏁 300067.SZ 安诺其 跟踪结束:
[2026-04-24 16:10:09] [INFO] [t01.task.track]    总盈利: -0.60 元/股 (-8.25%)
[2026-04-24 16:10:09] [INFO] [t01.task.track]    最终仓位: 0.0%
[2026-04-24 16:10:09] [INFO] [t01.task.track]    盈利状态: ❌ 亏损
[2026-04-24 16:10:09] [INFO] [t01.task.track] 
📈 开始跟踪 600736.SH 苏州高新 (买入价: 8.37)
[2026-04-24 16:10:09] [INFO] [t01.task.track]    ❌ 20260424: 未涨停 (1.55%)，卖出全部仓位
[2026-04-24 16:10:09] [INFO] [t01.task.track]    💹 卖出 100.0% 仓位，价格 8.50，盈利 0.13 元/股
[2026-04-24 16:10:09] [INFO] [t01.task.track]    📊 20260424: 收盘价 8.50，剩余仓位 0.0%，累计盈利 0.13 元/股
[2026-04-24 16:10:09] [INFO] [t01.task.track] 
🏁 600736.SH 苏州高新 跟踪结束:
[2026-04-24 16:10:09] [INFO] [t01.task.track]    总盈利: 0.13 元/股 (1.55%)
[2026-04-24 16:10:09] [INFO] [t01.task.track]    最终仓位: 0.0%
[2026-04-24 16:10:09] [INFO] [t01.task.track]    盈利状态: ❌ 亏损
[2026-04-24 16:10:09] [INFO] [t01.task.track] 
============================================================
[2026-04-24 16:10:09] [INFO] [t01.task.track] 📊 多日跟踪收益统计 (T+1日=20260423)
[2026-04-24 16:10:09] [INFO] [t01.task.track] ============================================================
[2026-04-24 16:10:09] [INFO] [t01.task.track]    跟踪股票数: 2
[2026-04-24 16:10:09] [INFO] [t01.task.track]    盈利 (总收益为正): 0 只
[2026-04-24 16:10:09] [INFO] [t01.task.track]    胜率: 0.0%
[2026-04-24 16:10:09] [INFO] [t01.task.track]    平均收益率: -3.35%
[2026-04-24 16:10:09] [INFO] [t01.task.track] ============================================================
[2026-04-24 16:10:09] [INFO] [t01.task.track] ✅ 跟踪结果已保存到数据库
[2026-04-24 16:10:09] [INFO] [t01.task.track] ✅ 机器学习训练数据已保存 (2 条)
[2026-04-24 16:10:10] [INFO] [t01.task.track] ✅ 跟踪消息已发送
[2026-04-24 16:10:10] [INFO] [t01.task.track] ✅ 结果跟踪完成
[2026-04-24 16:10:58] [INFO] [t01.task.track] ============================================================
[2026-04-24 16:10:58] [INFO] [t01.task.track] T01 结果跟踪任务启动 - 2026-04-24 16:10:58.033322
[2026-04-24 16:10:58] [INFO] [t01.task.track] ============================================================
[2026-04-24 16:10:58] [INFO] [t01.task.track] 跟踪日期: T日=20260422, T+1日=20260423, T+2日=20260424
[2026-04-24 16:10:58] [WARNING] [t01.task.track] ⚠️ 未找到 20260423 的 T+1 竞价选股结果，尝试获取 T 日选股结果
[2026-04-24 16:10:58] [INFO] [t01.task.track] 📊 获取到 3 只 T 日推荐股票:
[2026-04-24 16:10:58] [INFO] [t01.task.track] 📊 获取到 3 只 T+1 竞价推荐股票:
[2026-04-24 16:10:58] [INFO] [t01.task.track]    1. 300067.SZ 安诺其 - 得分: 74.53
[2026-04-24 16:10:58] [INFO] [t01.task.track]    2. 600736.SH 苏州高新 - 得分: 70.97
[2026-04-24 16:10:58] [INFO] [t01.task.track]    3. 001234.SZ 泰慕士 - 得分: 64.45
[2026-04-24 16:10:58] [INFO] [t01.task.track] 📦 获取到 41 只股票的 T日因子评分
[2026-04-24 16:10:58] [INFO] [t01.task.track] 📦 获取到 10 只股票的 T+1 竞价数据
[2026-04-24 16:10:58] [INFO] [t01.task.track] 
📈 开始跟踪 300067.SZ 安诺其 (买入价: 7.27)
[2026-04-24 16:10:58] [INFO] [t01.task.track]    ❌ 20260424: 未涨停 (-8.25%)，卖出全部仓位
[2026-04-24 16:10:58] [INFO] [t01.task.track]    💹 卖出 100.0% 仓位，价格 6.67，盈利 -0.60 元/股
[2026-04-24 16:10:58] [INFO] [t01.task.track]    📊 20260424: 收盘价 6.67，剩余仓位 0.0%，累计盈利 -0.60 元/股
[2026-04-24 16:10:58] [INFO] [t01.task.track] 
🏁 300067.SZ 安诺其 跟踪结束:
[2026-04-24 16:10:58] [INFO] [t01.task.track]    总盈利: -0.60 元/股 (-8.25%)
[2026-04-24 16:10:58] [INFO] [t01.task.track]    最终仓位: 0.0%
[2026-04-24 16:10:58] [INFO] [t01.task.track]    盈利状态: ❌ 亏损
[2026-04-24 16:10:58] [INFO] [t01.task.track] 
📈 开始跟踪 600736.SH 苏州高新 (买入价: 8.37)
[2026-04-24 16:10:58] [INFO] [t01.task.track]    ❌ 20260424: 未涨停 (1.55%)，卖出全部仓位
[2026-04-24 16:10:58] [INFO] [t01.task.track]    💹 卖出 100.0% 仓位，价格 8.50，盈利 0.13 元/股
[2026-04-24 16:10:58] [INFO] [t01.task.track]    📊 20260424: 收盘价 8.50，剩余仓位 0.0%，累计盈利 0.13 元/股
[2026-04-24 16:10:58] [INFO] [t01.task.track] 
🏁 600736.SH 苏州高新 跟踪结束:
[2026-04-24 16:10:58] [INFO] [t01.task.track]    总盈利: 0.13 元/股 (1.55%)
[2026-04-24 16:10:58] [INFO] [t01.task.track]    最终仓位: 0.0%
[2026-04-24 16:10:58] [INFO] [t01.task.track]    盈利状态: ✅ 盈利
[2026-04-24 16:10:58] [INFO] [t01.task.track] 
📈 开始跟踪 001234.SZ 泰慕士 (买入价: 29.82)
[2026-04-24 16:10:58] [INFO] [t01.task.track]    ✅ 20260424: 涨停 (9.99%)，卖出50%仓位
[2026-04-24 16:10:58] [INFO] [t01.task.track]    💹 卖出 50.0% 仓位，价格 35.77，盈利 2.98 元/股
[2026-04-24 16:10:58] [INFO] [t01.task.track]    📊 20260424: 收盘价 35.77，剩余仓位 50.0%，累计盈利 2.98 元/股
[2026-04-24 16:10:58] [WARNING] [t01.task.track]    ⚠️ 20260427: 无行情数据，结束跟踪
[2026-04-24 16:10:58] [INFO] [t01.task.track] 
🏁 001234.SZ 泰慕士 跟踪结束:
[2026-04-24 16:10:58] [INFO] [t01.task.track]    总盈利: 2.98 元/股 (9.98%)
[2026-04-24 16:10:58] [INFO] [t01.task.track]    最终仓位: 50.0%
[2026-04-24 16:10:58] [INFO] [t01.task.track]    盈利状态: ✅ 盈利
[2026-04-24 16:10:58] [INFO] [t01.task.track] 
============================================================
[2026-04-24 16:10:58] [INFO] [t01.task.track] 📊 多日跟踪收益统计 (T+1日=20260423)
[2026-04-24 16:10:58] [INFO] [t01.task.track] ============================================================
[2026-04-24 16:10:58] [INFO] [t01.task.track]    跟踪股票数: 3
[2026-04-24 16:10:58] [INFO] [t01.task.track]    盈利 (总收益为正): 2 只
[2026-04-24 16:10:58] [INFO] [t01.task.track]    胜率: 66.7%
[2026-04-24 16:10:58] [INFO] [t01.task.track]    平均收益率: 1.09%
[2026-04-24 16:10:58] [INFO] [t01.task.track] ============================================================
[2026-04-24 16:10:58] [INFO] [t01.task.track] ✅ 跟踪结果已保存到数据库
[2026-04-24 16:10:58] [INFO] [t01.task.track] ✅ 机器学习训练数据已保存 (3 条)
[2026-04-24 16:10:59] [INFO] [t01.task.track] ✅ 跟踪消息已发送
[2026-04-24 16:10:59] [INFO] [t01.task.track] ✅ 结果跟踪完成
