[2026-04-05 20:00:21] [INFO] [t01.task.evolution] ============================================================
[2026-04-05 20:00:21] [INFO] [t01.task.evolution] Cron任务启动: evolution
[2026-04-05 20:00:21] [INFO] [t01.task.evolution] ============================================================
[2026-04-05 20:00:21] [INFO] [t01.task.evolution] 🚀 执行策略进化任务...
[2026-04-05 20:00:24] [INFO] [t01.task.evolution] ============================================================
[2026-04-05 20:00:24] [INFO] [t01.task.evolution] T01 策略进化任务启动 - 2026-04-05 20:00:24.763000
[2026-04-05 20:00:24] [INFO] [t01.task.evolution] ============================================================
[2026-04-05 20:00:24] [INFO] [t01.task.evolution] ✅ 策略进化任务完成
[2026-04-05 20:00:25] [INFO] [t01.task.evolution] ============================================================
检查依赖状态...
============================================================
  ✅ pandas
  ✅ numpy
  ✅ sqlalchemy
  ✅ psycopg2
  ✅ schedule
  ✅ tushare
  ✅ sklearn
  ✅ scipy
  ✅ deap
  ✅ requests
  ✅ coze_coding_dev_sdk
  ✅ pptx
  ✅ langchain_core

已安装: 13/13
✅ 日志系统初始化完成
   日志目录: /workspace/projects/workspace/logs/t01
[数据库配置] 使用 POSTGRES 数据库
[数据库配置] 连接地址: postgresql://postgres:***@cp-hip-veil-65383f4d.pg5.aidap-global.cn-beijing.volces.com:5432/postgres?sslmode=require
✅ 监控模块初始化完成
============================================================
T01 策略进化任务启动 - 2026-04-05 20:00:24.763000
============================================================

============================================================
T01 策略进化 - 每周反思
============================================================

📊 策略胜率: 40.7%

📈 因子有效性:
   limit_quality_score: IC=0.0000 ❌ 失效
   seal_ratio_score: IC=0.0000 ❌ 失效
   seal_flow_ratio_score: IC=0.0000 ❌ 失效
   volume_ratio_score: IC=0.0000 ❌ 失效
   turnover_rate_score: IC=0.0000 ❌ 失效
   dragon_tiger_score: IC=0.0000 ❌ 失效
   money_flow_score: IC=0.0000 ❌ 失效
   amount_rank_score: IC=0.0000 ❌ 失效
   sector_heat_score: IC=0.0000 ❌ 失效
   bias_ma3_score: IC=0.0000 ❌ 失效

🔗 因子相关性分析:
   ✅ 因子相关性良好
保存进化记录失败: (psycopg2.errors.UniqueViolation) duplicate key value violates unique constraint "strategy_evolution_pkey"
DETAIL:  Key (id)=(1) already exists.

[SQL: INSERT INTO strategy_evolution (evolution_date, old_weights, new_weights, factor_ic_values, invalid_factors, win_rate, avg_return, optimization_notes, created_at) VALUES (%(evolution_date)s, %(old_weights)s, %(new_weights)s, %(factor_ic_values)s, %(invalid_factors)s, %(win_rate)s, %(avg_return)s, %(optimization_notes)s, %(created_at)s) RETURNING strategy_evolution.id]
[parameters: {'evolution_date': '20260405', 'old_weights': '{}', 'new_weights': '{"limit_quality": {"current": 12.0, "suggested": 6.0, "reason": "IC\\u5931\\u6548"}, "seal_ratio": {"current": 10.0, "suggested": 5.0, "reason": "IC\ ... (522 characters truncated) ... eat": {"current": 8.0, "suggested": 4.0, "reason": "IC\\u5931\\u6548"}, "bias_ma3": {"current": 6.0, "suggested": 3.0, "reason": "IC\\u5931\\u6548"}}', 'factor_ic_values': '[{"name": "limit_quality_score", "ic": 0, "valid": false}, {"name": "seal_ratio_score", "ic": 0, "valid": false}, {"name": "seal_flow_ratio_score", " ... (267 characters truncated) ... t_rank_score", "ic": 0, "valid": false}, {"name": "sector_heat_score", "ic": 0, "valid": false}, {"name": "bias_ma3_score", "ic": 0, "valid": false}]', 'invalid_factors': '["limit_quality_score", "seal_ratio_score", "seal_flow_ratio_score", "volume_ratio_score", "turnover_rate_score", "dragon_tiger_score", "money_flow_score", "amount_rank_score", "sector_heat_score", "bias_ma3_score"]', 'win_rate': 0.4074074074074074, 'avg_return': None, 'optimization_notes': '["\\u26a0\\ufe0f \\u80dc\\u7387\\u4f4e\\u4e8e50%\\uff0c\\u5efa\\u8bae\\u6682\\u505c\\u7b56\\u7565\\u6216\\u5927\\u5e45\\u964d\\u4f4e\\u4ed3\\u4f4d",  ... (377 characters truncated) ... \\u8d44\\u91d1\\u6d41\\u5165\\u65f6\\u5e8f\\u3001\\u677f\\u5757\\u8054\\u52a8\\u5f3a\\u5ea6\\u3001\\u5e02\\u573a\\u5fae\\u89c2\\u7ed3\\u6784\\uff09"]', 'created_at': datetime.datetime(2026, 4, 5, 20, 0, 24, 897584)}]
(Background on this error at: https://sqlalche.me/e/20/gkpj)
✅ 策略进化任务完成

[2026-04-05 20:00:25] [INFO] [t01.task.evolution] ✅ 策略进化任务完成
[2026-04-05 20:00:25] [INFO] [t01.task.evolution] 任务结束，状态: 成功
[2026-04-05 23:16:32] [INFO] [t01.task.evolution] ============================================================
[2026-04-05 23:16:32] [INFO] [t01.task.evolution] T01 策略进化任务启动 - 2026-04-05 23:16:32.458187
[2026-04-05 23:16:32] [INFO] [t01.task.evolution] ============================================================
[2026-04-05 23:16:32] [INFO] [t01.task.evolution] ✅ 策略进化任务完成
