[2026-04-30 21:00:07] [INFO] [t01.task.market_review] ============================================================
[2026-04-30 21:00:07] [INFO] [t01.task.market_review] T01-Market-Review 市场复盘 - 2026-04-30 21:00:07.500645
[2026-04-30 21:00:07] [INFO] [t01.task.market_review] ============================================================
[2026-04-30 21:00:09] [INFO] [t01.task.market_review] ============================================================
[2026-04-30 21:00:09] [INFO] [t01.task.market_review] Cron任务启动: market-review
[2026-04-30 21:00:09] [INFO] [t01.task.market_review] ============================================================
[2026-04-30 21:00:09] [INFO] [t01.task.market_review] 🚀 执行市场复盘分析...
[2026-04-30 21:00:51] [INFO] [t01.task.market_review] ✅ 市场复盘完成
[2026-04-30 21:00:51] [INFO] [t01.task.market_review] ============================================================
T01 每日市场复盘分析
时间: 2026-04-30 21:00:09
============================================================
✅ 已加载 2 个 API Key: mkt_sE...7J8s, mkt_m3...Lmy8

🔍 步骤1: 获取大盘整体点评...
   ✅ 获取成功: 多股直线涨停！A股两大板块爆发！...

🔍 步骤2: 分析热点行业板块...
   分析 电力板块...
   ✅ 电力板块: 🔥 高 (新闻15条)
   分析 新能源板块...
   ✅ 新能源板块: 🔥 高 (新闻15条)
   分析 半导体板块...
   ✅ 半导体板块: 🔥 高 (新闻15条)

🔍 步骤3: 分析热点概念板块...
   分析 商业航天概念...
   ✅ 商业航天概念: 🔥 高 (新闻15条)
   分析 人工智能概念...
⚠️ 频率限制，等待 2 秒后重试 (1/3)...
⚠️ 频率限制，等待 4 秒后重试 (2/3)...
⚠️ 频率限制，等待 8 秒后重试 (3/3)...
   ⚠️ 人工智能概念: 无数据
   分析 数字经济概念...
⚠️ 频率限制，等待 2 秒后重试 (1/3)...
⚠️ 频率限制，等待 4 秒后重试 (2/3)...
⚠️ 频率限制，等待 8 秒后重试 (3/3)...
   ⚠️ 数字经济概念: 无数据

🔍 步骤4: 生成投资建议...

✅ 报告已保存: /workspace/projects/workspace/logs/market_review_20260430.md
✅ 飞书API消息发送成功 (interactive)
✅ 飞书卡片消息已发送

============================================================
分析报告:
============================================================
📊 **T01每日市场复盘报告**

分析时间: 2026-04-30 21:00

==================================================

**📈 大盘综述**
房地产迎政策利好　　房地产股早间大幅走强，板块指数一度涨近2%，创近1个半月来新高。金融街开盘仅约2分钟直线涨停，连续第2日封板，津投城开也仅约8分钟涨停，万通发展则在临近午间收盘封死涨停，衢州发展、北辰实业等亦强势涨停。Wind实时监测数据显示，截至午间收盘，房地产行业获得逾24亿元主力资金净流入，其中万通发展、衢州发展、张江高科等5股获得超1亿元净流入。消息面，日前，中共中央政治局召开会议，分析研究当前经济形势和经济工作。在防范化解重点领域风险板块中，会议明确指出：“努力稳定房地产市场，扎实推进城市更新。”此外，深圳市住房和建设局昨日印发《关于进一步优化调整本市房地产相关政策的通知》，进一步放宽限购措施，提升公积金贷款额度等。缴存职工个人最高可贷189万元，缴存职工家庭最高可贷351万元。据中指研究院不完全统计，2026年开年以来，全国公积金政策密集调整，呈现出“额度提升、场景拓展、机制灵活”的鲜明特征，各地优化公积金贷款政策已超50条。...

==================================================

**🏭 热点行业板块分析**

| 板块 | 持续性 | 新闻数 | 要点 |
|------|--------|--------|------|
| 电力板块 | 🔥 高 | 15 | 东方证券认为，1）国内电力设备企业出海订单高景气，看好出海超级大周期。2）国内海外共振，坚定看好电力... |
| 新能源板块 | 🔥 高 | 15 | 4月29日，A股三大指数集体上涨，新能源板块表现强势，涨幅居前，新能源车ETF华夏（515030）盘... |
| 半导体板块 | 🔥 高 | 15 | 
  　　炒股就看金麒麟分析师研报，权威，专业，及时，全面，助您挖掘潜力主题机会！
  
 　　人民... |

==================================================

**💡 热点概念板块分析**

| 概念 | 持续性 | 新闻数 | 要点 |
|------|--------|--------|------|
| 商业航天概念 | 🔥 高 | 15 | 截至4月30日14时27分，商业航天概念持续走强，航天ETF（159267）上涨1.
95%，连续8... |

==================================================

**🎯 投资建议**

**重点关注 (高持续性):**

- **电力板块**: 🔥 高 - 新闻15条

- **新能源板块**: 🔥 高 - 新闻15条

- **半导体板块**: 🔥 高 - 新闻15条

**适度关注 (中持续性):**

- 暂无中持续性板块

==================================================

⚠️ 以上分析仅供参考，不构成投资建议。

📅 报告生成时间: 2026-04-30 21:00

============================================================
API使用统计: 20/100 (20.0%)
============================================================

[2026-04-30 21:00:51] [INFO] [t01.task.market_review] ✅ 市场复盘分析完成
[2026-04-30 21:00:51] [INFO] [t01.task.market_review] 任务结束，状态: 成功
