[2026-04-10 16:10:14] [INFO] [t01.task.track] ============================================================
[2026-04-10 16:10:14] [INFO] [t01.task.track] Cron任务启动: track
[2026-04-10 16:10:14] [INFO] [t01.task.track] ============================================================
[2026-04-10 16:10:14] [INFO] [t01.task.track] 🚀 执行结果跟踪任务...
[2026-04-10 16:10:15] [INFO] [t01.task.track] ============================================================
[2026-04-10 16:10:15] [INFO] [t01.task.track] T01 结果跟踪任务启动 - 2026-04-10 16:10:15.915858
[2026-04-10 16:10:15] [INFO] [t01.task.track] ============================================================
[2026-04-10 16:10:15] [INFO] [t01.task.track] 跟踪日期: T日=20260408, T+1日=20260409, T+2日=20260410
[2026-04-10 16:10:15] [INFO] [t01.task.track] 📊 获取到 3 只 T+1 竞价推荐股票:
[2026-04-10 16:10:15] [INFO] [t01.task.track]    1. 002491.SZ 通鼎互联 - 得分: 76.21
[2026-04-10 16:10:15] [INFO] [t01.task.track]    2. 001389.SZ 广合科技 - 得分: 64.25
[2026-04-10 16:10:15] [INFO] [t01.task.track]    3. 002131.SZ 利欧股份 - 得分: 63.67
[2026-04-10 16:10:15] [INFO] [t01.task.track] 📦 获取到 90 只股票的 T日因子评分
[2026-04-10 16:10:15] [INFO] [t01.task.track] 📦 获取到 10 只股票的 T+1 竞价数据
[2026-04-10 16:10:16] [INFO] [t01.task.track]    ❌ 002491.SZ 通鼎互联: 买入15.59 -> 卖出14.59, 收益-6.41%
[2026-04-10 16:10:16] [INFO] [t01.task.track]    ❌ 001389.SZ 广合科技: 买入128.13 -> 卖出126.81, 收益-1.03%
[2026-04-10 16:10:16] [ERROR] [t01.task.track]    ❌ 跟踪 002131.SZ 失败: 您的IP数量超限，最大数量为2个！
[2026-04-10 16:10:16] [INFO] [t01.task.track] ============================================================
[2026-04-10 16:10:16] [INFO] [t01.task.track] 📈 T+1 竞价选股 T+2 收益统计 (20260409)
[2026-04-10 16:10:16] [INFO] [t01.task.track] ============================================================
[2026-04-10 16:10:16] [INFO] [t01.task.track]    跟踪股票数: 2
[2026-04-10 16:10:16] [INFO] [t01.task.track]    盈利 (>3%): 0 只
[2026-04-10 16:10:16] [INFO] [t01.task.track]    胜率: 0.0%
[2026-04-10 16:10:16] [INFO] [t01.task.track]    平均收益率: -3.72%
[2026-04-10 16:10:16] [INFO] [t01.task.track] ============================================================
[2026-04-10 16:10:16] [INFO] [t01.task.track] ✅ 跟踪结果已保存到数据库
[2026-04-10 16:10:16] [INFO] [t01.task.track] ✅ 机器学习训练数据已保存 (2 条)
[2026-04-10 16:10:16] [INFO] [t01.task.track] ✅ 跟踪消息已发送
[2026-04-10 16:10:16] [INFO] [t01.task.track] ✅ 结果跟踪完成
[2026-04-10 16:10:17] [INFO] [t01.task.track] ============================================================
检查依赖状态...
============================================================
  ✅ pandas
  ✅ numpy
  ✅ sqlalchemy
  ✅ psycopg2
  ✅ schedule
  ✅ tushare
  ✅ sklearn
  ✅ scipy
  ✅ deap
  ✅ requests
  ✅ coze_coding_dev_sdk
  ✅ pptx
  ✅ langchain_core

已安装: 13/13
✅ 日志系统初始化完成
   日志目录: /workspace/projects/workspace/logs/t01
[数据库配置] 使用 SQLITE 数据库
[数据库配置] 连接地址: sqlite:////workspace/projects/workspace/tasks/T01-a-stock-leader-selection/database/t01_stocks.db
✅ 监控模块初始化完成
============================================================
T01 结果跟踪任务启动 - 2026-04-10 16:10:15.915858
============================================================
跟踪日期: T日=20260408, T+1日=20260409, T+2日=20260410
📊 获取到 3 只 T+1 竞价推荐股票:
   1. 002491.SZ 通鼎互联 - 得分: 76.21
   2. 001389.SZ 广合科技 - 得分: 64.25
   3. 002131.SZ 利欧股份 - 得分: 63.67
📦 获取到 90 只股票的 T日因子评分
📦 获取到 10 只股票的 T+1 竞价数据
   ❌ 002491.SZ 通鼎互联: 买入15.59 -> 卖出14.59, 收益-6.41%
   ❌ 001389.SZ 广合科技: 买入128.13 -> 卖出126.81, 收益-1.03%
   ❌ 跟踪 002131.SZ 失败: 您的IP数量超限，最大数量为2个！
============================================================
📈 T+1 竞价选股 T+2 收益统计 (20260409)
============================================================
   跟踪股票数: 2
   盈利 (>3%): 0 只
   胜率: 0.0%
   平均收益率: -3.72%
============================================================
✅ 跟踪结果已保存到数据库
✅ 机器学习训练数据已保存 (2 条)
✅ 飞书API消息发送成功 (interactive)
✅ 跟踪消息已发送
✅ 结果跟踪完成

[2026-04-10 16:10:17] [INFO] [t01.task.track] ✅ 结果跟踪任务完成
[2026-04-10 16:10:17] [INFO] [t01.task.track] 任务结束，状态: 成功
[2026-04-10 17:00:58] [INFO] [t01.task.track] ============================================================
[2026-04-10 17:00:58] [INFO] [t01.task.track] T01 结果跟踪任务启动 - 2026-04-10 17:00:58.559402
[2026-04-10 17:00:58] [INFO] [t01.task.track] ============================================================
[2026-04-10 17:00:58] [INFO] [t01.task.track] 跟踪日期: T日=20260408, T+1日=20260409, T+2日=20260410
[2026-04-10 17:00:58] [INFO] [t01.task.track] 📊 获取到 3 只 T+1 竞价推荐股票:
[2026-04-10 17:00:58] [INFO] [t01.task.track]    1. 002491.SZ 通鼎互联 - 得分: 76.21
[2026-04-10 17:00:58] [INFO] [t01.task.track]    2. 001389.SZ 广合科技 - 得分: 64.25
[2026-04-10 17:00:58] [INFO] [t01.task.track]    3. 002131.SZ 利欧股份 - 得分: 63.67
[2026-04-10 17:00:58] [INFO] [t01.task.track] 📦 获取到 90 只股票的 T日因子评分
[2026-04-10 17:00:58] [INFO] [t01.task.track] 📦 获取到 10 只股票的 T+1 竞价数据
[2026-04-10 17:00:58] [INFO] [t01.task.track]    ❌ 002491.SZ 通鼎互联: 买入15.59 -> 卖出14.59, 收益-6.41%
[2026-04-10 17:00:58] [INFO] [t01.task.track]    ❌ 001389.SZ 广合科技: 买入128.13 -> 卖出126.81, 收益-1.03%
[2026-04-10 17:00:58] [INFO] [t01.task.track]    ❌ 002131.SZ 利欧股份: 买入8.03 -> 卖出7.99, 收益-0.50%
[2026-04-10 17:00:58] [INFO] [t01.task.track] ============================================================
[2026-04-10 17:00:58] [INFO] [t01.task.track] 📈 T+1 竞价选股 T+2 收益统计 (20260409)
[2026-04-10 17:00:58] [INFO] [t01.task.track] ============================================================
[2026-04-10 17:00:58] [INFO] [t01.task.track]    跟踪股票数: 3
[2026-04-10 17:00:58] [INFO] [t01.task.track]    盈利 (>3%): 0 只
[2026-04-10 17:00:58] [INFO] [t01.task.track]    胜率: 0.0%
[2026-04-10 17:00:58] [INFO] [t01.task.track]    平均收益率: -2.65%
[2026-04-10 17:00:58] [INFO] [t01.task.track] ============================================================
[2026-04-10 17:00:58] [INFO] [t01.task.track] ✅ 跟踪结果已保存到数据库
[2026-04-10 17:00:58] [INFO] [t01.task.track] ✅ 机器学习训练数据已保存 (3 条)
[2026-04-10 17:00:59] [INFO] [t01.task.track] ✅ 跟踪消息已发送
[2026-04-10 17:00:59] [INFO] [t01.task.track] ✅ 结果跟踪完成
