[2026-04-20 21:00:15] [INFO] [t01.task.market_review] ============================================================
[2026-04-20 21:00:15] [INFO] [t01.task.market_review] Cron任务启动: market-review
[2026-04-20 21:00:15] [INFO] [t01.task.market_review] ============================================================
[2026-04-20 21:00:15] [INFO] [t01.task.market_review] 🚀 执行市场复盘分析...
[2026-04-20 21:00:35] [INFO] [t01.task.market_review] ============================================================
T01 每日市场复盘分析
时间: 2026-04-20 21:00:15
============================================================
✅ 已加载 2 个 API Key: mkt_sE...7J8s, mkt_m3...Lmy8

🔍 步骤1: 获取大盘整体点评...
   ✅ 获取成功: 沪指涨0.67%  军工板块获主力抢筹...

🔍 步骤2: 分析热点行业板块...
   分析 电力板块...
   ✅ 电力板块: 🔥 高 (新闻15条)
   分析 新能源板块...
   ✅ 新能源板块: 🔥 高 (新闻15条)
   分析 半导体板块...
   ✅ 半导体板块: 🔥 高 (新闻15条)

🔍 步骤3: 分析热点概念板块...
   分析 商业航天概念...
   ✅ 商业航天概念: 🔥 高 (新闻15条)
   分析 人工智能概念...
   ✅ 人工智能概念: 🔥 高 (新闻15条)
   分析 数字经济概念...
   ✅ 数字经济概念: 🔥 高 (新闻15条)

🔍 步骤4: 生成投资建议...

✅ 报告已保存: /workspace/projects/workspace/logs/market_review_20260420.md
✅ 飞书API消息发送成功 (interactive)
✅ 飞书卡片消息已发送

============================================================
分析报告:
============================================================
📊 **T01每日市场复盘报告**

分析时间: 2026-04-20 21:00

==================================================

**📈 大盘综述**
行业热点方面，iFinD数据显示，截至4月20日上午收盘，在同花顺A股二级行业中，互联网电商行业涨幅达到3.
18%，位居榜首。小金属（涨幅2.
95%）、军工装备（涨幅2.
35%）、军工电子（涨幅2.
26%）等行业紧随其后。此外，金属新材料、化学纤维、环保设备等行业也表现活跃，涨幅均超过1%。
早盘主力资金主要流入方向集中在军工、小金属以及高端制造。截至4月20日上午收盘，军工装备（25.
83亿元）和军工电子（21.
64亿元）等板块均获得主力资金大额净流入。
方磊说：“结构上，近期科技板块整体出现明显反弹，后续市场中阿尔法机会的表现或更为明显，各板块或将呈现轮动格局，股市风格可能出现阶段性平衡。”
吴启宏建议围绕以下三条主线进行配置：“一是聚焦新质生产力与高端制造。政策与资金共振指向人工智能算力、光模块、商业航天及高端材料等领域；二是把握成本下行与需求复苏的交集。原油价格波动带来的成本红利，叠加五一出行预订火爆及跨境电商高增长，使航空机场、跨境物流、化工等板块盈利预期改善；三是关注经济复苏受益板块。聚焦机械、军工、电子等高端装备与材料领域。”...

==================================================

**🏭 热点行业板块分析**

| 板块 | 持续性 | 新闻数 | 要点 |
|------|--------|--------|------|
| 电力板块 | 🔥 高 | 15 | 4月15日，A股三大指数集体走低，电力板块震荡飘红。截至14:44，绿电ETF华夏（562550）涨... |
| 新能源板块 | 🔥 高 | 15 | 4月16日，新能源产业链表现强势。新能源ETF（516270）上涨1.
95%，持仓股中宁德时代上涨... |
| 半导体板块 | 🔥 高 | 15 | 每经AI快讯，4月17日，半导体板块震荡走高，盛景微触及涨停，纳芯微、必易微、灿瑞科技、美芯晟跟涨。... |

==================================================

**💡 热点概念板块分析**

| 概念 | 持续性 | 新闻数 | 要点 |
|------|--------|--------|------|
| 商业航天概念 | 🔥 高 | 15 | 今日必读|超级散户狂买12亿创新药ETF；基金公司总经理跳槽做固收总监一地基毛河北市场行情A股收盘：... |
| 人工智能概念 | 🔥 高 | 15 | AI概念股走强，天孚通信涨超8%，润泽科技涨超7%，新易盛涨超6%。 
 受盘面影响，创业板人工智能... |
| 数字经济概念 | 🔥 高 | 15 | 4月20日，截至收盘，数字经济指数上涨1.
78%。
个股方面，沪硅产业涨超14%，卓胜微涨超8%，... |

==================================================

**🎯 投资建议**

**重点关注 (高持续性):**

- **电力板块**: 🔥 高 - 新闻15条

- **新能源板块**: 🔥 高 - 新闻15条

- **半导体板块**: 🔥 高 - 新闻15条

**适度关注 (中持续性):**

- 暂无中持续性板块

==================================================

⚠️ 以上分析仅供参考，不构成投资建议。

📅 报告生成时间: 2026-04-20 21:00

============================================================
API使用统计: 20/100 (20.0%)
============================================================

[2026-04-20 21:00:35] [INFO] [t01.task.market_review] ✅ 市场复盘分析完成
[2026-04-20 21:00:35] [INFO] [t01.task.market_review] 任务结束，状态: 成功
