[2026-04-21 01:01:47] [INFO] [t01.task.track] ============================================================
[2026-04-21 01:01:47] [INFO] [t01.task.track] T01 结果跟踪任务启动 - 2026-04-21 01:01:47.583466
[2026-04-21 01:01:47] [INFO] [t01.task.track] ============================================================
[2026-04-21 01:01:47] [INFO] [t01.task.track] 跟踪日期: T日=20260417, T+1日=20260420, T+2日=20260421
[2026-04-21 01:01:47] [WARNING] [t01.task.track] ⚠️ 未找到 20260420 的 T+1 竞价选股结果，尝试获取 T 日选股结果
[2026-04-21 01:01:47] [INFO] [t01.task.track] 📊 获取到 3 只 T 日推荐股票:
[2026-04-21 01:01:47] [INFO] [t01.task.track] 📊 获取到 3 只 T+1 竞价推荐股票:
[2026-04-21 01:01:47] [INFO] [t01.task.track]    1. 002281.SZ 光迅科技 - 得分: 73.45
[2026-04-21 01:01:47] [INFO] [t01.task.track]    2. 603083.SH 剑桥科技 - 得分: 71.05
[2026-04-21 01:01:47] [INFO] [t01.task.track]    3. 002802.SZ 洪汇新材 - 得分: 65.0
[2026-04-21 01:01:47] [INFO] [t01.task.track] 📦 获取到 52 只股票的 T日因子评分
[2026-04-21 01:01:47] [INFO] [t01.task.track] 📦 获取到 10 只股票的 T+1 竞价数据
[2026-04-21 01:01:47] [INFO] [t01.task.track] 
📈 开始跟踪 002281.SZ 光迅科技 (买入价: 122.00)
[2026-04-21 01:01:47] [WARNING] [t01.task.track]    ⚠️ 20260421: 无行情数据，结束跟踪
[2026-04-21 01:01:47] [INFO] [t01.task.track] 
🏁 002281.SZ 光迅科技 跟踪结束:
[2026-04-21 01:01:47] [INFO] [t01.task.track]    总盈利: 0.00 元/股 (0.00%)
[2026-04-21 01:01:47] [INFO] [t01.task.track]    最终仓位: 100.0%
[2026-04-21 01:01:47] [INFO] [t01.task.track]    盈利状态: ❌ 亏损
[2026-04-21 01:01:47] [INFO] [t01.task.track] 
📈 开始跟踪 603083.SH 剑桥科技 (买入价: 159.67)
[2026-04-21 01:01:47] [WARNING] [t01.task.track]    ⚠️ 20260421: 无行情数据，结束跟踪
[2026-04-21 01:01:47] [INFO] [t01.task.track] 
🏁 603083.SH 剑桥科技 跟踪结束:
[2026-04-21 01:01:47] [INFO] [t01.task.track]    总盈利: 0.00 元/股 (0.00%)
[2026-04-21 01:01:47] [INFO] [t01.task.track]    最终仓位: 100.0%
[2026-04-21 01:01:47] [INFO] [t01.task.track]    盈利状态: ❌ 亏损
[2026-04-21 01:01:47] [INFO] [t01.task.track] 
📈 开始跟踪 002802.SZ 洪汇新材 (买入价: 16.37)
[2026-04-21 01:01:47] [WARNING] [t01.task.track]    ⚠️ 20260421: 无行情数据，结束跟踪
[2026-04-21 01:01:47] [INFO] [t01.task.track] 
🏁 002802.SZ 洪汇新材 跟踪结束:
[2026-04-21 01:01:47] [INFO] [t01.task.track]    总盈利: 0.00 元/股 (0.00%)
[2026-04-21 01:01:47] [INFO] [t01.task.track]    最终仓位: 100.0%
[2026-04-21 01:01:47] [INFO] [t01.task.track]    盈利状态: ❌ 亏损
[2026-04-21 01:01:47] [INFO] [t01.task.track] 
============================================================
[2026-04-21 01:01:47] [INFO] [t01.task.track] 📊 多日跟踪收益统计 (T+1日=20260420)
[2026-04-21 01:01:47] [INFO] [t01.task.track] ============================================================
[2026-04-21 01:01:47] [INFO] [t01.task.track]    跟踪股票数: 3
[2026-04-21 01:01:47] [INFO] [t01.task.track]    盈利 (总收益为正): 0 只
[2026-04-21 01:01:47] [INFO] [t01.task.track]    胜率: 0.0%
[2026-04-21 01:01:47] [INFO] [t01.task.track]    平均收益率: 0.00%
[2026-04-21 01:01:47] [INFO] [t01.task.track] ============================================================
[2026-04-21 01:01:47] [ERROR] [t01.task.track] ⚠️ 保存跟踪结果失败: 'shares_held' is an invalid keyword argument for TrackedResult
[2026-04-21 01:01:47] [INFO] [t01.task.track] ✅ 机器学习训练数据已保存 (3 条)
[2026-04-21 01:01:48] [INFO] [t01.task.track] ✅ 跟踪消息已发送
[2026-04-21 01:01:48] [INFO] [t01.task.track] ✅ 结果跟踪完成
[2026-04-21 01:04:39] [INFO] [t01.task.track] ============================================================
[2026-04-21 01:04:39] [INFO] [t01.task.track] T01 结果跟踪任务启动 - 2026-04-21 01:04:39.516032
[2026-04-21 01:04:39] [INFO] [t01.task.track] ============================================================
[2026-04-21 01:04:39] [INFO] [t01.task.track] 跟踪日期: T日=20260417, T+1日=20260420, T+2日=20260421
[2026-04-21 01:04:39] [WARNING] [t01.task.track] ⚠️ 未找到 20260420 的 T+1 竞价选股结果，尝试获取 T 日选股结果
[2026-04-21 01:04:39] [INFO] [t01.task.track] 📊 获取到 3 只 T 日推荐股票:
[2026-04-21 01:04:39] [INFO] [t01.task.track] 📊 获取到 3 只 T+1 竞价推荐股票:
[2026-04-21 01:04:39] [INFO] [t01.task.track]    1. 002281.SZ 光迅科技 - 得分: 73.45
[2026-04-21 01:04:39] [INFO] [t01.task.track]    2. 603083.SH 剑桥科技 - 得分: 71.05
[2026-04-21 01:04:39] [INFO] [t01.task.track]    3. 002802.SZ 洪汇新材 - 得分: 65.0
[2026-04-21 01:04:39] [INFO] [t01.task.track] 📦 获取到 52 只股票的 T日因子评分
[2026-04-21 01:04:39] [INFO] [t01.task.track] 📦 获取到 10 只股票的 T+1 竞价数据
[2026-04-21 01:04:39] [INFO] [t01.task.track] 
📈 开始跟踪 002281.SZ 光迅科技 (买入价: 122.00)
[2026-04-21 01:04:39] [WARNING] [t01.task.track]    ⚠️ 20260421: 无行情数据，结束跟踪
[2026-04-21 01:04:39] [INFO] [t01.task.track] 
🏁 002281.SZ 光迅科技 跟踪结束:
[2026-04-21 01:04:39] [INFO] [t01.task.track]    总盈利: 0.00 元/股 (0.00%)
[2026-04-21 01:04:39] [INFO] [t01.task.track]    最终仓位: 100.0%
[2026-04-21 01:04:39] [INFO] [t01.task.track]    盈利状态: ❌ 亏损
[2026-04-21 01:04:39] [INFO] [t01.task.track] 
📈 开始跟踪 603083.SH 剑桥科技 (买入价: 159.67)
[2026-04-21 01:04:39] [WARNING] [t01.task.track]    ⚠️ 20260421: 无行情数据，结束跟踪
[2026-04-21 01:04:39] [INFO] [t01.task.track] 
🏁 603083.SH 剑桥科技 跟踪结束:
[2026-04-21 01:04:39] [INFO] [t01.task.track]    总盈利: 0.00 元/股 (0.00%)
[2026-04-21 01:04:39] [INFO] [t01.task.track]    最终仓位: 100.0%
[2026-04-21 01:04:39] [INFO] [t01.task.track]    盈利状态: ❌ 亏损
[2026-04-21 01:04:39] [INFO] [t01.task.track] 
📈 开始跟踪 002802.SZ 洪汇新材 (买入价: 16.37)
[2026-04-21 01:04:39] [WARNING] [t01.task.track]    ⚠️ 20260421: 无行情数据，结束跟踪
[2026-04-21 01:04:39] [INFO] [t01.task.track] 
🏁 002802.SZ 洪汇新材 跟踪结束:
[2026-04-21 01:04:39] [INFO] [t01.task.track]    总盈利: 0.00 元/股 (0.00%)
[2026-04-21 01:04:39] [INFO] [t01.task.track]    最终仓位: 100.0%
[2026-04-21 01:04:39] [INFO] [t01.task.track]    盈利状态: ❌ 亏损
[2026-04-21 01:04:39] [INFO] [t01.task.track] 
============================================================
[2026-04-21 01:04:39] [INFO] [t01.task.track] 📊 多日跟踪收益统计 (T+1日=20260420)
[2026-04-21 01:04:39] [INFO] [t01.task.track] ============================================================
[2026-04-21 01:04:39] [INFO] [t01.task.track]    跟踪股票数: 3
[2026-04-21 01:04:39] [INFO] [t01.task.track]    盈利 (总收益为正): 0 只
[2026-04-21 01:04:39] [INFO] [t01.task.track]    胜率: 0.0%
[2026-04-21 01:04:39] [INFO] [t01.task.track]    平均收益率: 0.00%
[2026-04-21 01:04:39] [INFO] [t01.task.track] ============================================================
[2026-04-21 01:04:39] [INFO] [t01.task.track] ✅ 跟踪结果已保存到数据库
[2026-04-21 01:04:39] [INFO] [t01.task.track] ✅ 机器学习训练数据已保存 (3 条)
[2026-04-21 01:04:40] [INFO] [t01.task.track] ✅ 跟踪消息已发送
[2026-04-21 01:04:40] [INFO] [t01.task.track] ✅ 结果跟踪完成
[2026-04-21 16:10:11] [INFO] [t01.task.track] ============================================================
[2026-04-21 16:10:11] [INFO] [t01.task.track] Cron任务启动: track
[2026-04-21 16:10:11] [INFO] [t01.task.track] ============================================================
[2026-04-21 16:10:11] [INFO] [t01.task.track] 🚀 执行结果跟踪任务...
[2026-04-21 16:10:12] [INFO] [t01.task.track] ============================================================
[2026-04-21 16:10:12] [INFO] [t01.task.track] T01 结果跟踪任务启动 - 2026-04-21 16:10:12.850041
[2026-04-21 16:10:12] [INFO] [t01.task.track] ============================================================
[2026-04-21 16:10:12] [INFO] [t01.task.track] 跟踪日期: T日=20260417, T+1日=20260420, T+2日=20260421
[2026-04-21 16:10:12] [WARNING] [t01.task.track] ⚠️ 未找到 20260420 的 T+1 竞价选股结果，尝试获取 T 日选股结果
[2026-04-21 16:10:12] [INFO] [t01.task.track] 📊 获取到 3 只 T 日推荐股票:
[2026-04-21 16:10:12] [INFO] [t01.task.track] 📊 获取到 3 只 T+1 竞价推荐股票:
[2026-04-21 16:10:12] [INFO] [t01.task.track]    1. 002281.SZ 光迅科技 - 得分: 73.45
[2026-04-21 16:10:12] [INFO] [t01.task.track]    2. 603083.SH 剑桥科技 - 得分: 71.05
[2026-04-21 16:10:12] [INFO] [t01.task.track]    3. 002802.SZ 洪汇新材 - 得分: 65.0
[2026-04-21 16:10:12] [INFO] [t01.task.track] 📦 获取到 52 只股票的 T日因子评分
[2026-04-21 16:10:12] [INFO] [t01.task.track] 📦 获取到 10 只股票的 T+1 竞价数据
[2026-04-21 16:10:13] [INFO] [t01.task.track] 
📈 开始跟踪 002281.SZ 光迅科技 (买入价: 122.00)
[2026-04-21 16:10:13] [INFO] [t01.task.track]    ❌ 20260421: 未涨停 (1.45%)，卖出全部仓位
[2026-04-21 16:10:13] [INFO] [t01.task.track]    💹 卖出 100.0% 仓位，价格 121.79，盈利 -0.21 元/股
[2026-04-21 16:10:13] [INFO] [t01.task.track]    📊 20260421: 收盘价 121.79，剩余仓位 0.0%，累计盈利 -0.21 元/股
[2026-04-21 16:10:13] [ERROR] [t01.task.track]    ❌ 跟踪 002281.SZ 失败: 'DataFetcher' object has no attribute 'get_next_trading_day'
[2026-04-21 16:10:13] [INFO] [t01.task.track] 
📈 开始跟踪 603083.SH 剑桥科技 (买入价: 159.67)
[2026-04-21 16:10:13] [INFO] [t01.task.track]    ❌ 20260421: 未涨停 (5.82%)，卖出全部仓位
[2026-04-21 16:10:13] [INFO] [t01.task.track]    💹 卖出 100.0% 仓位，价格 161.17，盈利 1.50 元/股
[2026-04-21 16:10:13] [INFO] [t01.task.track]    📊 20260421: 收盘价 161.17，剩余仓位 0.0%，累计盈利 1.50 元/股
[2026-04-21 16:10:13] [ERROR] [t01.task.track]    ❌ 跟踪 603083.SH 失败: 'DataFetcher' object has no attribute 'get_next_trading_day'
[2026-04-21 16:10:13] [INFO] [t01.task.track] 
📈 开始跟踪 002802.SZ 洪汇新材 (买入价: 16.37)
[2026-04-21 16:10:13] [INFO] [t01.task.track]    ❌ 20260421: 未涨停 (-5.74%)，卖出全部仓位
[2026-04-21 16:10:13] [INFO] [t01.task.track]    💹 卖出 100.0% 仓位，价格 14.79，盈利 -1.58 元/股
[2026-04-21 16:10:13] [INFO] [t01.task.track]    📊 20260421: 收盘价 14.79，剩余仓位 0.0%，累计盈利 -1.58 元/股
[2026-04-21 16:10:13] [ERROR] [t01.task.track]    ❌ 跟踪 002802.SZ 失败: 'DataFetcher' object has no attribute 'get_next_trading_day'
[2026-04-21 16:10:13] [ERROR] [t01.task.track] ❌ 无有效跟踪数据
[2026-04-21 16:10:13] [INFO] [t01.task.track] ============================================================
检查依赖状态...
============================================================
  ✅ pandas
  ✅ numpy
  ✅ sqlalchemy
  ✅ psycopg2
  ✅ schedule
  ✅ tushare
  ✅ sklearn
  ✅ scipy
  ✅ deap
  ✅ requests
  ✅ coze_coding_dev_sdk
  ✅ pptx
  ✅ langchain_core

已安装: 13/13
✅ 日志系统初始化完成
   日志目录: /workspace/projects/workspace/logs/t01
[数据库配置] 使用 SQLITE 数据库
[数据库配置] 连接地址: sqlite:////workspace/projects/workspace/tasks/T01-a-stock-leader-selection/database/t01_stocks.db
✅ 监控模块初始化完成
============================================================
T01 结果跟踪任务启动 - 2026-04-21 16:10:12.850041
============================================================
跟踪日期: T日=20260417, T+1日=20260420, T+2日=20260421
⚠️ 未找到 20260420 的 T+1 竞价选股结果，尝试获取 T 日选股结果
📊 获取到 3 只 T 日推荐股票:
📊 获取到 3 只 T+1 竞价推荐股票:
   1. 002281.SZ 光迅科技 - 得分: 73.45
   2. 603083.SH 剑桥科技 - 得分: 71.05
   3. 002802.SZ 洪汇新材 - 得分: 65.0
📦 获取到 52 只股票的 T日因子评分
📦 获取到 10 只股票的 T+1 竞价数据

📈 开始跟踪 002281.SZ 光迅科技 (买入价: 122.00)
   ❌ 20260421: 未涨停 (1.45%)，卖出全部仓位
   💹 卖出 100.0% 仓位，价格 121.79，盈利 -0.21 元/股
   📊 20260421: 收盘价 121.79，剩余仓位 0.0%，累计盈利 -0.21 元/股
   ❌ 跟踪 002281.SZ 失败: 'DataFetcher' object has no attribute 'get_next_trading_day'

📈 开始跟踪 603083.SH 剑桥科技 (买入价: 159.67)
   ❌ 20260421: 未涨停 (5.82%)，卖出全部仓位
   💹 卖出 100.0% 仓位，价格 161.17，盈利 1.50 元/股
   📊 20260421: 收盘价 161.17，剩余仓位 0.0%，累计盈利 1.50 元/股
   ❌ 跟踪 603083.SH 失败: 'DataFetcher' object has no attribute 'get_next_trading_day'

📈 开始跟踪 002802.SZ 洪汇新材 (买入价: 16.37)
   ❌ 20260421: 未涨停 (-5.74%)，卖出全部仓位
   💹 卖出 100.0% 仓位，价格 14.79，盈利 -1.58 元/股
   📊 20260421: 收盘价 14.79，剩余仓位 0.0%，累计盈利 -1.58 元/股
   ❌ 跟踪 002802.SZ 失败: 'DataFetcher' object has no attribute 'get_next_trading_day'
❌ 无有效跟踪数据

[2026-04-21 16:10:13] [INFO] [t01.task.track] ✅ 结果跟踪任务完成
[2026-04-21 16:10:13] [INFO] [t01.task.track] 任务结束，状态: 成功
[2026-04-21 19:30:17] [INFO] [t01.task.track] ============================================================
[2026-04-21 19:30:17] [INFO] [t01.task.track] Cron任务启动: track
[2026-04-21 19:30:17] [INFO] [t01.task.track] ============================================================
[2026-04-21 19:30:17] [INFO] [t01.task.track] 🚀 执行结果跟踪任务...
[2026-04-21 19:30:19] [INFO] [t01.task.track] ============================================================
[2026-04-21 19:30:19] [INFO] [t01.task.track] T01 结果跟踪任务启动 - 2026-04-21 19:30:19.221079
[2026-04-21 19:30:19] [INFO] [t01.task.track] ============================================================
[2026-04-21 19:30:19] [INFO] [t01.task.track] 跟踪日期: T日=20260417, T+1日=20260420, T+2日=20260421
[2026-04-21 19:30:19] [WARNING] [t01.task.track] ⚠️ 未找到 20260420 的 T+1 竞价选股结果，尝试获取 T 日选股结果
[2026-04-21 19:30:19] [INFO] [t01.task.track] 📊 获取到 3 只 T 日推荐股票:
[2026-04-21 19:30:19] [INFO] [t01.task.track] 📊 获取到 3 只 T+1 竞价推荐股票:
[2026-04-21 19:30:19] [INFO] [t01.task.track]    1. 002281.SZ 光迅科技 - 得分: 73.45
[2026-04-21 19:30:19] [INFO] [t01.task.track]    2. 603083.SH 剑桥科技 - 得分: 71.05
[2026-04-21 19:30:19] [INFO] [t01.task.track]    3. 002802.SZ 洪汇新材 - 得分: 65.0
[2026-04-21 19:30:19] [INFO] [t01.task.track] 📦 获取到 52 只股票的 T日因子评分
[2026-04-21 19:30:19] [INFO] [t01.task.track] 📦 获取到 10 只股票的 T+1 竞价数据
[2026-04-21 19:30:19] [INFO] [t01.task.track] 
📈 开始跟踪 002281.SZ 光迅科技 (买入价: 122.00)
[2026-04-21 19:30:19] [INFO] [t01.task.track]    ❌ 20260421: 未涨停 (1.45%)，卖出全部仓位
[2026-04-21 19:30:19] [INFO] [t01.task.track]    💹 卖出 100.0% 仓位，价格 121.79，盈利 -0.21 元/股
[2026-04-21 19:30:19] [INFO] [t01.task.track]    📊 20260421: 收盘价 121.79，剩余仓位 0.0%，累计盈利 -0.21 元/股
[2026-04-21 19:30:19] [INFO] [t01.task.track] 
🏁 002281.SZ 光迅科技 跟踪结束:
[2026-04-21 19:30:19] [INFO] [t01.task.track]    总盈利: -0.21 元/股 (-0.17%)
[2026-04-21 19:30:19] [INFO] [t01.task.track]    最终仓位: 0.0%
[2026-04-21 19:30:19] [INFO] [t01.task.track]    盈利状态: ❌ 亏损
[2026-04-21 19:30:19] [INFO] [t01.task.track] 
📈 开始跟踪 603083.SH 剑桥科技 (买入价: 159.67)
[2026-04-21 19:30:19] [INFO] [t01.task.track]    ❌ 20260421: 未涨停 (5.82%)，卖出全部仓位
[2026-04-21 19:30:19] [INFO] [t01.task.track]    💹 卖出 100.0% 仓位，价格 161.17，盈利 1.50 元/股
[2026-04-21 19:30:19] [INFO] [t01.task.track]    📊 20260421: 收盘价 161.17，剩余仓位 0.0%，累计盈利 1.50 元/股
[2026-04-21 19:30:19] [INFO] [t01.task.track] 
🏁 603083.SH 剑桥科技 跟踪结束:
[2026-04-21 19:30:19] [INFO] [t01.task.track]    总盈利: 1.50 元/股 (0.94%)
[2026-04-21 19:30:19] [INFO] [t01.task.track]    最终仓位: 0.0%
[2026-04-21 19:30:19] [INFO] [t01.task.track]    盈利状态: ✅ 盈利
[2026-04-21 19:30:19] [INFO] [t01.task.track] 
📈 开始跟踪 002802.SZ 洪汇新材 (买入价: 16.37)
[2026-04-21 19:30:19] [INFO] [t01.task.track]    ❌ 20260421: 未涨停 (-5.74%)，卖出全部仓位
[2026-04-21 19:30:19] [INFO] [t01.task.track]    💹 卖出 100.0% 仓位，价格 14.79，盈利 -1.58 元/股
[2026-04-21 19:30:19] [INFO] [t01.task.track]    📊 20260421: 收盘价 14.79，剩余仓位 0.0%，累计盈利 -1.58 元/股
[2026-04-21 19:30:19] [INFO] [t01.task.track] 
🏁 002802.SZ 洪汇新材 跟踪结束:
[2026-04-21 19:30:19] [INFO] [t01.task.track]    总盈利: -1.58 元/股 (-9.65%)
[2026-04-21 19:30:19] [INFO] [t01.task.track]    最终仓位: 0.0%
[2026-04-21 19:30:19] [INFO] [t01.task.track]    盈利状态: ❌ 亏损
[2026-04-21 19:30:19] [INFO] [t01.task.track] 
============================================================
[2026-04-21 19:30:19] [INFO] [t01.task.track] 📊 多日跟踪收益统计 (T+1日=20260420)
[2026-04-21 19:30:19] [INFO] [t01.task.track] ============================================================
[2026-04-21 19:30:19] [INFO] [t01.task.track]    跟踪股票数: 3
[2026-04-21 19:30:19] [INFO] [t01.task.track]    盈利 (总收益为正): 1 只
[2026-04-21 19:30:19] [INFO] [t01.task.track]    胜率: 33.3%
[2026-04-21 19:30:19] [INFO] [t01.task.track]    平均收益率: -2.96%
[2026-04-21 19:30:19] [INFO] [t01.task.track] ============================================================
[2026-04-21 19:30:19] [INFO] [t01.task.track] ✅ 跟踪结果已保存到数据库
[2026-04-21 19:30:19] [INFO] [t01.task.track] ✅ 机器学习训练数据已保存 (3 条)
[2026-04-21 19:30:20] [INFO] [t01.task.track] ✅ 跟踪消息已发送
[2026-04-21 19:30:20] [INFO] [t01.task.track] ✅ 结果跟踪完成
[2026-04-21 19:30:20] [INFO] [t01.task.track] ============================================================
检查依赖状态...
============================================================
  ✅ pandas
  ✅ numpy
  ✅ sqlalchemy
  ✅ psycopg2
  ✅ schedule
  ✅ tushare
  ✅ sklearn
  ✅ scipy
  ✅ deap
  ✅ requests
  ✅ coze_coding_dev_sdk
  ✅ pptx
  ✅ langchain_core

已安装: 13/13
✅ 日志系统初始化完成
   日志目录: /workspace/projects/workspace/logs/t01
[数据库配置] 使用 SQLITE 数据库
[数据库配置] 连接地址: sqlite:////workspace/projects/workspace/tasks/T01-a-stock-leader-selection/database/t01_stocks.db
✅ 监控模块初始化完成
============================================================
T01 结果跟踪任务启动 - 2026-04-21 19:30:19.221079
============================================================
跟踪日期: T日=20260417, T+1日=20260420, T+2日=20260421
⚠️ 未找到 20260420 的 T+1 竞价选股结果，尝试获取 T 日选股结果
📊 获取到 3 只 T 日推荐股票:
📊 获取到 3 只 T+1 竞价推荐股票:
   1. 002281.SZ 光迅科技 - 得分: 73.45
   2. 603083.SH 剑桥科技 - 得分: 71.05
   3. 002802.SZ 洪汇新材 - 得分: 65.0
📦 获取到 52 只股票的 T日因子评分
📦 获取到 10 只股票的 T+1 竞价数据

📈 开始跟踪 002281.SZ 光迅科技 (买入价: 122.00)
   ❌ 20260421: 未涨停 (1.45%)，卖出全部仓位
   💹 卖出 100.0% 仓位，价格 121.79，盈利 -0.21 元/股
   📊 20260421: 收盘价 121.79，剩余仓位 0.0%，累计盈利 -0.21 元/股

🏁 002281.SZ 光迅科技 跟踪结束:
   总盈利: -0.21 元/股 (-0.17%)
   最终仓位: 0.0%
   盈利状态: ❌ 亏损

📈 开始跟踪 603083.SH 剑桥科技 (买入价: 159.67)
   ❌ 20260421: 未涨停 (5.82%)，卖出全部仓位
   💹 卖出 100.0% 仓位，价格 161.17，盈利 1.50 元/股
   📊 20260421: 收盘价 161.17，剩余仓位 0.0%，累计盈利 1.50 元/股

🏁 603083.SH 剑桥科技 跟踪结束:
   总盈利: 1.50 元/股 (0.94%)
   最终仓位: 0.0%
   盈利状态: ✅ 盈利

📈 开始跟踪 002802.SZ 洪汇新材 (买入价: 16.37)
   ❌ 20260421: 未涨停 (-5.74%)，卖出全部仓位
   💹 卖出 100.0% 仓位，价格 14.79，盈利 -1.58 元/股
   📊 20260421: 收盘价 14.79，剩余仓位 0.0%，累计盈利 -1.58 元/股

🏁 002802.SZ 洪汇新材 跟踪结束:
   总盈利: -1.58 元/股 (-9.65%)
   最终仓位: 0.0%
   盈利状态: ❌ 亏损

============================================================
📊 多日跟踪收益统计 (T+1日=20260420)
============================================================
   跟踪股票数: 3
   盈利 (总收益为正): 1 只
   胜率: 33.3%
   平均收益率: -2.96%
============================================================
✅ 跟踪结果已保存到数据库
✅ 机器学习训练数据已保存 (3 条)
✅ 飞书API消息发送成功 (interactive)
✅ 跟踪消息已发送
✅ 结果跟踪完成

[2026-04-21 19:30:20] [INFO] [t01.task.track] ✅ 结果跟踪任务完成
[2026-04-21 19:30:20] [INFO] [t01.task.track] 任务结束，状态: 成功
