[2026-03-25 21:00:47] [INFO] [t01.task.market_review] ============================================================
[2026-03-25 21:00:47] [INFO] [t01.task.market_review] Cron任务启动: market-review
[2026-03-25 21:00:47] [INFO] [t01.task.market_review] ============================================================
[2026-03-25 21:00:47] [INFO] [t01.task.market_review] 🚀 执行市场复盘分析...
[2026-03-25 21:01:06] [INFO] [t01.task.market_review] ============================================================
T01 每日市场复盘分析
时间: 2026-03-25 21:00:47
============================================================
✅ 已加载 2 个 API Key: mkt_sE...7J8s, mkt_m3...Lmy8

🔍 步骤1: 获取大盘整体点评...
   ✅ 获取成功: 沪指重返3900点...

🔍 步骤2: 分析热点行业板块...
   分析 电力板块...
   ✅ 电力板块: 🔥 高 (新闻15条)
   分析 新能源板块...
   ✅ 新能源板块: 🔥 高 (新闻15条)
   分析 半导体板块...
   ✅ 半导体板块: 🔥 高 (新闻15条)

🔍 步骤3: 分析热点概念板块...
   分析 商业航天概念...
   ✅ 商业航天概念: 🔥 高 (新闻15条)
   分析 人工智能概念...
   ✅ 人工智能概念: 🔥 高 (新闻15条)
   分析 数字经济概念...
   ✅ 数字经济概念: 🔥 高 (新闻15条)

🔍 步骤4: 生成投资建议...

✅ 报告已保存: /workspace/projects/workspace/logs/market_review_20260325.md
✅ 飞书API消息发送成功 (interactive)
✅ 飞书卡片消息已发送

============================================================
分析报告:
============================================================
📊 **T01每日市场复盘报告**

分析时间: 2026-03-25 21:00

==================================================

**📈 大盘综述**
A股三大指数今日集体上涨，截至收盘，沪指涨1.3%重返3900点，深成指涨1.95%，创业板指涨2.01%，北证50指数涨1.48%，A股全天成交额约2.19万亿元，较上日放量968亿元，全市场超4800只个股上涨，连续2个交易日百股涨停。　　板块题材上，电力板块爆发，中闽能源、韶能股份等十余只成分股涨停；光纤概念震荡拉升，通鼎互联2连板，长盈通、唯科科技等十余只成分股涨停；算力租赁板块同样活跃，利通电子、奥瑞德等多股涨停。此外，铜缆高速连接、CPO等板块涨幅居前；油气开采及服务表现较弱，科力股份、通源石油等跌超5%。（文章来源：央视财经）...

==================================================

**🏭 热点行业板块分析**

| 板块 | 持续性 | 新闻数 | 要点 |
|------|--------|--------|------|
| 电力板块 | 🔥 高 | 15 | 伯恩斯坦看好电力板块；认为火电、核电及电网领域存在强劲机遇来源：Business Upturn发布时... |
| 新能源板块 | 🔥 高 | 15 | 华鑫证券指出，本轮伊朗局势升级已演化为对全球能源供给体系的系统性冲击，能源安全逻辑显著强化并成为中长... |
| 半导体板块 | 🔥 高 | 15 | 3月25日早盘，A股延续反弹，半导体设备等算力硬件板块集体走强，截至9:58，中证半导体材料设备主题... |

==================================================

**💡 热点概念板块分析**

| 概念 | 持续性 | 新闻数 | 要点 |
|------|--------|--------|------|
| 商业航天概念 | 🔥 高 | 15 | 专家表示，商业航天目前已形成京津冀、长三角、珠三角等产业集群，集聚了从研发制造到应用服务的完整产业链... |
| 人工智能概念 | 🔥 高 | 15 | 人工智能概念股走强，天孚通信、协创数据涨超9%，昆仑万维涨超7%。 
 受盘面影响，创业板人工智能相... |
| 数字经济概念 | 🔥 高 | 15 | 工业和信息化部信息技术发展司司长王彦青在会上表示，推动出台数据要素赋能新型工业化的政策文件；加快推动... |

==================================================

**🎯 投资建议**

**重点关注 (高持续性):**

- **电力板块**: 🔥 高 - 新闻15条

- **新能源板块**: 🔥 高 - 新闻15条

- **半导体板块**: 🔥 高 - 新闻15条

**适度关注 (中持续性):**

- 暂无中持续性板块

==================================================

⚠️ 以上分析仅供参考，不构成投资建议。

📅 报告生成时间: 2026-03-25 21:01

============================================================
API使用统计: 19/100 (19.0%)
============================================================

[2026-03-25 21:01:06] [INFO] [t01.task.market_review] ✅ 市场复盘分析完成
[2026-03-25 21:01:06] [INFO] [t01.task.market_review] 任务结束，状态: 成功
