[2026-05-05 21:00:06] [INFO] [t01.task.market_review] ============================================================
[2026-05-05 21:00:06] [INFO] [t01.task.market_review] T01-Market-Review 市场复盘 - 2026-05-05 21:00:06.862132
[2026-05-05 21:00:06] [INFO] [t01.task.market_review] ============================================================
[2026-05-05 21:00:14] [INFO] [t01.task.market_review] ============================================================
[2026-05-05 21:00:14] [INFO] [t01.task.market_review] Cron任务启动: market-review
[2026-05-05 21:00:14] [INFO] [t01.task.market_review] ============================================================
[2026-05-05 21:00:14] [INFO] [t01.task.market_review] 🚀 执行市场复盘分析...
[2026-05-05 21:00:37] [INFO] [t01.task.market_review] ✅ 市场复盘完成
[2026-05-05 21:01:08] [INFO] [t01.task.market_review] ============================================================
T01 每日市场复盘分析
时间: 2026-05-05 21:00:14
============================================================
✅ 已加载 2 个 API Key: mkt_sE...7J8s, mkt_m3...Lmy8

🔍 步骤1: 获取大盘整体点评...
   ✅ 获取成功: 公告臻选｜节后归市 核心标的复盘...

🔍 步骤2: 分析热点行业板块...
   分析 电力板块...
   ✅ 电力板块: 🔥 高 (新闻15条)
   分析 新能源板块...
   ✅ 新能源板块: 🔥 高 (新闻15条)
   分析 半导体板块...
   ✅ 半导体板块: 🔥 高 (新闻15条)

🔍 步骤3: 分析热点概念板块...
   分析 商业航天概念...
⚠️ 频率限制，等待 2 秒后重试 (1/3)...
⚠️ 频率限制，等待 4 秒后重试 (2/3)...
⚠️ 频率限制，等待 8 秒后重试 (3/3)...
   ⚠️ 商业航天概念: 无数据
   分析 人工智能概念...
⚠️ 频率限制，等待 2 秒后重试 (1/3)...
⚠️ 频率限制，等待 4 秒后重试 (2/3)...
⚠️ 频率限制，等待 8 秒后重试 (3/3)...
   ⚠️ 人工智能概念: 无数据
   分析 数字经济概念...
⚠️ 频率限制，等待 2 秒后重试 (1/3)...
⚠️ 频率限制，等待 4 秒后重试 (2/3)...
⚠️ 频率限制，等待 8 秒后重试 (3/3)...
   ✅ 数字经济概念: 🔥 高 (新闻15条)

🔍 步骤4: 生成投资建议...

✅ 报告已保存: /workspace/projects/workspace/logs/market_review_20260505.md
✅ 飞书API消息发送成功 (interactive)
✅ 飞书卡片消息已发送

============================================================
分析报告:
============================================================
📊 **T01每日市场复盘报告**

分析时间: 2026-05-05 21:00

==================================================

**📈 大盘综述**
转眼五一长假落幕，市场重新回归交易节奏，先来复盘节前最后一周（4月27日—4月30日）市场整体表现，梳理盘面脉络，理清节后投资思路。
节前一周A股整体呈现震荡整理、高位蓄势的走势，市场情绪平稳，资金偏向谨慎观望。各大指数窄幅波动，没有大幅涨跌，热点板块轮动有所放缓，资金开始兑现部分高位获利盘，同时逢低布局业绩确定性较强的方向。两市成交额维持高位运行，整体流动性依旧充裕，并没有因为假期临近出现明显缩量跳水，盘面韧性十足。...

==================================================

**🏭 热点行业板块分析**

| 板块 | 持续性 | 新闻数 | 要点 |
|------|--------|--------|------|
| 电力板块 | 🔥 高 | 15 | 东方证券认为，1）国内电力设备企业出海订单高景气，看好出海超级大周期。2）国内海外共振，坚定看好电力... |
| 新能源板块 | 🔥 高 | 15 | 新能源板块全面盈利
产能订单双轮驱动增长
2025年，兴发集团新能源材料板块迎来爆发式增长，成为公司... |
| 半导体板块 | 🔥 高 | 15 | 本报记者 姚尧
今日市场热点快速轮动，电子行业重回聚光灯下，半导体板块更是成为领涨先锋。4月27日，... |

==================================================

**💡 热点概念板块分析**

| 概念 | 持续性 | 新闻数 | 要点 |
|------|--------|--------|------|
| 数字经济概念 | 🔥 高 | 15 | 根据国务院《关于深入实施
“人工智能+”行动的意见》，到 2030 年，智能经济将成为我国经济发展的... |

==================================================

**🎯 投资建议**

**重点关注 (高持续性):**

- **电力板块**: 🔥 高 - 新闻15条

- **新能源板块**: 🔥 高 - 新闻15条

- **半导体板块**: 🔥 高 - 新闻15条

**适度关注 (中持续性):**

- 暂无中持续性板块

==================================================

⚠️ 以上分析仅供参考，不构成投资建议。

📅 报告生成时间: 2026-05-05 21:01

============================================================
API使用统计: 6/100 (6.0%)
============================================================

[2026-05-05 21:01:08] [INFO] [t01.task.market_review] ✅ 市场复盘分析完成
[2026-05-05 21:01:08] [INFO] [t01.task.market_review] 任务结束，状态: 成功
