[2026-03-23 16:12:19] [INFO] [t01.task.track] ============================================================
[2026-03-23 16:12:19] [INFO] [t01.task.track] Cron任务启动: track
[2026-03-23 16:12:19] [INFO] [t01.task.track] ============================================================
[2026-03-23 16:12:19] [INFO] [t01.task.track] 🚀 执行结果跟踪任务...
[2026-03-23 16:12:22] [INFO] [t01.task.track] ============================================================
检查依赖状态...
============================================================
  ✅ pandas
  ✅ numpy
  ✅ sqlalchemy
  ✅ psycopg2
  ✅ schedule
  ✅ tushare
  ✅ sklearn
  ✅ scipy
  ✅ deap
  ✅ requests
  ✅ coze_coding_dev_sdk
  ✅ pptx
  ✅ langchain_core

已安装: 13/13
✅ 日志系统初始化完成
   日志目录: /workspace/projects/workspace/logs/t01
[数据库配置] 使用 POSTGRES 数据库
[数据库配置] 连接地址: postgresql://t01_user:***@localhost:5432/t01_stocks

[2026-03-23 16:12:22] [ERROR] [t01.task.track] STDERR: Traceback (most recent call last):
  File "/usr/local/lib/python3.12/dist-packages/sqlalchemy/engine/base.py", line 143, in __init__
    self._dbapi_connection = engine.raw_connection()
                             ^^^^^^^^^^^^^^^^^^^^^^^
  File "/usr/local/lib/python3.12/dist-packages/sqlalchemy/engine/base.py", line 3301, in raw_connection
    return self.pool.connect()
           ^^^^^^^^^^^^^^^^^^^
  File "/usr/local/lib/python3.12/dist-packages/sqlalchemy/pool/base.py", line 447, in connect
    return _ConnectionFairy._checkout(self)
           ^^^^^^^^^^^^^^^^^^^^^^^^^^^^^^^^
  File "/usr/local/lib/python3.12/dist-packages/sqlalchemy/pool/base.py", line 1264, in _checkout
    fairy = _ConnectionRecord.checkout(pool)
            ^^^^^^^^^^^^^^^^^^^^^^^^^^^^^^^^
  File "/usr/local/lib/python3.12/dist-packages/sqlalchemy/pool/base.py", line 711, in checkout
    rec = pool._do_get()
          ^^^^^^^^^^^^^^
  File "/usr/local/lib/python3.12/dist-packages/sqlalchemy/pool/impl.py", line 177, in _do_get
    with util.safe_reraise():
  File "/usr/local/lib/python3.12/dist-packages/sqlalchemy/util/langhelpers.py", line 224, in __exit__
    raise exc_value.with_traceback(exc_tb)
  File "/usr/local/lib/python3.12/dist-packages/sqlalchemy/pool/impl.py", line 175, in _do_get
    return self._create_connection()
           ^^^^^^^^^^^^^^^^^^^^^^^^^
  File "/usr/local/lib/python3.12/dist-packages/sqlalchemy/pool/base.py", line 388, in _create_connection
    return _ConnectionRecord(self)
           ^^^^^^^^^^^^^^^^^^^^^^^
  File "/usr/local/lib/python3.12/dist-packages/sqlalchemy/pool/base.py", line 673, in __init__
    self.__connect()
  File "/usr/local/lib/python3.12/dist-packages/sqlalchemy/pool/base.py", line 899, in __connect
    with util.safe_reraise():
  File "/usr/local/lib/python3.12/dist-packages/sqlalchemy/util/langhelpers.py", line 224, in __exit__
    raise exc_value.with_traceback(exc_tb)
  File "/usr/local/lib/python3.12/dist-packages/sqlalchemy/pool/base.py", line 895, in __connect
    self.dbapi_connection = connection = pool._invoke_creator(self)
                                         ^^^^^^^^^^^^^^^^^^^^^^^^^^
  File "/usr/local/lib/python3.12/dist-packages/sqlalchemy/engine/create.py", line 661, in connect
    return dialect.connect(*cargs, **cparams)
           ^^^^^^^^^^^^^^^^^^^^^^^^^^^^^^^^^^
  File "/usr/local/lib/python3.12/dist-packages/sqlalchemy/engine/default.py", line 629, in connect
    return self.loaded_dbapi.connect(*cargs, **cparams)  # type: ignore[no-any-return]  # NOQA: E501
           ^^^^^^^^^^^^^^^^^^^^^^^^^^^^^^^^^^^^^^^^^^^^
  File "/usr/local/lib/python3.12/dist-packages/psycopg2/__init__.py", line 122, in connect
    conn = _connect(dsn, connection_factory=connection_factory, **kwasync)
           ^^^^^^^^^^^^^^^^^^^^^^^^^^^^^^^^^^^^^^^^^^^^^^^^^^^^^^^^^^^^^^^
psycopg2.OperationalError: connection to server at "localhost" (::1), port 5432 failed: Connection refused
	Is the server running on that host and accepting TCP/IP connections?
connection to server at "localhost" (127.0.0.1), port 5432 failed: Connection refused
	Is the server running on that host and accepting TCP/IP connections?


The above exception was the direct cause of the following exception:

Traceback (most recent call last):
  File "/workspace/projects/workspace/tasks/T01-a-stock-leader-selection/main.py", line 618, in <module>
    main()
  File "/workspace/projects/workspace/tasks/T01-a-stock-leader-selection/main.py", line 562, in main
    init_db()
  File "/workspace/projects/workspace/tasks/T01-a-stock-leader-selection/database/models.py", line 623, in init_db
    Base.metadata.create_all(engine)
  File "/usr/local/lib/python3.12/dist-packages/sqlalchemy/sql/schema.py", line 5924, in create_all
    bind._run_ddl_visitor(
  File "/usr/local/lib/python3.12/dist-packages/sqlalchemy/engine/base.py", line 3251, in _run_ddl_visitor
    with self.begin() as conn:
  File "/usr/lib/python3.12/contextlib.py", line 137, in __enter__
    return next(self.gen)
           ^^^^^^^^^^^^^^
  File "/usr/local/lib/python3.12/dist-packages/sqlalchemy/engine/base.py", line 3241, in begin
    with self.connect() as conn:
         ^^^^^^^^^^^^^^
  File "/usr/local/lib/python3.12/dist-packages/sqlalchemy/engine/base.py", line 3277, in connect
    return self._connection_cls(self)
           ^^^^^^^^^^^^^^^^^^^^^^^^^^
  File "/usr/local/lib/python3.12/dist-packages/sqlalchemy/engine/base.py", line 145, in __init__
    Connection._handle_dbapi_exception_noconnection(
  File "/usr/local/lib/python3.12/dist-packages/sqlalchemy/engine/base.py", line 2440, in _handle_dbapi_exception_noconnection
    raise sqlalchemy_exception.with_traceback(exc_info[2]) from e
  File "/usr/local/lib/python3.12/dist-packages/sqlalchemy/engine/base.py", line 143, in __init__
    self._dbapi_connection = engine.raw_connection()
                             ^^^^^^^^^^^^^^^^^^^^^^^
  File "/usr/local/lib/python3.12/dist-packages/sqlalchemy/engine/base.py", line 3301, in raw_connection
    return self.pool.connect()
           ^^^^^^^^^^^^^^^^^^^
  File "/usr/local/lib/python3.12/dist-packages/sqlalchemy/pool/base.py", line 447, in connect
    return _ConnectionFairy._checkout(self)
           ^^^^^^^^^^^^^^^^^^^^^^^^^^^^^^^^
  File "/usr/local/lib/python3.12/dist-packages/sqlalchemy/pool/base.py", line 1264, in _checkout
    fairy = _ConnectionRecord.checkout(pool)
            ^^^^^^^^^^^^^^^^^^^^^^^^^^^^^^^^
  File "/usr/local/lib/python3.12/dist-packages/sqlalchemy/pool/base.py", line 711, in checkout
    rec = pool._do_get()
          ^^^^^^^^^^^^^^
  File "/usr/local/lib/python3.12/dist-packages/sqlalchemy/pool/impl.py", line 177, in _do_get
    with util.safe_reraise():
  File "/usr/local/lib/python3.12/dist-packages/sqlalchemy/util/langhelpers.py", line 224, in __exit__
    raise exc_value.with_traceback(exc_tb)
  File "/usr/local/lib/python3.12/dist-packages/sqlalchemy/pool/impl.py", line 175, in _do_get
    return self._create_connection()
           ^^^^^^^^^^^^^^^^^^^^^^^^^
  File "/usr/local/lib/python3.12/dist-packages/sqlalchemy/pool/base.py", line 388, in _create_connection
    return _ConnectionRecord(self)
           ^^^^^^^^^^^^^^^^^^^^^^^
  File "/usr/local/lib/python3.12/dist-packages/sqlalchemy/pool/base.py", line 673, in __init__
    self.__connect()
  File "/usr/local/lib/python3.12/dist-packages/sqlalchemy/pool/base.py", line 899, in __connect
    with util.safe_reraise():
  File "/usr/local/lib/python3.12/dist-packages/sqlalchemy/util/langhelpers.py", line 224, in __exit__
    raise exc_value.with_traceback(exc_tb)
  File "/usr/local/lib/python3.12/dist-packages/sqlalchemy/pool/base.py", line 895, in __connect
    self.dbapi_connection = connection = pool._invoke_creator(self)
                                         ^^^^^^^^^^^^^^^^^^^^^^^^^^
  File "/usr/local/lib/python3.12/dist-packages/sqlalchemy/engine/create.py", line 661, in connect
    return dialect.connect(*cargs, **cparams)
           ^^^^^^^^^^^^^^^^^^^^^^^^^^^^^^^^^^
  File "/usr/local/lib/python3.12/dist-packages/sqlalchemy/engine/default.py", line 629, in connect
    return self.loaded_dbapi.connect(*cargs, **cparams)  # type: ignore[no-any-return]  # NOQA: E501
           ^^^^^^^^^^^^^^^^^^^^^^^^^^^^^^^^^^^^^^^^^^^^
  File "/usr/local/lib/python3.12/dist-packages/psycopg2/__init__.py", line 122, in connect
    conn = _connect(dsn, connection_factory=connection_factory, **kwasync)
           ^^^^^^^^^^^^^^^^^^^^^^^^^^^^^^^^^^^^^^^^^^^^^^^^^^^^^^^^^^^^^^^
sqlalchemy.exc.OperationalError: (psycopg2.OperationalError) connection to server at "localhost" (::1), port 5432 failed: Connection refused
	Is the server running on that host and accepting TCP/IP connections?
connection to server at "localhost" (127.0.0.1), port 5432 failed: Connection refused
	Is the server running on that host and accepting TCP/IP connections?

(Background on this error at: https://sqlalche.me/e/20/e3q8)

[2026-03-23 16:12:22] [ERROR] [t01.task.track] ❌ 结果跟踪任务失败
[2026-03-23 16:12:22] [INFO] [t01.task.track] 任务结束，状态: 失败
[2026-03-23 16:41:30] [INFO] [t01.task.track] ============================================================
[2026-03-23 16:41:30] [INFO] [t01.task.track] T01 结果跟踪任务启动 - 2026-03-23 16:41:30.963690
[2026-03-23 16:41:30] [INFO] [t01.task.track] ============================================================
[2026-03-23 16:41:31] [INFO] [t01.task.track] 跟踪日期: T日=20260319, T+1日=20260320, T+2日=20260323
[2026-03-23 16:41:31] [INFO] [t01.task.track] 📊 获取到 3 只 T+1 竞价推荐股票:
[2026-03-23 16:41:31] [INFO] [t01.task.track]    1. 000601.SZ 韶能股份 - 得分: 71.31
[2026-03-23 16:41:31] [INFO] [t01.task.track]    2. 002310.SZ 东方新能 - 得分: 69.09
[2026-03-23 16:41:31] [INFO] [t01.task.track]    3. 601218.SH 吉鑫科技 - 得分: 66.64
[2026-03-23 16:41:31] [INFO] [t01.task.track] 📦 获取到 20 只股票的 T日因子评分
[2026-03-23 16:41:31] [INFO] [t01.task.track] 📦 获取到 10 只股票的 T+1 竞价数据
[2026-03-23 16:41:31] [INFO] [t01.task.track]    ❌ 000601.SZ 韶能股份: 买入8.13 -> 卖出7.33, 收益-9.84%
[2026-03-23 16:41:31] [INFO] [t01.task.track]    ✅ 002310.SZ 东方新能: 买入3.25 -> 卖出3.83, 收益17.85%
[2026-03-23 16:41:31] [INFO] [t01.task.track]    ❌ 601218.SH 吉鑫科技: 买入7.70 -> 卖出7.19, 收益-6.62%
[2026-03-23 16:41:31] [INFO] [t01.task.track] ============================================================
[2026-03-23 16:41:31] [INFO] [t01.task.track] 📈 T+1 竞价选股 T+2 收益统计 (20260320)
[2026-03-23 16:41:31] [INFO] [t01.task.track] ============================================================
[2026-03-23 16:41:31] [INFO] [t01.task.track]    跟踪股票数: 3
[2026-03-23 16:41:31] [INFO] [t01.task.track]    盈利 (>3%): 1 只
[2026-03-23 16:41:31] [INFO] [t01.task.track]    胜率: 33.3%
[2026-03-23 16:41:31] [INFO] [t01.task.track]    平均收益率: 0.46%
[2026-03-23 16:41:31] [INFO] [t01.task.track] ============================================================
[2026-03-23 16:41:31] [INFO] [t01.task.track] ✅ 跟踪结果已保存到数据库
[2026-03-23 16:41:31] [INFO] [t01.task.track] ✅ 机器学习训练数据已保存 (3 条)
[2026-03-23 16:41:32] [INFO] [t01.task.track] ✅ 跟踪消息已发送
[2026-03-23 16:41:32] [INFO] [t01.task.track] ✅ 结果跟踪完成
