[2026-04-03 21:00:09] [INFO] [t01.task.market_review] ============================================================
[2026-04-03 21:00:09] [INFO] [t01.task.market_review] Cron任务启动: market-review
[2026-04-03 21:00:09] [INFO] [t01.task.market_review] ============================================================
[2026-04-03 21:00:09] [INFO] [t01.task.market_review] 🚀 执行市场复盘分析...
[2026-04-03 21:00:28] [INFO] [t01.task.market_review] ============================================================
T01 每日市场复盘分析
时间: 2026-04-03 21:00:09
============================================================
✅ 已加载 2 个 API Key: mkt_sE...7J8s, mkt_m3...Lmy8

🔍 步骤1: 获取大盘整体点评...
   ✅ 获取成功: 3900点再度失守！节前最后一天 A股发生了什么？...

🔍 步骤2: 分析热点行业板块...
   分析 电力板块...
   ✅ 电力板块: 🔥 高 (新闻15条)
   分析 新能源板块...
   ✅ 新能源板块: 🔥 高 (新闻15条)
   分析 半导体板块...
   ✅ 半导体板块: 🔥 高 (新闻15条)

🔍 步骤3: 分析热点概念板块...
   分析 商业航天概念...
   ✅ 商业航天概念: 🔥 高 (新闻15条)
   分析 人工智能概念...
   ✅ 人工智能概念: 🔥 高 (新闻15条)
   分析 数字经济概念...
   ✅ 数字经济概念: 🔥 高 (新闻15条)

🔍 步骤4: 生成投资建议...

✅ 报告已保存: /workspace/projects/workspace/logs/market_review_20260403.md
✅ 飞书API消息发送成功 (interactive)
✅ 飞书卡片消息已发送

============================================================
分析报告:
============================================================
📊 **T01每日市场复盘报告**

分析时间: 2026-04-03 21:00

==================================================

**📈 大盘综述**
此外，4月2日，工信部办公厅发布关于开展普惠算力赋能中小企业发展专项行动的通知。其中，算力服务普惠供给是此次专项行动的重点内容。工信部首次明确提出，探索“算力银行”“算力超市”等创新业务，支持中小企业存入闲置算力资源，通过跨区域、跨周期调度实现灵活取用。
二是，光纤板块。消息面上，光纤行业迎来涨价潮，瑞银最新研报援引行业研究机构CRU数据，欧洲G652.
D裸光纤价格在3月达到每光纤千米7.
94欧元(约合9.
1美元)，较1月环比上涨136%，同比上涨159%。中信建投指出，海外电信网络建设、人工智能数据中心、无人机等新兴需求共同拉动光纤用量攀升，中国光纤供应商呈现“不愁卖”状态。光纤涨价对上市公司业绩的传导预计在一季度尚不明显，但行业整体处于高景气周期，持续推荐光纤板块。有观点称，整体而言市场仍处于弱势整理结构之中，应对上需保持谨慎，静待后续出现更为明确的企稳信号后，再行介入或具更为稳妥。（文章来源：每日经济新闻）...

==================================================

**🏭 热点行业板块分析**

| 板块 | 持续性 | 新闻数 | 要点 |
|------|--------|--------|------|
| 电力板块 | 🔥 高 | 15 | 转自：证券时报
 人民财讯4月3日电，电力板块午后持续走低，广西能源（维权）跌停，闽东电力早盘跌停，... |
| 新能源板块 | 🔥 高 | 15 | 尊敬的投资者，您好！公司新能源动力业务2025年实现了较快增长，同时也面临激烈竞争，公司将继续加强产... |
| 半导体板块 | 🔥 高 | 15 | 半导体板块或迎来需求爆发窗口，南方基金郑晓曦深挖硬核赛道长期价值随着AI算力需求的持续井喷与国产替代... |

==================================================

**💡 热点概念板块分析**

| 概念 | 持续性 | 新闻数 | 要点 |
|------|--------|--------|------|
| 商业航天概念 | 🔥 高 | 15 | 
 南方财经4月2日电，早盘商业航天概念再度走强，通达股份3连板，中超控股涨停，雷科防务、顶固集创、... |
| 人工智能概念 | 🔥 高 | 15 | 在生态打造与创业赋能方面，中心同步搭建“一站式OPC(一人公司)创业社区”，打造物理空间与数字空间双... |
| 数字经济概念 | 🔥 高 | 15 | 更值得注意的是，报告明确写入“国产大模型引领全球开源生态”。这是中国数字技术从应用创新向基础能力延伸... |

==================================================

**🎯 投资建议**

**重点关注 (高持续性):**

- **电力板块**: 🔥 高 - 新闻15条

- **新能源板块**: 🔥 高 - 新闻15条

- **半导体板块**: 🔥 高 - 新闻15条

**适度关注 (中持续性):**

- 暂无中持续性板块

==================================================

⚠️ 以上分析仅供参考，不构成投资建议。

📅 报告生成时间: 2026-04-03 21:00

============================================================
API使用统计: 48/100 (48.0%)
============================================================

[2026-04-03 21:00:28] [INFO] [t01.task.market_review] ✅ 市场复盘分析完成
[2026-04-03 21:00:28] [INFO] [t01.task.market_review] 任务结束，状态: 成功
