[2026-04-20 16:10:09] [INFO] [t01.task.track] ============================================================
[2026-04-20 16:10:09] [INFO] [t01.task.track] T01 结果跟踪任务启动 - 2026-04-20 16:10:09.497459
[2026-04-20 16:10:09] [INFO] [t01.task.track] ============================================================
[2026-04-20 16:10:09] [INFO] [t01.task.track] 跟踪日期: T日=20260416, T+1日=20260417, T+2日=20260420
[2026-04-20 16:10:09] [WARNING] [t01.task.track] ⚠️ 未找到 20260417 的 T+1 竞价选股结果，尝试获取 T 日选股结果
[2026-04-20 16:10:09] [INFO] [t01.task.track] 📊 获取到 3 只 T 日推荐股票:
[2026-04-20 16:10:09] [INFO] [t01.task.track] 📊 获取到 3 只 T+1 竞价推荐股票:
[2026-04-20 16:10:09] [INFO] [t01.task.track]    1. 603906.SH 龙蟠科技 - 得分: 71.31
[2026-04-20 16:10:09] [INFO] [t01.task.track]    2. 002802.SZ 洪汇新材 - 得分: 70.95
[2026-04-20 16:10:09] [INFO] [t01.task.track]    3. 001230.SZ 劲旅环境 - 得分: 67.93
[2026-04-20 16:10:09] [INFO] [t01.task.track] 📦 获取到 54 只股票的 T日因子评分
[2026-04-20 16:10:09] [INFO] [t01.task.track] 📦 获取到 10 只股票的 T+1 竞价数据
[2026-04-20 16:10:09] [INFO] [t01.task.track]    ✅ 603906.SH 龙蟠科技: 买入25.80 -> 卖出27.31, 收益5.85%
[2026-04-20 16:10:09] [INFO] [t01.task.track]    ✅ 002802.SZ 洪汇新材: 买入15.05 -> 卖出15.69, 收益4.25%
[2026-04-20 16:10:09] [INFO] [t01.task.track]    ❌ 001230.SZ 劲旅环境: 买入28.02 -> 卖出28.41, 收益1.39%
[2026-04-20 16:10:09] [INFO] [t01.task.track] ============================================================
[2026-04-20 16:10:09] [INFO] [t01.task.track] 📈 T+1 竞价选股 T+2 收益统计 (20260417)
[2026-04-20 16:10:09] [INFO] [t01.task.track] ============================================================
[2026-04-20 16:10:09] [INFO] [t01.task.track]    跟踪股票数: 3
[2026-04-20 16:10:09] [INFO] [t01.task.track]    盈利 (>3%): 2 只
[2026-04-20 16:10:09] [INFO] [t01.task.track]    胜率: 66.7%
[2026-04-20 16:10:09] [INFO] [t01.task.track]    平均收益率: 3.83%
[2026-04-20 16:10:09] [INFO] [t01.task.track] ============================================================
[2026-04-20 16:10:09] [INFO] [t01.task.track] ✅ 跟踪结果已保存到数据库
[2026-04-20 16:10:09] [INFO] [t01.task.track] ✅ 机器学习训练数据已保存 (3 条)
[2026-04-20 16:10:10] [INFO] [t01.task.track] ✅ 跟踪消息已发送
[2026-04-20 16:10:10] [INFO] [t01.task.track] ✅ 结果跟踪完成
[2026-04-20 17:02:07] [INFO] [t01.task.track] ============================================================
[2026-04-20 17:02:07] [INFO] [t01.task.track] T01 结果跟踪任务启动 - 2026-04-20 17:02:07.333451
[2026-04-20 17:02:07] [INFO] [t01.task.track] ============================================================
[2026-04-20 17:02:07] [INFO] [t01.task.track] 跟踪日期: T日=20260416, T+1日=20260417, T+2日=20260420
[2026-04-20 17:02:07] [WARNING] [t01.task.track] ⚠️ 未找到 20260417 的 T+1 竞价选股结果，尝试获取 T 日选股结果
[2026-04-20 17:02:07] [INFO] [t01.task.track] 📊 获取到 3 只 T 日推荐股票:
[2026-04-20 17:02:07] [INFO] [t01.task.track] 📊 获取到 3 只 T+1 竞价推荐股票:
[2026-04-20 17:02:07] [INFO] [t01.task.track]    1. 603906.SH 龙蟠科技 - 得分: 71.31
[2026-04-20 17:02:07] [INFO] [t01.task.track]    2. 002802.SZ 洪汇新材 - 得分: 70.95
[2026-04-20 17:02:07] [INFO] [t01.task.track]    3. 001230.SZ 劲旅环境 - 得分: 67.93
[2026-04-20 17:02:07] [INFO] [t01.task.track] 📦 获取到 54 只股票的 T日因子评分
[2026-04-20 17:02:07] [INFO] [t01.task.track] 📦 获取到 10 只股票的 T+1 竞价数据
[2026-04-20 17:02:07] [INFO] [t01.task.track]    ✅ 603906.SH 龙蟠科技: 买入25.80 -> 卖出27.31, 收益5.85%
[2026-04-20 17:02:07] [INFO] [t01.task.track]    ✅ 002802.SZ 洪汇新材: 买入15.05 -> 卖出15.69, 收益4.25%
[2026-04-20 17:02:07] [INFO] [t01.task.track]    ❌ 001230.SZ 劲旅环境: 买入28.02 -> 卖出28.41, 收益1.39%
[2026-04-20 17:02:07] [INFO] [t01.task.track] ============================================================
[2026-04-20 17:02:07] [INFO] [t01.task.track] 📈 T+1 竞价选股 T+2 收益统计 (20260417)
[2026-04-20 17:02:07] [INFO] [t01.task.track] ============================================================
[2026-04-20 17:02:07] [INFO] [t01.task.track]    跟踪股票数: 3
[2026-04-20 17:02:07] [INFO] [t01.task.track]    盈利 (>3%): 2 只
[2026-04-20 17:02:07] [INFO] [t01.task.track]    胜率: 66.7%
[2026-04-20 17:02:07] [INFO] [t01.task.track]    平均收益率: 3.83%
[2026-04-20 17:02:07] [INFO] [t01.task.track] ============================================================
[2026-04-20 17:02:07] [INFO] [t01.task.track] ✅ 跟踪结果已保存到数据库
[2026-04-20 17:02:07] [INFO] [t01.task.track] ✅ 机器学习训练数据已保存 (3 条)
[2026-04-20 17:02:08] [INFO] [t01.task.track] ✅ 跟踪消息已发送
[2026-04-20 17:02:08] [INFO] [t01.task.track] ✅ 结果跟踪完成
