[2026-03-31 16:10:25] [INFO] [t01.task.track] ============================================================
[2026-03-31 16:10:25] [INFO] [t01.task.track] Cron任务启动: track
[2026-03-31 16:10:25] [INFO] [t01.task.track] ============================================================
[2026-03-31 16:10:25] [INFO] [t01.task.track] 🚀 执行结果跟踪任务...
[2026-03-31 16:10:26] [INFO] [t01.task.track] ============================================================
[2026-03-31 16:10:26] [INFO] [t01.task.track] T01 结果跟踪任务启动 - 2026-03-31 16:10:26.871403
[2026-03-31 16:10:26] [INFO] [t01.task.track] ============================================================
[2026-03-31 16:10:26] [INFO] [t01.task.track] 跟踪日期: T日=20260327, T+1日=20260330, T+2日=20260331
[2026-03-31 16:10:26] [INFO] [t01.task.track] 📊 获取到 3 只 T+1 竞价推荐股票:
[2026-03-31 16:10:26] [INFO] [t01.task.track]    1. 002263.SZ 大东南 - 得分: 72.61
[2026-03-31 16:10:26] [INFO] [t01.task.track]    2. 600310.SH 广西能源 - 得分: 72.15
[2026-03-31 16:10:26] [INFO] [t01.task.track]    3. 300204.SZ 舒泰神 - 得分: 69.94
[2026-03-31 16:10:26] [INFO] [t01.task.track] 📦 获取到 62 只股票的 T日因子评分
[2026-03-31 16:10:26] [INFO] [t01.task.track] 📦 获取到 10 只股票的 T+1 竞价数据
[2026-03-31 16:10:27] [INFO] [t01.task.track]    ✅ 002263.SZ 大东南: 买入4.17 -> 卖出4.51, 收益8.15%
[2026-03-31 16:10:27] [INFO] [t01.task.track]    ❌ 600310.SH 广西能源: 买入6.99 -> 卖出6.34, 收益-9.30%
[2026-03-31 16:10:27] [INFO] [t01.task.track]    ✅ 300204.SZ 舒泰神: 买入28.45 -> 卖出30.03, 收益5.55%
[2026-03-31 16:10:27] [INFO] [t01.task.track] ============================================================
[2026-03-31 16:10:27] [INFO] [t01.task.track] 📈 T+1 竞价选股 T+2 收益统计 (20260330)
[2026-03-31 16:10:27] [INFO] [t01.task.track] ============================================================
[2026-03-31 16:10:27] [INFO] [t01.task.track]    跟踪股票数: 3
[2026-03-31 16:10:27] [INFO] [t01.task.track]    盈利 (>3%): 2 只
[2026-03-31 16:10:27] [INFO] [t01.task.track]    胜率: 66.7%
[2026-03-31 16:10:27] [INFO] [t01.task.track]    平均收益率: 1.47%
[2026-03-31 16:10:27] [INFO] [t01.task.track] ============================================================
[2026-03-31 16:10:27] [INFO] [t01.task.track] ✅ 跟踪结果已保存到数据库
[2026-03-31 16:10:27] [INFO] [t01.task.track] ✅ 机器学习训练数据已保存 (3 条)
[2026-03-31 16:10:27] [INFO] [t01.task.track] ✅ 跟踪消息已发送
[2026-03-31 16:10:27] [INFO] [t01.task.track] ✅ 结果跟踪完成
[2026-03-31 16:10:28] [INFO] [t01.task.track] ============================================================
检查依赖状态...
============================================================
  ✅ pandas
  ✅ numpy
  ✅ sqlalchemy
  ✅ psycopg2
  ✅ schedule
  ✅ tushare
  ✅ sklearn
  ✅ scipy
  ✅ deap
  ✅ requests
  ✅ coze_coding_dev_sdk
  ✅ pptx
  ✅ langchain_core

已安装: 13/13
✅ 日志系统初始化完成
   日志目录: /workspace/projects/workspace/logs/t01
[数据库配置] 使用 SQLite 数据库
[数据库配置] 数据库路径: /workspace/projects/workspace/tasks/T01-a-stock-leader-selection/database/t01_stocks.db
✅ 监控模块初始化完成
============================================================
T01 结果跟踪任务启动 - 2026-03-31 16:10:26.871403
============================================================
跟踪日期: T日=20260327, T+1日=20260330, T+2日=20260331
📊 获取到 3 只 T+1 竞价推荐股票:
   1. 002263.SZ 大东南 - 得分: 72.61
   2. 600310.SH 广西能源 - 得分: 72.15
   3. 300204.SZ 舒泰神 - 得分: 69.94
📦 获取到 62 只股票的 T日因子评分
📦 获取到 10 只股票的 T+1 竞价数据
   ✅ 002263.SZ 大东南: 买入4.17 -> 卖出4.51, 收益8.15%
   ❌ 600310.SH 广西能源: 买入6.99 -> 卖出6.34, 收益-9.30%
   ✅ 300204.SZ 舒泰神: 买入28.45 -> 卖出30.03, 收益5.55%
============================================================
📈 T+1 竞价选股 T+2 收益统计 (20260330)
============================================================
   跟踪股票数: 3
   盈利 (>3%): 2 只
   胜率: 66.7%
   平均收益率: 1.47%
============================================================
✅ 跟踪结果已保存到数据库
✅ 机器学习训练数据已保存 (3 条)
✅ 飞书API消息发送成功 (interactive)
✅ 跟踪消息已发送
✅ 结果跟踪完成

[2026-03-31 16:10:28] [INFO] [t01.task.track] ✅ 结果跟踪任务完成
[2026-03-31 16:10:28] [INFO] [t01.task.track] 任务结束，状态: 成功
