[2026-03-24 21:00:48] [INFO] [t01.task.market_review] ============================================================
[2026-03-24 21:00:48] [INFO] [t01.task.market_review] Cron任务启动: market-review
[2026-03-24 21:00:48] [INFO] [t01.task.market_review] ============================================================
[2026-03-24 21:00:48] [INFO] [t01.task.market_review] 🚀 执行市场复盘分析...
[2026-03-24 21:01:07] [INFO] [t01.task.market_review] ============================================================
T01 每日市场复盘分析
时间: 2026-03-24 21:00:48
============================================================
✅ 已加载 2 个 API Key: mkt_sE...7J8s, mkt_m3...Lmy8

🔍 步骤1: 获取大盘整体点评...
   ✅ 获取成功: CXO概念板块大涨！...

🔍 步骤2: 分析热点行业板块...
   分析 电力板块...
   ✅ 电力板块: 🔥 高 (新闻15条)
   分析 新能源板块...
   ✅ 新能源板块: 🔥 高 (新闻15条)
   分析 半导体板块...
   ✅ 半导体板块: 🔥 高 (新闻15条)

🔍 步骤3: 分析热点概念板块...
   分析 商业航天概念...
   ✅ 商业航天概念: 🔥 高 (新闻15条)
   分析 人工智能概念...
   ✅ 人工智能概念: 🔥 高 (新闻15条)
   分析 数字经济概念...
   ✅ 数字经济概念: 🔥 高 (新闻15条)

🔍 步骤4: 生成投资建议...

✅ 报告已保存: /workspace/projects/workspace/logs/market_review_20260324.md
✅ 飞书API消息发送成功 (interactive)
✅ 飞书卡片消息已发送

============================================================
分析报告:
============================================================
📊 **T01每日市场复盘报告**

分析时间: 2026-03-24 21:00

==================================================

**📈 大盘综述**
A股市场今天（3月24日）上午整体上行，主要指数多数上涨。CXO概念板块大涨，成为上午A股市场主要亮点之一。
A股市场整体上行 CXO概念大涨　　A股市场今天上午整体上行，上证指数等主要指数多数上涨，创业板指表现相对疲弱，盘中走低。截至上午收盘，上证指数涨0.
95%，深证成指涨0.
26%，创业板指跌0.
79%。从行业板块和赛道来看，若按照申万一级行业划分，有色金属板块涨幅居前，板块盘中涨幅超过2.
5%，融捷股份、海星股份盘中涨停，国城矿业、盛屯矿业、藏格矿业、永兴材料、浩通科技、云南锗业等股票涨幅居前。建筑材料板块大幅上涨，板块盘中涨幅超过2%，科顺股份、金晶科技、兔宝宝、东方雨虹等股票涨幅居前。纺织服装、环保、公用事业等板块涨幅亦居于市场前列。石油石化、农林牧渔等板块跌幅居前。
概念板块方面，CXO概念板块大涨，板块盘中涨幅超过3%。龙头股药明康德A股盘中涨幅超过6%，药明康德港股涨幅更大，盘中涨幅超过9%。药明康德昨晚发布的2025年报显示，随着产能不断提升以更好满足客户需求，截至2025年12月末，公司持续经营业务在手订单人民币580.
0亿元，同比增长28....

==================================================

**🏭 热点行业板块分析**

| 板块 | 持续性 | 新闻数 | 要点 |
|------|--------|--------|------|
| 电力板块 | 🔥 高 | 15 | 板块方面
绿电板块再度走强，迪森股份、节能风电、华银电力、华电辽能、宁波能源等涨停。
消息面上，3月... |
| 新能源板块 | 🔥 高 | 15 | 华鑫证券指出，本轮伊朗局势升级已演化为对全球能源供给体系的系统性冲击，能源安全逻辑显著强化并成为中长... |
| 半导体板块 | 🔥 高 | 15 | 《科创板日报》24日讯，今日，科创50指数午后拉升，收涨2.33%，报1290.79点。盘面上，半导... |

==================================================

**💡 热点概念板块分析**

| 概念 | 持续性 | 新闻数 | 要点 |
|------|--------|--------|------|
| 商业航天概念 | 🔥 高 | 15 | 专家表示，商业航天目前已形成京津冀、长三角、珠三角等产业集群，集聚了从研发制造到应用服务的完整产业链... |
| 人工智能概念 | 🔥 高 | 15 | 科技主题基金震荡2026开年以来，和AI产业相关的利好消息和爆款产品不断涌现。1月份，人工智能科技公... |
| 数字经济概念 | 🔥 高 | 15 | 资本端并购、融资与IPO节奏同步提速，头部企业通过生态整合与商业化布局强化竞争壁垒，AI产业进入“需... |

==================================================

**🎯 投资建议**

**重点关注 (高持续性):**

- **电力板块**: 🔥 高 - 新闻15条

- **新能源板块**: 🔥 高 - 新闻15条

- **半导体板块**: 🔥 高 - 新闻15条

**适度关注 (中持续性):**

- 暂无中持续性板块

==================================================

⚠️ 以上分析仅供参考，不构成投资建议。

📅 报告生成时间: 2026-03-24 21:01

============================================================
API使用统计: 21/100 (21.0%)
============================================================

[2026-03-24 21:01:07] [INFO] [t01.task.market_review] ✅ 市场复盘分析完成
[2026-03-24 21:01:07] [INFO] [t01.task.market_review] 任务结束，状态: 成功
