[2026-03-26 21:01:00] [INFO] [t01.task.market_review] ============================================================
[2026-03-26 21:01:00] [INFO] [t01.task.market_review] Cron任务启动: market-review
[2026-03-26 21:01:00] [INFO] [t01.task.market_review] ============================================================
[2026-03-26 21:01:00] [INFO] [t01.task.market_review] 🚀 执行市场复盘分析...
[2026-03-26 21:01:17] [INFO] [t01.task.market_review] ============================================================
T01 每日市场复盘分析
时间: 2026-03-26 21:01:00
============================================================
✅ 已加载 2 个 API Key: mkt_sE...7J8s, mkt_m3...Lmy8

🔍 步骤1: 获取大盘整体点评...
   ✅ 获取成功: 每日资金盘点：A股三大指数均跌逾1%！资金逆市布局新能源、有色板块！...

🔍 步骤2: 分析热点行业板块...
   分析 电力板块...
   ✅ 电力板块: 🔥 高 (新闻15条)
   分析 新能源板块...
   ✅ 新能源板块: 🔥 高 (新闻15条)
   分析 半导体板块...
   ✅ 半导体板块: 🔥 高 (新闻15条)

🔍 步骤3: 分析热点概念板块...
   分析 商业航天概念...
   ✅ 商业航天概念: 🔥 高 (新闻15条)
   分析 人工智能概念...
   ✅ 人工智能概念: 🔥 高 (新闻15条)
   分析 数字经济概念...
   ✅ 数字经济概念: 🔥 高 (新闻15条)

🔍 步骤4: 生成投资建议...

✅ 报告已保存: /workspace/projects/workspace/logs/market_review_20260326.md
✅ 飞书API消息发送成功 (interactive)
✅ 飞书卡片消息已发送

============================================================
分析报告:
============================================================
📊 **T01每日市场复盘报告**

分析时间: 2026-03-26 21:01

==================================================

**📈 大盘综述**
3月26日，A股经历2日反弹后回调，沪指跌逾1%再失3900点，市场近4500股下跌。两市成交额1.96万亿元，不足2万亿元，较上日缩量。资金整体呈现流出趋势，公开数据显示，今日市场资金合计净流出超770亿元。
【3月26日全市场资金流向】
【哪些行业逆市受资金青睐？建筑材料、有色金属、基础化工居前三！】
按申万一级行业分类来看，建筑材料、有色金属、基础化工等板块今日获主力净流入居前。
【申万一级行业主力净流入前10名】
有色金属板块今日获超22亿元主力净流入。美伊局势成为近期影响有色金属板块的核心因素之一。美国向伊朗提出包含“15项条件”的和谈方案，伊朗开出停火五大条件，称“先接受条件再谈判”。中长期看，央行购金、储备多元化以及地缘不确定性,仍对金价构成支撑；铜作为能源转型关键金属，强势的供需基本面或将支撑铜价。“金铜含量更高”的有色ETF汇添富(159652)两连阳后首度调整。...

==================================================

**🏭 热点行业板块分析**

| 板块 | 持续性 | 新闻数 | 要点 |
|------|--------|--------|------|
| 电力板块 | 🔥 高 | 15 | 每经AI快讯，3月26日，电力板块震荡回升，华电辽能9连板，广西能源、赣能股份、深南电A等多股涨停。... |
| 新能源板块 | 🔥 高 | 15 | 3月26日，A股冲高回落，主要指数下跌调整，电池ETF华夏（512460）低开高走涨幅超1.
31%... |
| 半导体板块 | 🔥 高 | 15 | 每经AI快讯，3月25日，美股半导体板块盘初走强，ARM大涨超11%，将首次出售自有芯片；AMD、英... |

==================================================

**💡 热点概念板块分析**

| 概念 | 持续性 | 新闻数 | 要点 |
|------|--------|--------|------|
| 商业航天概念 | 🔥 高 | 15 | 主线热点
75万亿美元。此次IPO有望成为史上规模最大的首次公开募股。商业航天概念盘中逆势活跃，再升... |
| 人工智能概念 | 🔥 高 | 15 | 人工智能概念股走强，天孚通信、协创数据涨超9%，昆仑万维涨超7%。 
 受盘面影响，创业板人工智能相... |
| 数字经济概念 | 🔥 高 | 15 | 数字经济ETF鹏扬紧密跟踪中证数字经济主题指数，选取涉及数字经济基础设施和数字化程度较高的应用领域上... |

==================================================

**🎯 投资建议**

**重点关注 (高持续性):**

- **电力板块**: 🔥 高 - 新闻15条

- **新能源板块**: 🔥 高 - 新闻15条

- **半导体板块**: 🔥 高 - 新闻15条

**适度关注 (中持续性):**

- 暂无中持续性板块

==================================================

⚠️ 以上分析仅供参考，不构成投资建议。

📅 报告生成时间: 2026-03-26 21:01

============================================================
API使用统计: 20/100 (20.0%)
============================================================

[2026-03-26 21:01:17] [INFO] [t01.task.market_review] ✅ 市场复盘分析完成
[2026-03-26 21:01:17] [INFO] [t01.task.market_review] 任务结束，状态: 成功
