[2026-04-06 21:00:13] [INFO] [t01.task.market_review] ============================================================
[2026-04-06 21:00:13] [INFO] [t01.task.market_review] Cron任务启动: market-review
[2026-04-06 21:00:13] [INFO] [t01.task.market_review] ============================================================
[2026-04-06 21:00:13] [INFO] [t01.task.market_review] 🚀 执行市场复盘分析...
[2026-04-06 21:00:30] [INFO] [t01.task.market_review] ============================================================
T01 每日市场复盘分析
时间: 2026-04-06 21:00:13
============================================================
✅ 已加载 2 个 API Key: mkt_sE...7J8s, mkt_m3...Lmy8

🔍 步骤1: 获取大盘整体点评...
   ✅ 获取成功: 招商策略：冲突未平、绝境逢生——A股2026年4月观点及配置建议...

🔍 步骤2: 分析热点行业板块...
   分析 电力板块...
   ✅ 电力板块: 🔥 高 (新闻15条)
   分析 新能源板块...
   ✅ 新能源板块: 🔥 高 (新闻15条)
   分析 半导体板块...
   ✅ 半导体板块: 🔥 高 (新闻15条)

🔍 步骤3: 分析热点概念板块...
   分析 商业航天概念...
   ✅ 商业航天概念: 🔥 高 (新闻15条)
   分析 人工智能概念...
   ✅ 人工智能概念: 🔥 高 (新闻15条)
   分析 数字经济概念...
   ✅ 数字经济概念: 🔥 高 (新闻15条)

🔍 步骤4: 生成投资建议...

✅ 报告已保存: /workspace/projects/workspace/logs/market_review_20260406.md
✅ 飞书API消息发送成功 (interactive)
✅ 飞书卡片消息已发送

============================================================
分析报告:
============================================================
📊 **T01每日市场复盘报告**

分析时间: 2026-04-06 21:00

==================================================

**📈 大盘综述**
大势研判和核心逻辑：展望4月，A股面临的外部风险尚未实质性缓解。当前美国正加速军事集结，随着四月中旬“布什号”航母战斗群完成部署，实施地面作战的可能性显著提升，美以伊冲突存在超预期升级的风险。在此背景下，油价的进一步上行压力将加剧市场对全球经济滞胀的忧虑。若四月中下旬美军发动地面进攻，无论因作战伤亡超出预期，抑或油价飙升引发全球股市深度回调，特朗普政府都可能被迫转向缓和策略，市场或将演绎典型的困境反转行情。国内层面，3月两会落幕及“十五五”规划纲要发布后，后续重点投资项目将加速落地，成为推动国内投资增速回升的核心驱动力。若外部冲击导致经济不确定性显著上升，四月底政治局会议存在进一步加码稳增长政策的预期。综合研判，四月下旬将成为国内外环境边际改善的关键时间窗口。外部冲击消退后，4月中下旬市场焦点将转向一季报业绩高增长领域。基于当前数据，有色金属、石油石化等资源板块，以及新能源、光通信、半导体产业链有望成为业绩增速最为亮眼的行业。
风格与行业配置思路：风格层面，4月中大盘风格有望占优，成长价值继续均衡。推荐指数组合包括：上证 50、沪深 300、300 质量、300 能源、300 材料。...

==================================================

**🏭 热点行业板块分析**

| 板块 | 持续性 | 新闻数 | 要点 |
|------|--------|--------|------|
| 电力板块 | 🔥 高 | 15 | 中信证券表示，我国以自主可控清洁能源替代化石能源，依托电能替代重构能源消费格局，降低传统能源消耗与海... |
| 新能源板块 | 🔥 高 | 15 | 3月26日，A股冲高回落，主要指数下跌调整，电池ETF华夏（512460）低开高走涨幅超1.
31%... |
| 半导体板块 | 🔥 高 | 15 | 半导体板块或迎来需求爆发窗口，南方基金郑晓曦深挖硬核赛道长期价值随着AI算力需求的持续井喷与国产替代... |

==================================================

**💡 热点概念板块分析**

| 概念 | 持续性 | 新闻数 | 要点 |
|------|--------|--------|------|
| 商业航天概念 | 🔥 高 | 15 | 
 南方财经4月2日电，早盘商业航天概念再度走强，通达股份3连板，中超控股涨停，雷科防务、顶固集创、... |
| 人工智能概念 | 🔥 高 | 15 | 润建股份副总裁、CTO胡永乐说，中心将围绕AI概念验证全流程，将创新构想转化为可落地的技术雏形。“随... |
| 数字经济概念 | 🔥 高 | 15 | 据新华社日内瓦3月31日电 （记者王露、焦倩）2026全球数字经济大会数字经济合作与创新论坛3月31... |

==================================================

**🎯 投资建议**

**重点关注 (高持续性):**

- **电力板块**: 🔥 高 - 新闻15条

- **新能源板块**: 🔥 高 - 新闻15条

- **半导体板块**: 🔥 高 - 新闻15条

**适度关注 (中持续性):**

- 暂无中持续性板块

==================================================

⚠️ 以上分析仅供参考，不构成投资建议。

📅 报告生成时间: 2026-04-06 21:00

============================================================
API使用统计: 6/100 (6.0%)
============================================================

[2026-04-06 21:00:30] [INFO] [t01.task.market_review] ✅ 市场复盘分析完成
[2026-04-06 21:00:30] [INFO] [t01.task.market_review] 任务结束，状态: 成功
