[2026-04-15 21:00:15] [INFO] [t01.task.market_review] ============================================================
[2026-04-15 21:00:15] [INFO] [t01.task.market_review] Cron任务启动: market-review
[2026-04-15 21:00:15] [INFO] [t01.task.market_review] ============================================================
[2026-04-15 21:00:15] [INFO] [t01.task.market_review] 🚀 执行市场复盘分析...
[2026-04-15 21:00:32] [INFO] [t01.task.market_review] ============================================================
T01 每日市场复盘分析
时间: 2026-04-15 21:00:15
============================================================
✅ 已加载 2 个 API Key: mkt_sE...7J8s, mkt_m3...Lmy8

🔍 步骤1: 获取大盘整体点评...
   ✅ 获取成功: 中国A股医药相关板块周三表现亮眼...

🔍 步骤2: 分析热点行业板块...
   分析 电力板块...
   ✅ 电力板块: 🔥 高 (新闻15条)
   分析 新能源板块...
   ✅ 新能源板块: 🔥 高 (新闻15条)
   分析 半导体板块...
   ✅ 半导体板块: 🔥 高 (新闻15条)

🔍 步骤3: 分析热点概念板块...
   分析 商业航天概念...
   ✅ 商业航天概念: 🔥 高 (新闻15条)
   分析 人工智能概念...
   ✅ 人工智能概念: 🔥 高 (新闻15条)
   分析 数字经济概念...
   ✅ 数字经济概念: 🔥 高 (新闻15条)

🔍 步骤4: 生成投资建议...

✅ 报告已保存: /workspace/projects/workspace/logs/market_review_20260415.md
✅ 飞书API消息发送成功 (interactive)
✅ 飞书卡片消息已发送

============================================================
分析报告:
============================================================
📊 **T01每日市场复盘报告**

分析时间: 2026-04-15 21:00

==================================================

**📈 大盘综述**
中国A股医药相关板块15日(周三)表现亮眼，涨幅居前。　　根据金融数据服务商东方财富的统计，医药商业、化学制药、中药板块当天走强。其中，医药商业板块当天录得4.35%的涨幅，领涨A股所有行业板块；个股方面，华人健康、瑞康医药、鹭燕医药股价收获涨停板，华人健康当天涨幅约20%。　　消息面上，中国国务院办公厅近日印发《关于健全药品价格形成机制的若干意见》(下称《意见》)，强调充分发挥市场在资源配置中的决定性作用，更好发挥政府作用，有效服务药品领域全国统一大市场建设，健全以市场为主导的药品价格形成机制，支持医药产业高质量发展。　　广州市万隆证券咨询顾问有限公司首席研究员吴启宏表示，《意见》是关于中国药品定价的重要顶层设计，为医药行业提供了长期稳定的价格预期，直接提振了市场情绪，打开医药相关板块的估值修复空间。　　就当天A股主要指数的表现而言，截至收盘，上证指数报4027点，涨幅为0.01%；深证成指报14498点，跌幅为0.97%；创业板指报3514点，跌1.22%。沪深两市成交总额约24152亿元人民币，较上一个交易日放量约315亿元人民币。(完)（文章来源：中国新闻网）...

==================================================

**🏭 热点行业板块分析**

| 板块 | 持续性 | 新闻数 | 要点 |
|------|--------|--------|------|
| 电力板块 | 🔥 高 | 15 | 4月15日，A股三大指数集体走低，电力板块震荡飘红。截至14:44，绿电ETF华夏（562550）涨... |
| 新能源板块 | 🔥 高 | 15 | 4月14日，新能源板块反弹，新能源车ETF国泰（159806）大涨2.
3%，固态电池产业化与需求端... |
| 半导体板块 | 🔥 高 | 15 | 全球半导体景气度或将持续上行南方基金郑晓曦紧抓半导体板块成长机遇近日半导体板块表现亮眼。同花顺数据显... |

==================================================

**💡 热点概念板块分析**

| 概念 | 持续性 | 新闻数 | 要点 |
|------|--------|--------|------|
| 商业航天概念 | 🔥 高 | 15 | 今日，A股市场震荡回落。从板块来看，商业航天概念表现活跃。国证航天指数（CN5082.CNI）盘中涨... |
| 人工智能概念 | 🔥 高 | 15 | A股今日震荡为主，午后回落明显。算力租赁概念反复走强，午后服务器再制造龙头协创数据大涨超11%，宏景... |
| 数字经济概念 | 🔥 高 | 15 | 4月15日，港股今日大幅反弹，恒生科技指数涨超2%，互联网概念股涨幅居前，美图公司涨超5%，迈富时、... |

==================================================

**🎯 投资建议**

**重点关注 (高持续性):**

- **电力板块**: 🔥 高 - 新闻15条

- **新能源板块**: 🔥 高 - 新闻15条

- **半导体板块**: 🔥 高 - 新闻15条

**适度关注 (中持续性):**

- 暂无中持续性板块

==================================================

⚠️ 以上分析仅供参考，不构成投资建议。

📅 报告生成时间: 2026-04-15 21:00

============================================================
API使用统计: 21/100 (21.0%)
============================================================

[2026-04-15 21:00:32] [INFO] [t01.task.market_review] ✅ 市场复盘分析完成
[2026-04-15 21:00:32] [INFO] [t01.task.market_review] 任务结束，状态: 成功
