[2026-04-30 16:10:07] [INFO] [t01.task.track] ============================================================
[2026-04-30 16:10:07] [INFO] [t01.task.track] T01 结果跟踪任务启动 - 2026-04-30 16:10:07.569641
[2026-04-30 16:10:07] [INFO] [t01.task.track] ============================================================
[2026-04-30 16:10:07] [INFO] [t01.task.track] 跟踪日期: T日=20260428, T+1日=20260429, T+2日=20260430
[2026-04-30 16:10:07] [WARNING] [t01.task.track] ⚠️ 未找到 20260429 的 T+1 竞价选股结果，尝试获取 T 日选股结果
[2026-04-30 16:10:07] [INFO] [t01.task.track] 📊 获取到 3 只 T 日推荐股票:
[2026-04-30 16:10:07] [INFO] [t01.task.track] 📊 获取到 3 只 T+1 竞价推荐股票:
[2026-04-30 16:10:07] [INFO] [t01.task.track]    1. 002210.SZ 飞马国际 - 得分: 69.95
[2026-04-30 16:10:07] [INFO] [t01.task.track]    2. 301261.SZ 恒工精密 - 得分: 63.74
[2026-04-30 16:10:07] [INFO] [t01.task.track]    3. 001266.SZ 宏英智能 - 得分: 62.5
[2026-04-30 16:10:07] [INFO] [t01.task.track] 📦 获取到 45 只股票的 T日因子评分
[2026-04-30 16:10:07] [INFO] [t01.task.track] 📦 获取到 10 只股票的 T+1 竞价数据
[2026-04-30 16:10:07] [INFO] [t01.task.track] 
📈 开始跟踪 002210.SZ 飞马国际 (买入价: 3.29)
[2026-04-30 16:10:07] [INFO] [t01.task.track]    ❌ 20260430: 未涨停 (-9.97%)，卖出全部仓位
[2026-04-30 16:10:07] [INFO] [t01.task.track]    💹 卖出 100.0% 仓位，价格 2.98，盈利 -0.31 元/股
[2026-04-30 16:10:07] [INFO] [t01.task.track]    📊 20260430: 收盘价 2.98，剩余仓位 0.0%，累计盈利 -0.31 元/股
[2026-04-30 16:10:07] [INFO] [t01.task.track] 
🏁 002210.SZ 飞马国际 跟踪结束:
[2026-04-30 16:10:07] [INFO] [t01.task.track]    总盈利: -0.31 元/股 (-9.42%)
[2026-04-30 16:10:07] [INFO] [t01.task.track]    最终仓位: 0.0%
[2026-04-30 16:10:07] [INFO] [t01.task.track]    盈利状态: ❌ 亏损
[2026-04-30 16:10:07] [INFO] [t01.task.track] 
📈 开始跟踪 301261.SZ 恒工精密 (买入价: 94.11)
[2026-04-30 16:10:07] [INFO] [t01.task.track]    ❌ 20260430: 未涨停 (-1.75%)，卖出全部仓位
[2026-04-30 16:10:07] [INFO] [t01.task.track]    💹 卖出 100.0% 仓位，价格 86.78，盈利 -7.33 元/股
[2026-04-30 16:10:07] [INFO] [t01.task.track]    📊 20260430: 收盘价 86.78，剩余仓位 0.0%，累计盈利 -7.33 元/股
[2026-04-30 16:10:07] [INFO] [t01.task.track] 
🏁 301261.SZ 恒工精密 跟踪结束:
[2026-04-30 16:10:07] [INFO] [t01.task.track]    总盈利: -7.33 元/股 (-7.79%)
[2026-04-30 16:10:07] [INFO] [t01.task.track]    最终仓位: 0.0%
[2026-04-30 16:10:07] [INFO] [t01.task.track]    盈利状态: ❌ 亏损
[2026-04-30 16:10:07] [INFO] [t01.task.track] 
📈 开始跟踪 001266.SZ 宏英智能 (买入价: 39.52)
[2026-04-30 16:10:07] [INFO] [t01.task.track]    ❌ 20260430: 未涨停 (2.71%)，卖出全部仓位
[2026-04-30 16:10:07] [INFO] [t01.task.track]    💹 卖出 100.0% 仓位，价格 40.59，盈利 1.07 元/股
[2026-04-30 16:10:07] [INFO] [t01.task.track]    📊 20260430: 收盘价 40.59，剩余仓位 0.0%，累计盈利 1.07 元/股
[2026-04-30 16:10:07] [INFO] [t01.task.track] 
🏁 001266.SZ 宏英智能 跟踪结束:
[2026-04-30 16:10:07] [INFO] [t01.task.track]    总盈利: 1.07 元/股 (2.71%)
[2026-04-30 16:10:07] [INFO] [t01.task.track]    最终仓位: 0.0%
[2026-04-30 16:10:07] [INFO] [t01.task.track]    盈利状态: ✅ 盈利
[2026-04-30 16:10:07] [INFO] [t01.task.track] 
============================================================
[2026-04-30 16:10:07] [INFO] [t01.task.track] 📊 多日跟踪收益统计 (T+1日=20260429)
[2026-04-30 16:10:07] [INFO] [t01.task.track] ============================================================
[2026-04-30 16:10:07] [INFO] [t01.task.track]    跟踪股票数: 3
[2026-04-30 16:10:07] [INFO] [t01.task.track]    盈利 (总收益为正): 1 只
[2026-04-30 16:10:07] [INFO] [t01.task.track]    胜率: 33.3%
[2026-04-30 16:10:07] [INFO] [t01.task.track]    平均收益率: -4.83%
[2026-04-30 16:10:07] [INFO] [t01.task.track] ============================================================
[2026-04-30 16:10:07] [INFO] [t01.task.track] ✅ 跟踪结果已保存到数据库
[2026-04-30 16:10:08] [INFO] [t01.task.track] ✅ 机器学习训练数据已保存 (3 条)
[2026-04-30 16:10:08] [INFO] [t01.task.track] ✅ 跟踪消息已发送
[2026-04-30 16:10:08] [INFO] [t01.task.track] ✅ 结果跟踪完成
[2026-04-30 16:10:09] [INFO] [t01.task.track] ============================================================
[2026-04-30 16:10:09] [INFO] [t01.task.track] Cron任务启动: track
[2026-04-30 16:10:09] [INFO] [t01.task.track] ============================================================
[2026-04-30 16:10:09] [INFO] [t01.task.track] 🚀 执行结果跟踪任务...
[2026-04-30 16:10:10] [INFO] [t01.task.track] ============================================================
[2026-04-30 16:10:10] [INFO] [t01.task.track] T01 结果跟踪任务启动 - 2026-04-30 16:10:10.467518
[2026-04-30 16:10:10] [INFO] [t01.task.track] ============================================================
[2026-04-30 16:10:10] [INFO] [t01.task.track] 跟踪日期: T日=20260428, T+1日=20260429, T+2日=20260430
[2026-04-30 16:10:10] [WARNING] [t01.task.track] ⚠️ 未找到 20260429 的 T+1 竞价选股结果，尝试获取 T 日选股结果
[2026-04-30 16:10:10] [INFO] [t01.task.track] 📊 获取到 2 只 T 日推荐股票:
[2026-04-30 16:10:10] [INFO] [t01.task.track] 📊 获取到 2 只 T+1 竞价推荐股票:
[2026-04-30 16:10:10] [INFO] [t01.task.track]    1. 002210.SZ 飞马国际 - 得分: 69.95
[2026-04-30 16:10:10] [INFO] [t01.task.track]    2. 301261.SZ 恒工精密 - 得分: 63.74
[2026-04-30 16:10:10] [INFO] [t01.task.track] 📦 获取到 45 只股票的 T日因子评分
[2026-04-30 16:10:10] [INFO] [t01.task.track] 📦 获取到 10 只股票的 T+1 竞价数据
[2026-04-30 16:10:10] [INFO] [t01.task.track] 
📈 开始跟踪 002210.SZ 飞马国际 (买入价: 3.29)
[2026-04-30 16:10:10] [INFO] [t01.task.track]    ❌ 20260430: 未涨停 (-9.97%)，卖出全部仓位
[2026-04-30 16:10:10] [INFO] [t01.task.track]    💹 卖出 100.0% 仓位，价格 2.98，盈利 -0.31 元/股
[2026-04-30 16:10:10] [INFO] [t01.task.track]    📊 20260430: 收盘价 2.98，剩余仓位 0.0%，累计盈利 -0.31 元/股
[2026-04-30 16:10:10] [INFO] [t01.task.track] 
🏁 002210.SZ 飞马国际 跟踪结束:
[2026-04-30 16:10:10] [INFO] [t01.task.track]    总盈利: -0.31 元/股 (-9.42%)
[2026-04-30 16:10:10] [INFO] [t01.task.track]    最终仓位: 0.0%
[2026-04-30 16:10:10] [INFO] [t01.task.track]    盈利状态: ❌ 亏损
[2026-04-30 16:10:10] [INFO] [t01.task.track] 
📈 开始跟踪 301261.SZ 恒工精密 (买入价: 94.11)
[2026-04-30 16:10:10] [INFO] [t01.task.track]    ❌ 20260430: 未涨停 (-1.75%)，卖出全部仓位
[2026-04-30 16:10:10] [INFO] [t01.task.track]    💹 卖出 100.0% 仓位，价格 86.78，盈利 -7.33 元/股
[2026-04-30 16:10:10] [INFO] [t01.task.track]    📊 20260430: 收盘价 86.78，剩余仓位 0.0%，累计盈利 -7.33 元/股
[2026-04-30 16:10:10] [INFO] [t01.task.track] 
🏁 301261.SZ 恒工精密 跟踪结束:
[2026-04-30 16:10:10] [INFO] [t01.task.track]    总盈利: -7.33 元/股 (-7.79%)
[2026-04-30 16:10:10] [INFO] [t01.task.track]    最终仓位: 0.0%
[2026-04-30 16:10:10] [INFO] [t01.task.track]    盈利状态: ❌ 亏损
[2026-04-30 16:10:10] [INFO] [t01.task.track] 
============================================================
[2026-04-30 16:10:10] [INFO] [t01.task.track] 📊 多日跟踪收益统计 (T+1日=20260429)
[2026-04-30 16:10:10] [INFO] [t01.task.track] ============================================================
[2026-04-30 16:10:10] [INFO] [t01.task.track]    跟踪股票数: 2
[2026-04-30 16:10:10] [INFO] [t01.task.track]    盈利 (总收益为正): 0 只
[2026-04-30 16:10:10] [INFO] [t01.task.track]    胜率: 0.0%
[2026-04-30 16:10:10] [INFO] [t01.task.track]    平均收益率: -8.61%
[2026-04-30 16:10:10] [INFO] [t01.task.track] ============================================================
[2026-04-30 16:10:10] [INFO] [t01.task.track] ✅ 跟踪结果已保存到数据库
[2026-04-30 16:10:10] [INFO] [t01.task.track] ✅ 机器学习训练数据已保存 (2 条)
[2026-04-30 16:10:11] [INFO] [t01.task.track] ✅ 跟踪消息已发送
[2026-04-30 16:10:11] [INFO] [t01.task.track] ✅ 结果跟踪完成
[2026-04-30 16:10:11] [INFO] [t01.task.track] ============================================================
检查依赖状态...
============================================================
  ✅ pandas
  ✅ numpy
  ✅ sqlalchemy
  ✅ psycopg2
  ✅ schedule
  ✅ tushare
  ✅ sklearn
  ✅ scipy
  ✅ deap
  ✅ requests
  ✅ coze_coding_dev_sdk
  ✅ pptx
  ✅ langchain_core

已安装: 13/13
✅ 日志系统初始化完成
   日志目录: /workspace/projects/workspace/logs/t01
[数据库配置] 使用 SQLITE 数据库
[数据库配置] 连接地址: sqlite:////workspace/projects/workspace/tasks/T01-a-stock-leader-selection/database/t01_stocks.db
✅ 监控模块初始化完成
============================================================
T01 结果跟踪任务启动 - 2026-04-30 16:10:10.467518
============================================================
跟踪日期: T日=20260428, T+1日=20260429, T+2日=20260430
⚠️ 未找到 20260429 的 T+1 竞价选股结果，尝试获取 T 日选股结果
📊 获取到 2 只 T 日推荐股票:
📊 获取到 2 只 T+1 竞价推荐股票:
   1. 002210.SZ 飞马国际 - 得分: 69.95
   2. 301261.SZ 恒工精密 - 得分: 63.74
📦 获取到 45 只股票的 T日因子评分
📦 获取到 10 只股票的 T+1 竞价数据

📈 开始跟踪 002210.SZ 飞马国际 (买入价: 3.29)
   ❌ 20260430: 未涨停 (-9.97%)，卖出全部仓位
   💹 卖出 100.0% 仓位，价格 2.98，盈利 -0.31 元/股
   📊 20260430: 收盘价 2.98，剩余仓位 0.0%，累计盈利 -0.31 元/股

🏁 002210.SZ 飞马国际 跟踪结束:
   总盈利: -0.31 元/股 (-9.42%)
   最终仓位: 0.0%
   盈利状态: ❌ 亏损

📈 开始跟踪 301261.SZ 恒工精密 (买入价: 94.11)
   ❌ 20260430: 未涨停 (-1.75%)，卖出全部仓位
   💹 卖出 100.0% 仓位，价格 86.78，盈利 -7.33 元/股
   📊 20260430: 收盘价 86.78，剩余仓位 0.0%，累计盈利 -7.33 元/股

🏁 301261.SZ 恒工精密 跟踪结束:
   总盈利: -7.33 元/股 (-7.79%)
   最终仓位: 0.0%
   盈利状态: ❌ 亏损

============================================================
📊 多日跟踪收益统计 (T+1日=20260429)
============================================================
   跟踪股票数: 2
   盈利 (总收益为正): 0 只
   胜率: 0.0%
   平均收益率: -8.61%
============================================================
✅ 跟踪结果已保存到数据库
✅ 机器学习训练数据已保存 (2 条)
✅ 飞书API消息发送成功 (interactive)
✅ 跟踪消息已发送
✅ 结果跟踪完成

[2026-04-30 16:10:11] [INFO] [t01.task.track] ✅ 结果跟踪任务完成
[2026-04-30 16:10:11] [INFO] [t01.task.track] 任务结束，状态: 成功
