[2026-03-18 15:45:32] [INFO] [t01.task.track] ============================================================
[2026-03-18 15:45:32] [INFO] [t01.task.track] Cron任务启动: track
[2026-03-18 15:45:32] [INFO] [t01.task.track] ============================================================
[2026-03-18 15:45:32] [INFO] [t01.task.track] 🚀 执行结果跟踪任务...
[2026-03-18 15:45:34] [INFO] [t01.task.track] ============================================================
[2026-03-18 15:45:34] [INFO] [t01.task.track] T01 结果跟踪任务启动 - 2026-03-18 15:45:34.910281
[2026-03-18 15:45:34] [INFO] [t01.task.track] ============================================================
[2026-03-18 15:45:34] [INFO] [t01.task.track] 跟踪日期: T日=20260316, T+1日=20260317, T+2日=20260318
[2026-03-18 15:45:34] [INFO] [t01.task.track] 📊 获取到 3 只 T+1 竞价推荐股票:
[2026-03-18 15:45:34] [INFO] [t01.task.track]    1. 002086.SZ 东方海洋 - 得分: 75.43
[2026-03-18 15:45:34] [INFO] [t01.task.track]    2. 002426.SZ 胜利精密 - 得分: 69.57
[2026-03-18 15:45:34] [INFO] [t01.task.track]    3. 002995.SZ 天地在线 - 得分: 67.62
[2026-03-18 15:45:35] [WARNING] [t01.task.track]    ⚠️ 002086.SZ 无 T+2 日行情数据
[2026-03-18 15:45:35] [WARNING] [t01.task.track]    ⚠️ 002426.SZ 无 T+2 日行情数据
[2026-03-18 15:45:35] [WARNING] [t01.task.track]    ⚠️ 002995.SZ 无 T+2 日行情数据
[2026-03-18 15:45:35] [ERROR] [t01.task.track] ❌ 无有效跟踪数据
[2026-03-18 15:45:35] [INFO] [t01.task.track] ============================================================
检查依赖状态...
============================================================
  ✅ pandas
  ✅ numpy
  ✅ sqlalchemy
  ✅ schedule
  ✅ tushare
  ✅ sklearn
  ✅ scipy
  ✅ deap
  ✅ requests

已安装: 9/9
✅ 日志系统初始化完成
   日志目录: /workspace/projects/workspace/logs/t01
✅ 监控模块初始化完成
============================================================
T01 结果跟踪任务启动 - 2026-03-18 15:45:34.910281
============================================================
跟踪日期: T日=20260316, T+1日=20260317, T+2日=20260318
📊 获取到 3 只 T+1 竞价推荐股票:
   1. 002086.SZ 东方海洋 - 得分: 75.43
   2. 002426.SZ 胜利精密 - 得分: 69.57
   3. 002995.SZ 天地在线 - 得分: 67.62
   ⚠️ 002086.SZ 无 T+2 日行情数据
   ⚠️ 002426.SZ 无 T+2 日行情数据
   ⚠️ 002995.SZ 无 T+2 日行情数据
❌ 无有效跟踪数据

[2026-03-18 15:45:35] [INFO] [t01.task.track] ✅ 结果跟踪任务完成
[2026-03-18 15:45:35] [INFO] [t01.task.track] 任务结束，状态: 成功
