[2026-04-27 16:10:53] [INFO] [t01.task.track] ============================================================
[2026-04-27 16:10:53] [INFO] [t01.task.track] T01 结果跟踪任务启动 - 2026-04-27 16:10:53.324252
[2026-04-27 16:10:53] [INFO] [t01.task.track] ============================================================
[2026-04-27 16:10:53] [INFO] [t01.task.track] 跟踪日期: T日=20260423, T+1日=20260424, T+2日=20260427
[2026-04-27 16:10:53] [WARNING] [t01.task.track] ⚠️ 未找到 20260424 的 T+1 竞价选股结果，尝试获取 T 日选股结果
[2026-04-27 16:10:53] [INFO] [t01.task.track] 📊 获取到 3 只 T 日推荐股票:
[2026-04-27 16:10:53] [INFO] [t01.task.track] 📊 获取到 3 只 T+1 竞价推荐股票:
[2026-04-27 16:10:53] [INFO] [t01.task.track]    1. 601016.SH 节能风电 - 得分: 75.94
[2026-04-27 16:10:53] [INFO] [t01.task.track]    2. 601778.SH 晶科科技 - 得分: 69.34
[2026-04-27 16:10:53] [INFO] [t01.task.track]    3. 001234.SZ 泰慕士 - 得分: 64.48
[2026-04-27 16:10:53] [INFO] [t01.task.track] 📦 获取到 39 只股票的 T日因子评分
[2026-04-27 16:10:53] [INFO] [t01.task.track] 📦 获取到 10 只股票的 T+1 竞价数据
[2026-04-27 16:10:53] [INFO] [t01.task.track] 
📈 开始跟踪 601016.SH 节能风电 (买入价: 4.53)
[2026-04-27 16:10:53] [INFO] [t01.task.track]    ❌ 20260427: 未涨停 (3.79%)，卖出全部仓位
[2026-04-27 16:10:53] [INFO] [t01.task.track]    💹 卖出 100.0% 仓位，价格 4.65，盈利 0.12 元/股
[2026-04-27 16:10:53] [INFO] [t01.task.track]    📊 20260427: 收盘价 4.65，剩余仓位 0.0%，累计盈利 0.12 元/股
[2026-04-27 16:10:53] [INFO] [t01.task.track] 
🏁 601016.SH 节能风电 跟踪结束:
[2026-04-27 16:10:53] [INFO] [t01.task.track]    总盈利: 0.12 元/股 (2.65%)
[2026-04-27 16:10:53] [INFO] [t01.task.track]    最终仓位: 0.0%
[2026-04-27 16:10:53] [INFO] [t01.task.track]    盈利状态: ✅ 盈利
[2026-04-27 16:10:53] [INFO] [t01.task.track] 
📈 开始跟踪 601778.SH 晶科科技 (买入价: 7.54)
[2026-04-27 16:10:53] [INFO] [t01.task.track]    ❌ 20260427: 未涨停 (-3.21%)，卖出全部仓位
[2026-04-27 16:10:53] [INFO] [t01.task.track]    💹 卖出 100.0% 仓位，价格 6.94，盈利 -0.60 元/股
[2026-04-27 16:10:53] [INFO] [t01.task.track]    📊 20260427: 收盘价 6.94，剩余仓位 0.0%，累计盈利 -0.60 元/股
[2026-04-27 16:10:53] [INFO] [t01.task.track] 
🏁 601778.SH 晶科科技 跟踪结束:
[2026-04-27 16:10:53] [INFO] [t01.task.track]    总盈利: -0.60 元/股 (-7.96%)
[2026-04-27 16:10:53] [INFO] [t01.task.track]    最终仓位: 0.0%
[2026-04-27 16:10:53] [INFO] [t01.task.track]    盈利状态: ❌ 亏损
[2026-04-27 16:10:53] [INFO] [t01.task.track] 
📈 开始跟踪 001234.SZ 泰慕士 (买入价: 32.22)
[2026-04-27 16:10:53] [INFO] [t01.task.track]    ❌ 20260427: 未涨停 (-10.01%)，卖出全部仓位
[2026-04-27 16:10:53] [INFO] [t01.task.track]    💹 卖出 100.0% 仓位，价格 32.19，盈利 -0.03 元/股
[2026-04-27 16:10:53] [INFO] [t01.task.track]    📊 20260427: 收盘价 32.19，剩余仓位 0.0%，累计盈利 -0.03 元/股
[2026-04-27 16:10:53] [INFO] [t01.task.track] 
🏁 001234.SZ 泰慕士 跟踪结束:
[2026-04-27 16:10:53] [INFO] [t01.task.track]    总盈利: -0.03 元/股 (-0.09%)
[2026-04-27 16:10:53] [INFO] [t01.task.track]    最终仓位: 0.0%
[2026-04-27 16:10:53] [INFO] [t01.task.track]    盈利状态: ❌ 亏损
[2026-04-27 16:10:53] [INFO] [t01.task.track] 
============================================================
[2026-04-27 16:10:53] [INFO] [t01.task.track] 📊 多日跟踪收益统计 (T+1日=20260424)
[2026-04-27 16:10:53] [INFO] [t01.task.track] ============================================================
[2026-04-27 16:10:53] [INFO] [t01.task.track]    跟踪股票数: 3
[2026-04-27 16:10:53] [INFO] [t01.task.track]    盈利 (总收益为正): 1 只
[2026-04-27 16:10:53] [INFO] [t01.task.track]    胜率: 33.3%
[2026-04-27 16:10:53] [INFO] [t01.task.track]    平均收益率: -1.80%
[2026-04-27 16:10:53] [INFO] [t01.task.track] ============================================================
[2026-04-27 16:10:53] [INFO] [t01.task.track] ✅ 跟踪结果已保存到数据库
[2026-04-27 16:10:53] [INFO] [t01.task.track] ✅ 机器学习训练数据已保存 (3 条)
[2026-04-27 16:10:54] [INFO] [t01.task.track] ✅ 跟踪消息已发送
[2026-04-27 16:10:54] [INFO] [t01.task.track] ✅ 结果跟踪完成
