[2026-04-22 21:00:18] [INFO] [t01.task.market_review] ============================================================
[2026-04-22 21:00:18] [INFO] [t01.task.market_review] Cron任务启动: market-review
[2026-04-22 21:00:18] [INFO] [t01.task.market_review] ============================================================
[2026-04-22 21:00:18] [INFO] [t01.task.market_review] 🚀 执行市场复盘分析...
[2026-04-22 21:00:37] [INFO] [t01.task.market_review] ============================================================
T01 每日市场复盘分析
时间: 2026-04-22 21:00:18
============================================================
✅ 已加载 2 个 API Key: mkt_sE...7J8s, mkt_m3...Lmy8

🔍 步骤1: 获取大盘整体点评...
   ✅ 获取成功: A股收评：超2900只个股飘红，三大指数集体收涨，沪指重回4100点-中新网...

🔍 步骤2: 分析热点行业板块...
   分析 电力板块...
   ✅ 电力板块: 🔥 高 (新闻15条)
   分析 新能源板块...
   ✅ 新能源板块: 🔥 高 (新闻15条)
   分析 半导体板块...
   ✅ 半导体板块: 🔥 高 (新闻15条)

🔍 步骤3: 分析热点概念板块...
   分析 商业航天概念...
   ✅ 商业航天概念: 🔥 高 (新闻15条)
   分析 人工智能概念...
   ✅ 人工智能概念: 🔥 高 (新闻15条)
   分析 数字经济概念...
   ✅ 数字经济概念: 🔥 高 (新闻15条)

🔍 步骤4: 生成投资建议...

✅ 报告已保存: /workspace/projects/workspace/logs/market_review_20260422.md
✅ 飞书API消息发送成功 (interactive)
✅ 飞书卡片消息已发送

============================================================
分析报告:
============================================================
📊 **T01每日市场复盘报告**

分析时间: 2026-04-22 21:00

==================================================

**📈 大盘综述**
A股收评：超2900只个股飘红，三大指数集体收涨，沪指重回4100点分享到：A股收评：超2900只个股飘红，三大指数集体收涨，沪指重回4100点2026年04月22日15:10来源：中新经纬微信公众号分享到： A股收评：超2900只个股飘红，三大指数集体收涨，沪指重回4100点；通信设备板块大涨，海运领跌 22日，A股三大指数低开高走，集体收涨，沪指站稳4100点。Wind数据显示，截至收盘，上证指数涨0.52%，深证成指涨1.30%，创业板指涨1.73%。全市成交额2.58万亿，超2900只个股上涨。板块方面，CPO概念股再度爆发，多股创新高；算力硬件产业链多点开花，存储器、服务器、PCB、高速铜连接、算电协同方向纷纷走强。海运、光伏、短剧游戏题材走弱。(中新经纬微信公众号)【编辑:惠小东】本网站所刊载信息，不代表中新社和中新网观点。...

==================================================

**🏭 热点行业板块分析**

| 板块 | 持续性 | 新闻数 | 要点 |
|------|--------|--------|------|
| 电力板块 | 🔥 高 | 15 | 加快新型能源体系建设提振，4月21日，绿电板块向好，绿色电力ETF国泰（159669）涨超1.
3%... |
| 新能源板块 | 🔥 高 | 15 | 光伏方面：
4月21日，国新办举行新闻发布会，工信部副部长张云明表示，下一步将按照“单点提质、创新强... |
| 半导体板块 | 🔥 高 | 15 | 截至收盘，科创200指数上涨0.6%，科创100指数上涨0.1%，科创综指下跌0.8%，科创成长指数... |

==================================================

**💡 热点概念板块分析**

| 概念 | 持续性 | 新闻数 | 要点 |
|------|--------|--------|------|
| 商业航天概念 | 🔥 高 | 15 | 商业航天概念近期表现亮眼。4月21日早盘，商业航天概念延续强势，中衡设计2连板，顺灏股份T字涨停，四... |
| 人工智能概念 | 🔥 高 | 15 | 人工智能概念股走强，协创数据涨超19%，新易盛涨超7%，天孚通信、网宿科技涨超6%。 
 受盘面影响... |
| 数字经济概念 | 🔥 高 | 15 | 数字经济ETF鹏扬紧密跟踪中证数字经济主题指数，选取涉及数字经济基础设施和数字化程度较高的应用领域上... |

==================================================

**🎯 投资建议**

**重点关注 (高持续性):**

- **电力板块**: 🔥 高 - 新闻15条

- **新能源板块**: 🔥 高 - 新闻15条

- **半导体板块**: 🔥 高 - 新闻15条

**适度关注 (中持续性):**

- 暂无中持续性板块

==================================================

⚠️ 以上分析仅供参考，不构成投资建议。

📅 报告生成时间: 2026-04-22 21:00

============================================================
API使用统计: 19/100 (19.0%)
============================================================

[2026-04-22 21:00:37] [INFO] [t01.task.market_review] ✅ 市场复盘分析完成
[2026-04-22 21:00:37] [INFO] [t01.task.market_review] 任务结束，状态: 成功
