[2026-05-01 21:00:34] [INFO] [t01.task.market_review] ============================================================
[2026-05-01 21:00:34] [INFO] [t01.task.market_review] Cron任务启动: market-review
[2026-05-01 21:00:34] [INFO] [t01.task.market_review] ============================================================
[2026-05-01 21:00:34] [INFO] [t01.task.market_review] 🚀 执行市场复盘分析...
[2026-05-01 21:00:52] [INFO] [t01.task.market_review] ============================================================
T01 每日市场复盘分析
时间: 2026-05-01 21:00:34
============================================================
✅ 已加载 2 个 API Key: mkt_sE...7J8s, mkt_m3...Lmy8

🔍 步骤1: 获取大盘整体点评...
   ✅ 获取成功: 点掌传媒投资者教育基地...

🔍 步骤2: 分析热点行业板块...
   分析 电力板块...
   ✅ 电力板块: 🔥 高 (新闻15条)
   分析 新能源板块...
   ✅ 新能源板块: 🔥 高 (新闻15条)
   分析 半导体板块...
   ✅ 半导体板块: 🔥 高 (新闻15条)

🔍 步骤3: 分析热点概念板块...
   分析 商业航天概念...
   ✅ 商业航天概念: 🔥 高 (新闻15条)
   分析 人工智能概念...
   ✅ 人工智能概念: 🔥 高 (新闻15条)
   分析 数字经济概念...
   ✅ 数字经济概念: 🔥 高 (新闻15条)

🔍 步骤4: 生成投资建议...

✅ 报告已保存: /workspace/projects/workspace/logs/market_review_20260501.md
✅ 飞书API消息发送成功 (interactive)
✅ 飞书卡片消息已发送

============================================================
分析报告:
============================================================
📊 **T01每日市场复盘报告**

分析时间: 2026-05-01 21:00

==================================================

**📈 大盘综述**
三、芯片股悄悄走强下午芯片整体走得不错，整个板块有6家涨停，韦尔股份、富瀚微等都走得不错。在前天、昨天策略里面也提到芯片近期资金都在合力参与，里面有私募、基金、游资等都参与，最有潜力成为热点。终端芯片代表着高端制造业，今年催化剂不少，人工智能这条线也会带动芯片股起来，360代表的科技股也会带动芯片，加上本身资金介入程度深控盘就很好。投资者要时刻注意观察热点板块的凸现，分析主力数据，进而从中寻找白马股。热点板块的凸现，三线股的飘红，往往是受联动效应与比价效应的影响。三线股上场，会推动二线股上升;二线股上升，又给一线股腾出了上升空间。从高到低形成正循环，也可以从低到高递推，形成行情的主升波段。一线高价绩优股的上升，可以带动人气，形成一波主升业绩波浪;低价三线股的“补涨效应”，也能使冷门股产生轮炒效应。“联动效应越大，行情越大。”
在深沪两市众多的板块中，有层出不穷的题材，有眼花缭乱的个股，要找到哪一只股票是真正的“黑马”，确实不容易。
警示：文中如涉及个股仅作案例之用，不构成任何推荐！据此操作，风险自负！...

==================================================

**🏭 热点行业板块分析**

| 板块 | 持续性 | 新闻数 | 要点 |
|------|--------|--------|------|
| 电力板块 | 🔥 高 | 15 | 东方证券认为，1）国内电力设备企业出海订单高景气，看好出海超级大周期。2）国内海外共振，坚定看好电力... |
| 新能源板块 | 🔥 高 | 15 | 4月29日，A股三大指数集体上涨，新能源板块表现强势，涨幅居前，新能源车ETF华夏（515030）盘... |
| 半导体板块 | 🔥 高 | 15 | 盘面上看，旅游餐饮、电力、钢铁、煤炭等板块走低，半导体板块强势拉升，地产、汽车、券商、保险、医药等板... |

==================================================

**💡 热点概念板块分析**

| 概念 | 持续性 | 新闻数 | 要点 |
|------|--------|--------|------|
| 商业航天概念 | 🔥 高 | 15 | 截至4月30日14时27分，商业航天概念持续走强，航天ETF（159267）上涨1.
95%，连续8... |
| 人工智能概念 | 🔥 高 | 15 | 今日，科创板块强势反弹，GPU概念股爆发，科创人工智能ETF国泰（589110）大涨5%领涨市场。东... |
| 数字经济概念 | 🔥 高 | 15 | 数字经济ETF鹏扬紧密跟踪中证数字经济主题指数，选取涉及数字经济基础设施和数字化程度较高的应用领域上... |

==================================================

**🎯 投资建议**

**重点关注 (高持续性):**

- **电力板块**: 🔥 高 - 新闻15条

- **新能源板块**: 🔥 高 - 新闻15条

- **半导体板块**: 🔥 高 - 新闻15条

**适度关注 (中持续性):**

- 暂无中持续性板块

==================================================

⚠️ 以上分析仅供参考，不构成投资建议。

📅 报告生成时间: 2026-05-01 21:00

============================================================
API使用统计: 6/100 (6.0%)
============================================================

[2026-05-01 21:00:52] [INFO] [t01.task.market_review] ✅ 市场复盘分析完成
[2026-05-01 21:00:52] [INFO] [t01.task.market_review] 任务结束，状态: 成功
