[2026-04-16 16:10:14] [INFO] [t01.task.track] ============================================================
[2026-04-16 16:10:14] [INFO] [t01.task.track] T01 结果跟踪任务启动 - 2026-04-16 16:10:14.926929
[2026-04-16 16:10:14] [INFO] [t01.task.track] ============================================================
[2026-04-16 16:10:14] [INFO] [t01.task.track] 跟踪日期: T日=20260414, T+1日=20260415, T+2日=20260416
[2026-04-16 16:10:15] [WARNING] [t01.task.track] ⚠️ 未找到 20260415 的 T+1 竞价选股结果，尝试获取 T 日选股结果
[2026-04-16 16:10:15] [INFO] [t01.task.track] 📊 获取到 3 只 T 日推荐股票:
[2026-04-16 16:10:15] [INFO] [t01.task.track] 📊 获取到 3 只 T+1 竞价推荐股票:
[2026-04-16 16:10:15] [INFO] [t01.task.track]    1. 002297.SZ 博云新材 - 得分: 72.87
[2026-04-16 16:10:15] [INFO] [t01.task.track]    2. 603026.SH 石大胜华 - 得分: 70.88
[2026-04-16 16:10:15] [INFO] [t01.task.track]    3. 300857.SZ 协创数据 - 得分: 67.00999999999999
[2026-04-16 16:10:15] [INFO] [t01.task.track] 📦 获取到 38 只股票的 T日因子评分
[2026-04-16 16:10:15] [INFO] [t01.task.track] 📦 获取到 0 只股票的 T+1 竞价数据
[2026-04-16 16:10:15] [INFO] [t01.task.track]    ✅ 002297.SZ 博云新材: 买入14.62 -> 卖出16.08, 收益9.99%
[2026-04-16 16:10:15] [INFO] [t01.task.track]    ❌ 603026.SH 石大胜华: 买入104.00 -> 卖出97.47, 收益-6.28%
[2026-04-16 16:10:15] [INFO] [t01.task.track]    ✅ 300857.SZ 协创数据: 买入280.19 -> 卖出319.00, 收益13.85%
[2026-04-16 16:10:15] [INFO] [t01.task.track] ============================================================
[2026-04-16 16:10:15] [INFO] [t01.task.track] 📈 T+1 竞价选股 T+2 收益统计 (20260415)
[2026-04-16 16:10:15] [INFO] [t01.task.track] ============================================================
[2026-04-16 16:10:15] [INFO] [t01.task.track]    跟踪股票数: 3
[2026-04-16 16:10:15] [INFO] [t01.task.track]    盈利 (>3%): 2 只
[2026-04-16 16:10:15] [INFO] [t01.task.track]    胜率: 66.7%
[2026-04-16 16:10:15] [INFO] [t01.task.track]    平均收益率: 5.85%
[2026-04-16 16:10:15] [INFO] [t01.task.track] ============================================================
[2026-04-16 16:10:15] [INFO] [t01.task.track] ✅ 跟踪结果已保存到数据库
[2026-04-16 16:10:16] [INFO] [t01.task.track] ✅ 跟踪消息已发送
[2026-04-16 16:10:16] [INFO] [t01.task.track] ✅ 结果跟踪完成
