[2026-04-28 09:49:49] [INFO] [t01.task.track] ============================================================
[2026-04-28 09:49:49] [INFO] [t01.task.track] T01 结果跟踪任务启动 - 2026-04-28 09:49:49.792403
[2026-04-28 09:49:49] [INFO] [t01.task.track] ============================================================
[2026-04-28 09:49:49] [INFO] [t01.task.track] 跟踪日期: T日=20260424, T+1日=20260427, T+2日=20260428
[2026-04-28 09:49:49] [WARNING] [t01.task.track] ⚠️ 未找到 20260427 的 T+1 竞价选股结果，尝试获取 T 日选股结果
[2026-04-28 09:49:49] [INFO] [t01.task.track] 📊 获取到 2 只 T 日推荐股票:
[2026-04-28 09:49:49] [INFO] [t01.task.track] 📊 获取到 2 只 T+1 竞价推荐股票:
[2026-04-28 09:49:49] [INFO] [t01.task.track]    1. 002240.SZ 盛新锂能 - 得分: 75.2
[2026-04-28 09:49:49] [INFO] [t01.task.track]    2. 001234.SZ 泰慕士 - 得分: 63.92
[2026-04-28 09:49:49] [INFO] [t01.task.track] 📦 获取到 46 只股票的 T日因子评分
[2026-04-28 09:49:49] [INFO] [t01.task.track] 📦 获取到 10 只股票的 T+1 竞价数据
[2026-04-28 09:49:49] [INFO] [t01.task.track] 
📈 开始跟踪 002240.SZ 盛新锂能 (买入价: 51.01)
[2026-04-28 09:49:49] [WARNING] [t01.task.track]    ⚠️ 20260428: 无行情数据，结束跟踪
[2026-04-28 09:49:49] [INFO] [t01.task.track] 
🏁 002240.SZ 盛新锂能 跟踪结束:
[2026-04-28 09:49:49] [INFO] [t01.task.track]    总盈利: 0.00 元/股 (0.00%)
[2026-04-28 09:49:49] [INFO] [t01.task.track]    最终仓位: 100.0%
[2026-04-28 09:49:49] [INFO] [t01.task.track]    盈利状态: ❌ 亏损
[2026-04-28 09:49:50] [INFO] [t01.task.track] 
📈 开始跟踪 001234.SZ 泰慕士 (买入价: 36.85)
[2026-04-28 09:49:50] [WARNING] [t01.task.track]    ⚠️ 20260428: 无行情数据，结束跟踪
[2026-04-28 09:49:50] [INFO] [t01.task.track] 
🏁 001234.SZ 泰慕士 跟踪结束:
[2026-04-28 09:49:50] [INFO] [t01.task.track]    总盈利: 0.00 元/股 (0.00%)
[2026-04-28 09:49:50] [INFO] [t01.task.track]    最终仓位: 100.0%
[2026-04-28 09:49:50] [INFO] [t01.task.track]    盈利状态: ❌ 亏损
[2026-04-28 09:49:50] [INFO] [t01.task.track] 
============================================================
[2026-04-28 09:49:50] [INFO] [t01.task.track] 📊 多日跟踪收益统计 (T+1日=20260427)
[2026-04-28 09:49:50] [INFO] [t01.task.track] ============================================================
[2026-04-28 09:49:50] [INFO] [t01.task.track]    跟踪股票数: 2
[2026-04-28 09:49:50] [INFO] [t01.task.track]    盈利 (总收益为正): 0 只
[2026-04-28 09:49:50] [INFO] [t01.task.track]    胜率: 0.0%
[2026-04-28 09:49:50] [INFO] [t01.task.track]    平均收益率: 0.00%
[2026-04-28 09:49:50] [INFO] [t01.task.track] ============================================================
[2026-04-28 09:49:50] [INFO] [t01.task.track] ✅ 跟踪结果已保存到数据库
[2026-04-28 09:49:50] [INFO] [t01.task.track] ✅ 机器学习训练数据已保存 (2 条)
[2026-04-28 09:49:50] [INFO] [t01.task.track] ✅ 跟踪消息已发送
[2026-04-28 09:49:50] [INFO] [t01.task.track] ✅ 结果跟踪完成
[2026-04-28 09:49:57] [INFO] [t01.task.track] ============================================================
[2026-04-28 09:49:57] [INFO] [t01.task.track] T01 结果跟踪任务启动 - 2026-04-28 09:49:57.092773
[2026-04-28 09:49:57] [INFO] [t01.task.track] ============================================================
[2026-04-28 09:49:57] [INFO] [t01.task.track] 跟踪日期: T日=20260424, T+1日=20260427, T+2日=20260428
[2026-04-28 09:49:57] [WARNING] [t01.task.track] ⚠️ 未找到 20260427 的 T+1 竞价选股结果，尝试获取 T 日选股结果
[2026-04-28 09:49:57] [INFO] [t01.task.track] 📊 获取到 2 只 T 日推荐股票:
[2026-04-28 09:49:57] [INFO] [t01.task.track] 📊 获取到 2 只 T+1 竞价推荐股票:
[2026-04-28 09:49:57] [INFO] [t01.task.track]    1. 002240.SZ 盛新锂能 - 得分: 75.2
[2026-04-28 09:49:57] [INFO] [t01.task.track]    2. 001234.SZ 泰慕士 - 得分: 63.92
[2026-04-28 09:49:57] [INFO] [t01.task.track] 📦 获取到 46 只股票的 T日因子评分
[2026-04-28 09:49:57] [INFO] [t01.task.track] 📦 获取到 10 只股票的 T+1 竞价数据
[2026-04-28 09:49:57] [INFO] [t01.task.track] 
📈 开始跟踪 002240.SZ 盛新锂能 (买入价: 51.01)
[2026-04-28 09:49:57] [WARNING] [t01.task.track]    ⚠️ 20260428: 无行情数据，结束跟踪
[2026-04-28 09:49:57] [INFO] [t01.task.track] 
🏁 002240.SZ 盛新锂能 跟踪结束:
[2026-04-28 09:49:57] [INFO] [t01.task.track]    总盈利: 0.00 元/股 (0.00%)
[2026-04-28 09:49:57] [INFO] [t01.task.track]    最终仓位: 100.0%
[2026-04-28 09:49:57] [INFO] [t01.task.track]    盈利状态: ❌ 亏损
[2026-04-28 09:49:57] [INFO] [t01.task.track] 
📈 开始跟踪 001234.SZ 泰慕士 (买入价: 36.85)
[2026-04-28 09:49:57] [WARNING] [t01.task.track]    ⚠️ 20260428: 无行情数据，结束跟踪
[2026-04-28 09:49:57] [INFO] [t01.task.track] 
🏁 001234.SZ 泰慕士 跟踪结束:
[2026-04-28 09:49:57] [INFO] [t01.task.track]    总盈利: 0.00 元/股 (0.00%)
[2026-04-28 09:49:57] [INFO] [t01.task.track]    最终仓位: 100.0%
[2026-04-28 09:49:57] [INFO] [t01.task.track]    盈利状态: ❌ 亏损
[2026-04-28 09:49:57] [INFO] [t01.task.track] 
============================================================
[2026-04-28 09:49:57] [INFO] [t01.task.track] 📊 多日跟踪收益统计 (T+1日=20260427)
[2026-04-28 09:49:57] [INFO] [t01.task.track] ============================================================
[2026-04-28 09:49:57] [INFO] [t01.task.track]    跟踪股票数: 2
[2026-04-28 09:49:57] [INFO] [t01.task.track]    盈利 (总收益为正): 0 只
[2026-04-28 09:49:57] [INFO] [t01.task.track]    胜率: 0.0%
[2026-04-28 09:49:57] [INFO] [t01.task.track]    平均收益率: 0.00%
[2026-04-28 09:49:57] [INFO] [t01.task.track] ============================================================
[2026-04-28 09:49:57] [INFO] [t01.task.track] ✅ 跟踪结果已保存到数据库
[2026-04-28 09:49:57] [INFO] [t01.task.track] ✅ 机器学习训练数据已保存 (2 条)
[2026-04-28 09:49:58] [INFO] [t01.task.track] ✅ 跟踪消息已发送
[2026-04-28 09:49:58] [INFO] [t01.task.track] ✅ 结果跟踪完成
[2026-04-28 16:10:07] [INFO] [t01.task.track] ============================================================
[2026-04-28 16:10:07] [INFO] [t01.task.track] T01 结果跟踪任务启动 - 2026-04-28 16:10:07.138855
[2026-04-28 16:10:07] [INFO] [t01.task.track] ============================================================
[2026-04-28 16:10:07] [INFO] [t01.task.track] 跟踪日期: T日=20260424, T+1日=20260427, T+2日=20260428
[2026-04-28 16:10:07] [WARNING] [t01.task.track] ⚠️ 未找到 20260427 的 T+1 竞价选股结果，尝试获取 T 日选股结果
[2026-04-28 16:10:07] [INFO] [t01.task.track] 📊 获取到 3 只 T 日推荐股票:
[2026-04-28 16:10:07] [INFO] [t01.task.track] 📊 获取到 3 只 T+1 竞价推荐股票:
[2026-04-28 16:10:07] [INFO] [t01.task.track]    1. 002240.SZ 盛新锂能 - 得分: 75.2
[2026-04-28 16:10:07] [INFO] [t01.task.track]    2. 001234.SZ 泰慕士 - 得分: 63.92
[2026-04-28 16:10:07] [INFO] [t01.task.track]    3. 603272.SH 联翔股份 - 得分: 61.87
[2026-04-28 16:10:07] [INFO] [t01.task.track] 📦 获取到 46 只股票的 T日因子评分
[2026-04-28 16:10:07] [INFO] [t01.task.track] 📦 获取到 10 只股票的 T+1 竞价数据
[2026-04-28 16:10:07] [INFO] [t01.task.track] 
📈 开始跟踪 002240.SZ 盛新锂能 (买入价: 51.01)
[2026-04-28 16:10:07] [INFO] [t01.task.track]    ❌ 20260428: 未涨停 (-2.09%)，卖出全部仓位
[2026-04-28 16:10:07] [INFO] [t01.task.track]    💹 卖出 100.0% 仓位，价格 51.03，盈利 0.02 元/股
[2026-04-28 16:10:07] [INFO] [t01.task.track]    📊 20260428: 收盘价 51.03，剩余仓位 0.0%，累计盈利 0.02 元/股
[2026-04-28 16:10:07] [INFO] [t01.task.track] 
🏁 002240.SZ 盛新锂能 跟踪结束:
[2026-04-28 16:10:07] [INFO] [t01.task.track]    总盈利: 0.02 元/股 (0.04%)
[2026-04-28 16:10:07] [INFO] [t01.task.track]    最终仓位: 0.0%
[2026-04-28 16:10:07] [INFO] [t01.task.track]    盈利状态: ✅ 盈利
[2026-04-28 16:10:07] [INFO] [t01.task.track] 
📈 开始跟踪 001234.SZ 泰慕士 (买入价: 36.85)
[2026-04-28 16:10:07] [INFO] [t01.task.track]    ❌ 20260428: 未涨停 (-3.48%)，卖出全部仓位
[2026-04-28 16:10:07] [INFO] [t01.task.track]    💹 卖出 100.0% 仓位，价格 31.07，盈利 -5.78 元/股
[2026-04-28 16:10:07] [INFO] [t01.task.track]    📊 20260428: 收盘价 31.07，剩余仓位 0.0%，累计盈利 -5.78 元/股
[2026-04-28 16:10:07] [INFO] [t01.task.track] 
🏁 001234.SZ 泰慕士 跟踪结束:
[2026-04-28 16:10:07] [INFO] [t01.task.track]    总盈利: -5.78 元/股 (-15.69%)
[2026-04-28 16:10:07] [INFO] [t01.task.track]    最终仓位: 0.0%
[2026-04-28 16:10:07] [INFO] [t01.task.track]    盈利状态: ❌ 亏损
[2026-04-28 16:10:07] [INFO] [t01.task.track] 
📈 开始跟踪 603272.SH 联翔股份 (买入价: 24.30)
[2026-04-28 16:10:07] [WARNING] [t01.task.track]    ⚠️ 20260428: 无行情数据，结束跟踪
[2026-04-28 16:10:07] [INFO] [t01.task.track] 
🏁 603272.SH 联翔股份 跟踪结束:
[2026-04-28 16:10:07] [INFO] [t01.task.track]    总盈利: 0.00 元/股 (0.00%)
[2026-04-28 16:10:07] [INFO] [t01.task.track]    最终仓位: 100.0%
[2026-04-28 16:10:07] [INFO] [t01.task.track]    盈利状态: ❌ 亏损
[2026-04-28 16:10:07] [INFO] [t01.task.track] 
============================================================
[2026-04-28 16:10:07] [INFO] [t01.task.track] 📊 多日跟踪收益统计 (T+1日=20260427)
[2026-04-28 16:10:07] [INFO] [t01.task.track] ============================================================
[2026-04-28 16:10:07] [INFO] [t01.task.track]    跟踪股票数: 3
[2026-04-28 16:10:07] [INFO] [t01.task.track]    盈利 (总收益为正): 1 只
[2026-04-28 16:10:07] [INFO] [t01.task.track]    胜率: 33.3%
[2026-04-28 16:10:07] [INFO] [t01.task.track]    平均收益率: -5.22%
[2026-04-28 16:10:07] [INFO] [t01.task.track] ============================================================
[2026-04-28 16:10:07] [INFO] [t01.task.track] ✅ 跟踪结果已保存到数据库
[2026-04-28 16:10:07] [INFO] [t01.task.track] ✅ 机器学习训练数据已保存 (3 条)
[2026-04-28 16:10:08] [INFO] [t01.task.track] ✅ 跟踪消息已发送
[2026-04-28 16:10:08] [INFO] [t01.task.track] ✅ 结果跟踪完成
