[2026-04-14 16:10:15] [INFO] [t01.task.track] ============================================================
[2026-04-14 16:10:15] [INFO] [t01.task.track] Cron任务启动: track
[2026-04-14 16:10:15] [INFO] [t01.task.track] ============================================================
[2026-04-14 16:10:15] [INFO] [t01.task.track] 🚀 执行结果跟踪任务...
[2026-04-14 16:10:17] [INFO] [t01.task.track] ============================================================
[2026-04-14 16:10:17] [INFO] [t01.task.track] T01 结果跟踪任务启动 - 2026-04-14 16:10:17.291119
[2026-04-14 16:10:17] [INFO] [t01.task.track] ============================================================
[2026-04-14 16:10:17] [INFO] [t01.task.track] 跟踪日期: T日=20260410, T+1日=20260413, T+2日=20260414
[2026-04-14 16:10:17] [INFO] [t01.task.track] 📊 获取到 2 只 T+1 竞价推荐股票:
[2026-04-14 16:10:17] [INFO] [t01.task.track]    1. 002364.SZ 中恒电气 - 得分: 75.11
[2026-04-14 16:10:17] [INFO] [t01.task.track]    2. 002328.SZ 新朋股份 - 得分: 67.81
[2026-04-14 16:10:17] [INFO] [t01.task.track] 📦 获取到 42 只股票的 T日因子评分
[2026-04-14 16:10:17] [INFO] [t01.task.track] 📦 获取到 10 只股票的 T+1 竞价数据
[2026-04-14 16:10:17] [INFO] [t01.task.track]    ✅ 002364.SZ 中恒电气: 买入38.63 -> 卖出42.49, 收益9.99%
[2026-04-14 16:10:17] [INFO] [t01.task.track]    ✅ 002328.SZ 新朋股份: 买入11.12 -> 卖出11.84, 收益6.47%
[2026-04-14 16:10:17] [INFO] [t01.task.track] ============================================================
[2026-04-14 16:10:17] [INFO] [t01.task.track] 📈 T+1 竞价选股 T+2 收益统计 (20260413)
[2026-04-14 16:10:17] [INFO] [t01.task.track] ============================================================
[2026-04-14 16:10:17] [INFO] [t01.task.track]    跟踪股票数: 2
[2026-04-14 16:10:17] [INFO] [t01.task.track]    盈利 (>3%): 2 只
[2026-04-14 16:10:17] [INFO] [t01.task.track]    胜率: 100.0%
[2026-04-14 16:10:17] [INFO] [t01.task.track]    平均收益率: 8.23%
[2026-04-14 16:10:17] [INFO] [t01.task.track] ============================================================
[2026-04-14 16:10:17] [INFO] [t01.task.track] ✅ 跟踪结果已保存到数据库
[2026-04-14 16:10:17] [INFO] [t01.task.track] ✅ 机器学习训练数据已保存 (2 条)
[2026-04-14 16:10:18] [INFO] [t01.task.track] ✅ 跟踪消息已发送
[2026-04-14 16:10:18] [INFO] [t01.task.track] ✅ 结果跟踪完成
[2026-04-14 16:10:18] [INFO] [t01.task.track] ============================================================
检查依赖状态...
============================================================
  ✅ pandas
  ✅ numpy
  ✅ sqlalchemy
  ✅ psycopg2
  ✅ schedule
  ✅ tushare
  ✅ sklearn
  ✅ scipy
  ✅ deap
  ✅ requests
  ✅ coze_coding_dev_sdk
  ✅ pptx
  ✅ langchain_core

已安装: 13/13
✅ 日志系统初始化完成
   日志目录: /workspace/projects/workspace/logs/t01
[数据库配置] 使用 SQLITE 数据库
[数据库配置] 连接地址: sqlite:////workspace/projects/workspace/tasks/T01-a-stock-leader-selection/database/t01_stocks.db
✅ 监控模块初始化完成
============================================================
T01 结果跟踪任务启动 - 2026-04-14 16:10:17.291119
============================================================
跟踪日期: T日=20260410, T+1日=20260413, T+2日=20260414
📊 获取到 2 只 T+1 竞价推荐股票:
   1. 002364.SZ 中恒电气 - 得分: 75.11
   2. 002328.SZ 新朋股份 - 得分: 67.81
📦 获取到 42 只股票的 T日因子评分
📦 获取到 10 只股票的 T+1 竞价数据
   ✅ 002364.SZ 中恒电气: 买入38.63 -> 卖出42.49, 收益9.99%
   ✅ 002328.SZ 新朋股份: 买入11.12 -> 卖出11.84, 收益6.47%
============================================================
📈 T+1 竞价选股 T+2 收益统计 (20260413)
============================================================
   跟踪股票数: 2
   盈利 (>3%): 2 只
   胜率: 100.0%
   平均收益率: 8.23%
============================================================
✅ 跟踪结果已保存到数据库
✅ 机器学习训练数据已保存 (2 条)
✅ 飞书API消息发送成功 (interactive)
✅ 跟踪消息已发送
✅ 结果跟踪完成

[2026-04-14 16:10:18] [INFO] [t01.task.track] ✅ 结果跟踪任务完成
[2026-04-14 16:10:18] [INFO] [t01.task.track] 任务结束，状态: 成功
