[2026-03-19 15:45:27] [INFO] [t01.task.track] ============================================================
[2026-03-19 15:45:27] [INFO] [t01.task.track] Cron任务启动: track
[2026-03-19 15:45:27] [INFO] [t01.task.track] ============================================================
[2026-03-19 15:45:27] [INFO] [t01.task.track] 🚀 执行结果跟踪任务...
[2026-03-19 15:45:29] [INFO] [t01.task.track] ============================================================
[2026-03-19 15:45:29] [INFO] [t01.task.track] T01 结果跟踪任务启动 - 2026-03-19 15:45:29.486602
[2026-03-19 15:45:29] [INFO] [t01.task.track] ============================================================
[2026-03-19 15:45:29] [INFO] [t01.task.track] 跟踪日期: T日=20260317, T+1日=20260318, T+2日=20260319
[2026-03-19 15:45:29] [INFO] [t01.task.track] 📊 获取到 3 只 T+1 竞价推荐股票:
[2026-03-19 15:45:29] [INFO] [t01.task.track]    1. 000020.SZ 深华发Ａ - 得分: 70.41
[2026-03-19 15:45:29] [INFO] [t01.task.track]    2. 600396.SH 华电辽能 - 得分: 67.45
[2026-03-19 15:45:29] [INFO] [t01.task.track]    3. 600307.SH 酒钢宏兴 - 得分: 66.42
[2026-03-19 15:45:29] [INFO] [t01.task.track] 📦 获取到 0 只股票的 T日因子评分
[2026-03-19 15:45:29] [INFO] [t01.task.track] 📦 获取到 0 只股票的 T+1 竞价数据
[2026-03-19 15:45:29] [WARNING] [t01.task.track]    ⚠️ 000020.SZ 无 T+2 日行情数据
[2026-03-19 15:45:29] [WARNING] [t01.task.track]    ⚠️ 600396.SH 无 T+2 日行情数据
[2026-03-19 15:45:29] [WARNING] [t01.task.track]    ⚠️ 600307.SH 无 T+2 日行情数据
[2026-03-19 15:45:29] [ERROR] [t01.task.track] ❌ 无有效跟踪数据
[2026-03-19 15:45:30] [INFO] [t01.task.track] ============================================================
检查依赖状态...
============================================================
  ✅ pandas
  ✅ numpy
  ✅ sqlalchemy
  ✅ schedule
  ✅ tushare
  ✅ sklearn
  ✅ scipy
  ✅ deap
  ✅ requests

已安装: 9/9
✅ 日志系统初始化完成
   日志目录: /workspace/projects/workspace/logs/t01
✅ 监控模块初始化完成
============================================================
T01 结果跟踪任务启动 - 2026-03-19 15:45:29.486602
============================================================
跟踪日期: T日=20260317, T+1日=20260318, T+2日=20260319
📊 获取到 3 只 T+1 竞价推荐股票:
   1. 000020.SZ 深华发Ａ - 得分: 70.41
   2. 600396.SH 华电辽能 - 得分: 67.45
   3. 600307.SH 酒钢宏兴 - 得分: 66.42
📦 获取到 0 只股票的 T日因子评分
📦 获取到 0 只股票的 T+1 竞价数据
   ⚠️ 000020.SZ 无 T+2 日行情数据
   ⚠️ 600396.SH 无 T+2 日行情数据
   ⚠️ 600307.SH 无 T+2 日行情数据
❌ 无有效跟踪数据

[2026-03-19 15:45:30] [INFO] [t01.task.track] ✅ 结果跟踪任务完成
[2026-03-19 15:45:30] [INFO] [t01.task.track] 任务结束，状态: 成功
[2026-03-19 16:08:33] [INFO] [t01.task.track] ============================================================
[2026-03-19 16:08:33] [INFO] [t01.task.track] T01 结果跟踪任务启动 - 2026-03-19 16:08:33.862331
[2026-03-19 16:08:33] [INFO] [t01.task.track] ============================================================
[2026-03-19 16:08:33] [INFO] [t01.task.track] 跟踪日期: T日=20260317, T+1日=20260318, T+2日=20260319
[2026-03-19 16:08:33] [INFO] [t01.task.track] 📊 获取到 3 只 T+1 竞价推荐股票:
[2026-03-19 16:08:33] [INFO] [t01.task.track]    1. 000020.SZ 深华发Ａ - 得分: 70.41
[2026-03-19 16:08:33] [INFO] [t01.task.track]    2. 600396.SH 华电辽能 - 得分: 67.45
[2026-03-19 16:08:33] [INFO] [t01.task.track]    3. 600307.SH 酒钢宏兴 - 得分: 66.42
[2026-03-19 16:08:33] [INFO] [t01.task.track] 📦 获取到 0 只股票的 T日因子评分
[2026-03-19 16:08:33] [INFO] [t01.task.track] 📦 获取到 0 只股票的 T+1 竞价数据
[2026-03-19 16:08:34] [INFO] [t01.task.track]    ✅ 000020.SZ 深华发Ａ: 买入19.28 -> 卖出21.21, 收益10.01%
[2026-03-19 16:08:34] [INFO] [t01.task.track]    ✅ 600396.SH 华电辽能: 买入5.17 -> 卖出5.69, 收益10.06%
[2026-03-19 16:08:34] [INFO] [t01.task.track]    ❌ 600307.SH 酒钢宏兴: 买入2.27 -> 卖出2.28, 收益0.44%
[2026-03-19 16:08:34] [INFO] [t01.task.track] ============================================================
[2026-03-19 16:08:34] [INFO] [t01.task.track] 📈 T+1 竞价选股 T+2 收益统计 (20260318)
[2026-03-19 16:08:34] [INFO] [t01.task.track] ============================================================
[2026-03-19 16:08:34] [INFO] [t01.task.track]    跟踪股票数: 3
[2026-03-19 16:08:34] [INFO] [t01.task.track]    盈利 (>3%): 2 只
[2026-03-19 16:08:34] [INFO] [t01.task.track]    胜率: 66.7%
[2026-03-19 16:08:34] [INFO] [t01.task.track]    平均收益率: 6.84%
[2026-03-19 16:08:34] [INFO] [t01.task.track] ============================================================
[2026-03-19 16:08:34] [INFO] [t01.task.track] ✅ 跟踪结果已保存到数据库
[2026-03-19 16:08:34] [INFO] [t01.task.track] ✅ 跟踪消息已发送
[2026-03-19 16:08:34] [INFO] [t01.task.track] ✅ 结果跟踪完成
[2026-03-19 16:08:56] [INFO] [t01.task.track] ============================================================
[2026-03-19 16:08:56] [INFO] [t01.task.track] T01 结果跟踪任务启动 - 2026-03-19 16:08:56.855902
[2026-03-19 16:08:56] [INFO] [t01.task.track] ============================================================
[2026-03-19 16:08:56] [INFO] [t01.task.track] 跟踪日期: T日=20260317, T+1日=20260318, T+2日=20260319
[2026-03-19 16:08:56] [INFO] [t01.task.track] 📊 获取到 3 只 T+1 竞价推荐股票:
[2026-03-19 16:08:56] [INFO] [t01.task.track]    1. 000020.SZ 深华发Ａ - 得分: 70.41
[2026-03-19 16:08:56] [INFO] [t01.task.track]    2. 600396.SH 华电辽能 - 得分: 67.45
[2026-03-19 16:08:56] [INFO] [t01.task.track]    3. 600307.SH 酒钢宏兴 - 得分: 66.42
[2026-03-19 16:08:56] [INFO] [t01.task.track] 📦 获取到 0 只股票的 T日因子评分
[2026-03-19 16:08:56] [INFO] [t01.task.track] 📦 获取到 0 只股票的 T+1 竞价数据
[2026-03-19 16:08:57] [INFO] [t01.task.track]    ✅ 000020.SZ 深华发Ａ: 买入19.28 -> 卖出21.21, 收益10.01%
[2026-03-19 16:08:57] [INFO] [t01.task.track]    ✅ 600396.SH 华电辽能: 买入5.17 -> 卖出5.69, 收益10.06%
[2026-03-19 16:08:57] [INFO] [t01.task.track]    ❌ 600307.SH 酒钢宏兴: 买入2.27 -> 卖出2.28, 收益0.44%
[2026-03-19 16:08:57] [INFO] [t01.task.track] ============================================================
[2026-03-19 16:08:57] [INFO] [t01.task.track] 📈 T+1 竞价选股 T+2 收益统计 (20260318)
[2026-03-19 16:08:57] [INFO] [t01.task.track] ============================================================
[2026-03-19 16:08:57] [INFO] [t01.task.track]    跟踪股票数: 3
[2026-03-19 16:08:57] [INFO] [t01.task.track]    盈利 (>3%): 2 只
[2026-03-19 16:08:57] [INFO] [t01.task.track]    胜率: 66.7%
[2026-03-19 16:08:57] [INFO] [t01.task.track]    平均收益率: 6.84%
[2026-03-19 16:08:57] [INFO] [t01.task.track] ============================================================
[2026-03-19 16:08:57] [INFO] [t01.task.track] ✅ 跟踪结果已保存到数据库
[2026-03-19 16:08:57] [INFO] [t01.task.track] ✅ 跟踪消息已发送
[2026-03-19 16:08:57] [INFO] [t01.task.track] ✅ 结果跟踪完成
