[2026-04-17 16:10:36] [INFO] [t01.task.track] ============================================================
[2026-04-17 16:10:36] [INFO] [t01.task.track] T01 结果跟踪任务启动 - 2026-04-17 16:10:36.562816
[2026-04-17 16:10:36] [INFO] [t01.task.track] ============================================================
[2026-04-17 16:10:36] [INFO] [t01.task.track] 跟踪日期: T日=20260415, T+1日=20260416, T+2日=20260417
[2026-04-17 16:10:36] [INFO] [t01.task.track] 📊 获取到 3 只 T+1 竞价推荐股票:
[2026-04-17 16:10:36] [INFO] [t01.task.track]    1. 002297.SZ 博云新材 - 得分: 74.35
[2026-04-17 16:10:36] [INFO] [t01.task.track]    2. 600664.SH 哈药股份 - 得分: 70.16
[2026-04-17 16:10:36] [INFO] [t01.task.track]    3. 603815.SH 交建股份 - 得分: 70.08
[2026-04-17 16:10:36] [INFO] [t01.task.track] 📦 获取到 43 只股票的 T日因子评分
[2026-04-17 16:10:36] [INFO] [t01.task.track] 📦 获取到 10 只股票的 T+1 竞价数据
[2026-04-17 16:10:36] [INFO] [t01.task.track]    ✅ 002297.SZ 博云新材: 买入16.08 -> 卖出17.69, 收益10.01%
[2026-04-17 16:10:36] [INFO] [t01.task.track]    ❌ 600664.SH 哈药股份: 买入4.70 -> 卖出4.17, 收益-11.28%
[2026-04-17 16:10:36] [INFO] [t01.task.track]    ❌ 603815.SH 交建股份: 买入6.51 -> 卖出6.57, 收益0.92%
[2026-04-17 16:10:36] [INFO] [t01.task.track] ============================================================
[2026-04-17 16:10:36] [INFO] [t01.task.track] 📈 T+1 竞价选股 T+2 收益统计 (20260416)
[2026-04-17 16:10:36] [INFO] [t01.task.track] ============================================================
[2026-04-17 16:10:36] [INFO] [t01.task.track]    跟踪股票数: 3
[2026-04-17 16:10:36] [INFO] [t01.task.track]    盈利 (>3%): 1 只
[2026-04-17 16:10:36] [INFO] [t01.task.track]    胜率: 33.3%
[2026-04-17 16:10:36] [INFO] [t01.task.track]    平均收益率: -0.12%
[2026-04-17 16:10:36] [INFO] [t01.task.track] ============================================================
[2026-04-17 16:10:36] [INFO] [t01.task.track] ✅ 跟踪结果已保存到数据库
[2026-04-17 16:10:36] [INFO] [t01.task.track] ✅ 机器学习训练数据已保存 (3 条)
[2026-04-17 16:10:37] [INFO] [t01.task.track] ✅ 跟踪消息已发送
[2026-04-17 16:10:37] [INFO] [t01.task.track] ✅ 结果跟踪完成
