[2026-04-06 19:30:11] [INFO] [t01.task.unifuncs] ============================================================
[2026-04-06 19:30:11] [INFO] [t01.task.unifuncs] Cron任务启动: unifuncs
[2026-04-06 19:30:11] [INFO] [t01.task.unifuncs] ============================================================
[2026-04-06 19:30:11] [INFO] [t01.task.unifuncs] 🚀 执行 Unifuncs 预热任务...
[2026-04-06 19:30:13] [INFO] [t01.task.unifuncs] 开始 Unifuncs 预热...
[2026-04-06 19:30:14] [INFO] [t01.task.unifuncs] ✅ Unifuncs 预热完成
[2026-04-06 19:30:14] [INFO] [t01.task.unifuncs] ============================================================
检查依赖状态...
============================================================
  ✅ pandas
  ✅ numpy
  ✅ sqlalchemy
  ✅ psycopg2
  ✅ schedule
  ✅ tushare
  ✅ sklearn
  ✅ scipy
  ✅ deap
  ✅ requests
  ✅ coze_coding_dev_sdk
  ✅ pptx
  ✅ langchain_core

已安装: 13/13
✅ 日志系统初始化完成
   日志目录: /workspace/projects/workspace/logs/t01
[数据库配置] 使用 POSTGRES 数据库
[数据库配置] 连接地址: postgresql://postgres:***@cp-hip-veil-65383f4d.pg5.aidap-global.cn-beijing.volces.com:5432/postgres?sslmode=require
✅ 监控模块初始化完成
开始 Unifuncs 预热...

============================================================
Unifuncs 预热任务 - 2026-04-06 19:30:14.036553
============================================================

   ❌ 2026-04-06 不是交易日，跳过 Unifuncs 预热
✅ Unifuncs 预热完成

[2026-04-06 19:30:14] [INFO] [t01.task.unifuncs] ✅ Unifuncs预热任务完成
[2026-04-06 19:30:14] [INFO] [t01.task.unifuncs] 任务结束，状态: 成功
